Archive member included to satisfy reference by file (symbol)

D:/Program Files/STMicroelectronics/STM32CubeCLT_1.16.0/GNU-tools-for-STM32/bin/../lib/gcc/arm-none-eabi/12.3.1/../../../../arm-none-eabi/lib/thumb/v7e-m+fp/hard\libm.a(libm_a-wf_log.o)
                              CMakeFiles/UF4DigitalPower.elf.dir/USER/Src/user_power.c.obj (logf)
D:/Program Files/STMicroelectronics/STM32CubeCLT_1.16.0/GNU-tools-for-STM32/bin/../lib/gcc/arm-none-eabi/12.3.1/../../../../arm-none-eabi/lib/thumb/v7e-m+fp/hard\libm.a(libm_a-sf_nan.o)
                              D:/Program Files/STMicroelectronics/STM32CubeCLT_1.16.0/GNU-tools-for-STM32/bin/../lib/gcc/arm-none-eabi/12.3.1/../../../../arm-none-eabi/lib/thumb/v7e-m+fp/hard\libm.a(libm_a-wf_log.o) (nanf)
D:/Program Files/STMicroelectronics/STM32CubeCLT_1.16.0/GNU-tools-for-STM32/bin/../lib/gcc/arm-none-eabi/12.3.1/../../../../arm-none-eabi/lib/thumb/v7e-m+fp/hard\libm.a(libm_a-ef_log.o)
                              D:/Program Files/STMicroelectronics/STM32CubeCLT_1.16.0/GNU-tools-for-STM32/bin/../lib/gcc/arm-none-eabi/12.3.1/../../../../arm-none-eabi/lib/thumb/v7e-m+fp/hard\libm.a(libm_a-wf_log.o) (__ieee754_logf)
D:/Program Files/STMicroelectronics/STM32CubeCLT_1.16.0/GNU-tools-for-STM32/bin/../lib/gcc/arm-none-eabi/12.3.1/thumb/v7e-m+fp/hard\libgcc.a(_aeabi_uldivmod.o)
                              CMakeFiles/UF4DigitalPower.elf.dir/Drivers/STM32G4xx_HAL_Driver/Src/stm32g4xx_hal_uart.c.obj (__aeabi_uldivmod)
D:/Program Files/STMicroelectronics/STM32CubeCLT_1.16.0/GNU-tools-for-STM32/bin/../lib/gcc/arm-none-eabi/12.3.1/thumb/v7e-m+fp/hard\libgcc.a(_udivmoddi4.o)
                              D:/Program Files/STMicroelectronics/STM32CubeCLT_1.16.0/GNU-tools-for-STM32/bin/../lib/gcc/arm-none-eabi/12.3.1/thumb/v7e-m+fp/hard\libgcc.a(_aeabi_uldivmod.o) (__udivmoddi4)
D:/Program Files/STMicroelectronics/STM32CubeCLT_1.16.0/GNU-tools-for-STM32/bin/../lib/gcc/arm-none-eabi/12.3.1/thumb/v7e-m+fp/hard\libgcc.a(_dvmd_tls.o)
                              D:/Program Files/STMicroelectronics/STM32CubeCLT_1.16.0/GNU-tools-for-STM32/bin/../lib/gcc/arm-none-eabi/12.3.1/thumb/v7e-m+fp/hard\libgcc.a(_aeabi_uldivmod.o) (__aeabi_ldiv0)
D:/Program Files/STMicroelectronics/STM32CubeCLT_1.16.0/GNU-tools-for-STM32/bin/../lib/gcc/arm-none-eabi/12.3.1/../../../../arm-none-eabi/lib/thumb/v7e-m+fp/hard\libg.a(libc_a-exit.o)
                              D:/Program Files/STMicroelectronics/STM32CubeCLT_1.16.0/GNU-tools-for-STM32/bin/../lib/gcc/arm-none-eabi/12.3.1/../../../../arm-none-eabi/lib/thumb/v7e-m+fp/hard/crt0.o (exit)
D:/Program Files/STMicroelectronics/STM32CubeCLT_1.16.0/GNU-tools-for-STM32/bin/../lib/gcc/arm-none-eabi/12.3.1/../../../../arm-none-eabi/lib/thumb/v7e-m+fp/hard\libg.a(libc_a-findfp.o)
                              D:/Program Files/STMicroelectronics/STM32CubeCLT_1.16.0/GNU-tools-for-STM32/bin/../lib/gcc/arm-none-eabi/12.3.1/../../../../arm-none-eabi/lib/thumb/v7e-m+fp/hard\libg.a(libc_a-exit.o) (__stdio_exit_handler)
D:/Program Files/STMicroelectronics/STM32CubeCLT_1.16.0/GNU-tools-for-STM32/bin/../lib/gcc/arm-none-eabi/12.3.1/../../../../arm-none-eabi/lib/thumb/v7e-m+fp/hard\libg.a(libc_a-fwalk.o)
                              D:/Program Files/STMicroelectronics/STM32CubeCLT_1.16.0/GNU-tools-for-STM32/bin/../lib/gcc/arm-none-eabi/12.3.1/../../../../arm-none-eabi/lib/thumb/v7e-m+fp/hard\libg.a(libc_a-findfp.o) (_fwalk_sglue)
D:/Program Files/STMicroelectronics/STM32CubeCLT_1.16.0/GNU-tools-for-STM32/bin/../lib/gcc/arm-none-eabi/12.3.1/../../../../arm-none-eabi/lib/thumb/v7e-m+fp/hard\libg.a(libc_a-stdio.o)
                              D:/Program Files/STMicroelectronics/STM32CubeCLT_1.16.0/GNU-tools-for-STM32/bin/../lib/gcc/arm-none-eabi/12.3.1/../../../../arm-none-eabi/lib/thumb/v7e-m+fp/hard\libg.a(libc_a-findfp.o) (__sread)
D:/Program Files/STMicroelectronics/STM32CubeCLT_1.16.0/GNU-tools-for-STM32/bin/../lib/gcc/arm-none-eabi/12.3.1/../../../../arm-none-eabi/lib/thumb/v7e-m+fp/hard\libg.a(libc_a-memmove.o)
                              CMakeFiles/UF4DigitalPower.elf.dir/TVLCOM_V2_FULL/Src/tvlcom.c.obj (memmove)
D:/Program Files/STMicroelectronics/STM32CubeCLT_1.16.0/GNU-tools-for-STM32/bin/../lib/gcc/arm-none-eabi/12.3.1/../../../../arm-none-eabi/lib/thumb/v7e-m+fp/hard\libg.a(libc_a-memset.o)
                              D:/Program Files/STMicroelectronics/STM32CubeCLT_1.16.0/GNU-tools-for-STM32/bin/../lib/gcc/arm-none-eabi/12.3.1/../../../../arm-none-eabi/lib/thumb/v7e-m+fp/hard/crt0.o (memset)
D:/Program Files/STMicroelectronics/STM32CubeCLT_1.16.0/GNU-tools-for-STM32/bin/../lib/gcc/arm-none-eabi/12.3.1/../../../../arm-none-eabi/lib/thumb/v7e-m+fp/hard\libg.a(libc_a-closer.o)
                              D:/Program Files/STMicroelectronics/STM32CubeCLT_1.16.0/GNU-tools-for-STM32/bin/../lib/gcc/arm-none-eabi/12.3.1/../../../../arm-none-eabi/lib/thumb/v7e-m+fp/hard\libg.a(libc_a-stdio.o) (_close_r)
[...]
Memory Configuration

Name             Origin             Length             Attributes
RAM              0x20000000         0x00020000         xrw
FLASH            0x08000000         0x00020000         xr
*default*        0x00000000         0xffffffff

Linker script and memory map

LOAD D:/Program Files/STMicroelectronics/STM32CubeCLT_1.16.0/GNU-tools-for-STM32/bin/../lib/gcc/arm-none-eabi/12.3.1/thumb/v7e-m+fp/hard/crti.o
LOAD D:/Program Files/STMicroelectronics/STM32CubeCLT_1.16.0/GNU-tools-for-STM32/bin/../lib/gcc/arm-none-eabi/12.3.1/thumb/v7e-m+fp/hard/crtbegin.o
LOAD D:/Program Files/STMicroelectronics/STM32CubeCLT_1.16.0/GNU-tools-for-STM32/bin/../lib/gcc/arm-none-eabi/12.3.1/../../../../arm-none-eabi/lib/thumb/v7e-m+fp/hard/crt0.o
LOAD CMakeFiles/UF4DigitalPower.elf.dir/Core/Src/adc.c.obj
LOAD CMakeFiles/UF4DigitalPower.elf.dir/Core/Src/dma.c.obj
LOAD CMakeFiles/UF4DigitalPower.elf.dir/Core/Src/gpio.c.obj
LOAD CMakeFiles/UF4DigitalPower.elf.dir/Core/Src/hrtim.c.obj
LOAD CMakeFiles/UF4DigitalPower.elf.dir/Core/Src/iwdg.c.obj
LOAD CMakeFiles/UF4DigitalPower.elf.dir/Core/Src/main.c.obj
LOAD CMakeFiles/UF4DigitalPower.elf.dir/Core/Src/spi.c.obj
LOAD CMakeFiles/UF4DigitalPower.elf.dir/Core/Src/stm32g4xx_hal_msp.c.obj
LOAD CMakeFiles/UF4DigitalPower.elf.dir/Core/Src/stm32g4xx_it.c.obj
LOAD CMakeFiles/UF4DigitalPower.elf.dir/Core/Src/syscalls.c.obj
LOAD CMakeFiles/UF4DigitalPower.elf.dir/Core/Src/sysmem.c.obj
LOAD CMakeFiles/UF4DigitalPower.elf.dir/Core/Src/system_stm32g4xx.c.obj
LOAD CMakeFiles/UF4DigitalPower.elf.dir/Core/Src/tim.c.obj
LOAD CMakeFiles/UF4DigitalPower.elf.dir/Core/Src/usart.c.obj
LOAD CMakeFiles/UF4DigitalPower.elf.dir/Core/Startup/startup_stm32g474rbtx.s.obj
LOAD CMakeFiles/UF4DigitalPower.elf.dir/Drivers/STM32G4xx_HAL_Driver/Src/stm32g4xx_hal.c.obj
LOAD CMakeFiles/UF4DigitalPower.elf.dir/Drivers/STM32G4xx_HAL_Driver/Src/stm32g4xx_hal_adc.c.obj
LOAD CMakeFiles/UF4DigitalPower.elf.dir/Drivers/STM32G4xx_HAL_Driver/Src/stm32g4xx_hal_adc_ex.c.obj
LOAD CMakeFiles/UF4DigitalPower.elf.dir/Drivers/STM32G4xx_HAL_Driver/Src/stm32g4xx_hal_cortex.c.obj
LOAD CMakeFiles/UF4DigitalPower.elf.dir/Drivers/STM32G4xx_HAL_Driver/Src/stm32g4xx_hal_dma.c.obj
LOAD CMakeFiles/UF4DigitalPower.elf.dir/Drivers/STM32G4xx_HAL_Driver/Src/stm32g4xx_hal_dma_ex.c.obj
LOAD CMakeFiles/UF4DigitalPower.elf.dir/Drivers/STM32G4xx_HAL_Driver/Src/stm32g4xx_hal_exti.c.obj
LOAD CMakeFiles/UF4DigitalPower.elf.dir/Drivers/STM32G4xx_HAL_Driver/Src/stm32g4xx_hal_flash.c.obj
LOAD CMakeFiles/UF4DigitalPower.elf.dir/Drivers/STM32G4xx_HAL_Driver/Src/stm32g4xx_hal_flash_ex.c.obj
LOAD CMakeFiles/UF4DigitalPower.elf.dir/Drivers/STM32G4xx_HAL_Driver/Src/stm32g4xx_hal_flash_ramfunc.c.obj
LOAD CMakeFiles/UF4DigitalPower.elf.dir/Drivers/STM32G4xx_HAL_Driver/Src/stm32g4xx_hal_gpio.c.obj
LOAD CMakeFiles/UF4DigitalPower.elf.dir/Drivers/STM32G4xx_HAL_Driver/Src/stm32g4xx_hal_hrtim.c.obj
LOAD CMakeFiles/UF4DigitalPower.elf.dir/Drivers/STM32G4xx_HAL_Driver/Src/stm32g4xx_hal_iwdg.c.obj
LOAD CMakeFiles/UF4DigitalPower.elf.dir/Drivers/STM32G4xx_HAL_Driver/Src/stm32g4xx_hal_pcd.c.obj
LOAD CMakeFiles/UF4DigitalPower.elf.dir/Drivers/STM32G4xx_HAL_Driver/Src/stm32g4xx_hal_pcd_ex.c.obj
LOAD CMakeFiles/UF4DigitalPower.elf.dir/Drivers/STM32G4xx_HAL_Driver/Src/stm32g4xx_hal_pwr.c.obj
LOAD CMakeFiles/UF4DigitalPower.elf.dir/Drivers/STM32G4xx_HAL_Driver/Src/stm32g4xx_hal_pwr_ex.c.obj
LOAD CMakeFiles/UF4DigitalPower.elf.dir/Drivers/STM32G4xx_HAL_Driver/Src/stm32g4xx_hal_rcc.c.obj
LOAD CMakeFiles/UF4DigitalPower.elf.dir/Drivers/STM32G4xx_HAL_Driver/Src/stm32g4xx_hal_rcc_ex.c.obj
LOAD CMakeFiles/UF4DigitalPower.elf.dir/Drivers/STM32G4xx_HAL_Driver/Src/stm32g4xx_hal_spi.c.obj
LOAD CMakeFiles/UF4DigitalPower.elf.dir/Drivers/STM32G4xx_HAL_Driver/Src/stm32g4xx_hal_spi_ex.c.obj
LOAD CMakeFiles/UF4DigitalPower.elf.dir/Drivers/STM32G4xx_HAL_Driver/Src/stm32g4xx_hal_tim.c.obj
LOAD CMakeFiles/UF4DigitalPower.elf.dir/Drivers/STM32G4xx_HAL_Driver/Src/stm32g4xx_hal_tim_ex.c.obj
LOAD CMakeFiles/UF4DigitalPower.elf.dir/Drivers/STM32G4xx_HAL_Driver/Src/stm32g4xx_hal_uart.c.obj
LOAD CMakeFiles/UF4DigitalPower.elf.dir/Drivers/STM32G4xx_HAL_Driver/Src/stm32g4xx_hal_uart_ex.c.obj
LOAD CMakeFiles/UF4DigitalPower.elf.dir/Drivers/STM32G4xx_HAL_Driver/Src/stm32g4xx_ll_adc.c.obj
LOAD CMakeFiles/UF4DigitalPower.elf.dir/Drivers/STM32G4xx_HAL_Driver/Src/stm32g4xx_ll_usb.c.obj
LOAD CMakeFiles/UF4DigitalPower.elf.dir/Middlewares/ST/STM32_USB_Device_Library/Class/CDC/Src/usbd_cdc.c.obj
LOAD CMakeFiles/UF4DigitalPower.elf.dir/Middlewares/ST/STM32_USB_Device_Library/Core/Src/usbd_core.c.obj
LOAD CMakeFiles/UF4DigitalPower.elf.dir/Middlewares/ST/STM32_USB_Device_Library/Core/Src/usbd_ctlreq.c.obj
LOAD CMakeFiles/UF4DigitalPower.elf.dir/Middlewares/ST/STM32_USB_Device_Library/Core/Src/usbd_ioreq.c.obj
LOAD CMakeFiles/UF4DigitalPower.elf.dir/USB_Device/App/usb_device.c.obj
LOAD CMakeFiles/UF4DigitalPower.elf.dir/USB_Device/App/usbd_cdc_if.c.obj
LOAD CMakeFiles/UF4DigitalPower.elf.dir/USB_Device/App/usbd_desc.c.obj
LOAD CMakeFiles/UF4DigitalPower.elf.dir/USB_Device/Target/usbd_conf.c.obj
LOAD CMakeFiles/UF4DigitalPower.elf.dir/USER/Src/user_power.c.obj
LOAD CMakeFiles/UF4DigitalPower.elf.dir/USER/Src/user_power_pwm.c.obj
LOAD CMakeFiles/UF4DigitalPower.elf.dir/USER/Src/user_power_store.c.obj
LOAD CMakeFiles/UF4DigitalPower.elf.dir/USER/Src/user_tvlcom.c.obj
LOAD CMakeFiles/UF4DigitalPower.elf.dir/USER/Src/user_w25qxx.c.obj
LOAD CMakeFiles/UF4DigitalPower.elf.dir/DSP/Source/FilteringFunctions/arm_biquad_cascade_df2T_f32.c.obj
LOAD CMakeFiles/UF4DigitalPower.elf.dir/DSP/Source/FilteringFunctions/arm_biquad_cascade_df2T_init_f32.c.obj
LOAD CMakeFiles/UF4DigitalPower.elf.dir/TVLCOM_V2_FULL/Src/tvlcom.c.obj
LOAD D:/Program Files/STMicroelectronics/STM32CubeCLT_1.16.0/GNU-tools-for-STM32/bin/../lib/gcc/arm-none-eabi/12.3.1/../../../../arm-none-eabi/lib/thumb/v7e-m+fp/hard\libm.a
START GROUP
LOAD D:/Program Files/STMicroelectronics/STM32CubeCLT_1.16.0/GNU-tools-for-STM32/bin/../lib/gcc/arm-none-eabi/12.3.1/thumb/v7e-m+fp/hard\libgcc.a
LOAD D:/Program Files/STMicroelectronics/STM32CubeCLT_1.16.0/GNU-tools-for-STM32/bin/../lib/gcc/arm-none-eabi/12.3.1/../../../../arm-none-eabi/lib/thumb/v7e-m+fp/hard\libg.a
LOAD D:/Program Files/STMicroelectronics/STM32CubeCLT_1.16.0/GNU-tools-for-STM32/bin/../lib/gcc/arm-none-eabi/12.3.1/../../../../arm-none-eabi/lib/thumb/v7e-m+fp/hard\libc.a
END GROUP
LOAD D:/Program Files/STMicroelectronics/STM32CubeCLT_1.16.0/GNU-tools-for-STM32/bin/../lib/gcc/arm-none-eabi/12.3.1/thumb/v7e-m+fp/hard/crtend.o
LOAD D:/Program Files/STMicroelectronics/STM32CubeCLT_1.16.0/GNU-tools-for-STM32/bin/../lib/gcc/arm-none-eabi/12.3.1/thumb/v7e-m+fp/hard/crtn.o
                0x20020000                        _estack = (ORIGIN (RAM) + LENGTH (RAM))
                0x00000200                        _Min_Heap_Size = 0x200
                0x00000400                        _Min_Stack_Size = 0x400

.isr_vector     0x08000000      0x1d8
                0x08000000                        . = ALIGN (0x4)
 *(.isr_vector)
 .isr_vector    0x08000000      0x1d8 CMakeFiles/UF4DigitalPower.elf.dir/Core/Startup/startup_stm32g474rbtx.s.obj
                0x08000000                g_pfnVectors
                0x080001d8                        . = ALIGN (0x4)

.text           0x080001d8     0xc6e8
                0x080001d8                        . = ALIGN (0x4)
 *(.text)
 .text          0x080001d8       0x40 D:/Program Files/STMicroelectronics/STM32CubeCLT_1.16.0/GNU-tools-for-STM32/bin/../lib/gcc/arm-none-eabi/12.3.1/thumb/v7e-m+fp/hard/crtbegin.o
 .text          0x08000218       0x30 D:/Program Files/STMicroelectronics/STM32CubeCLT_1.16.0/GNU-tools-for-STM32/bin/../lib/gcc/arm-none-eabi/12.3.1/thumb/v7e-m+fp/hard\libgcc.a(_aeabi_uldivmod.o)
                0x08000218                __aeabi_uldivmod
 .text          0x08000248      0x2bc D:/Program Files/STMicroelectronics/STM32CubeCLT_1.16.0/GNU-tools-for-STM32/bin/../lib/gcc/arm-none-eabi/12.3.1/thumb/v7e-m+fp/hard\libgcc.a(_udivmoddi4.o)
                0x08000248                __udivmoddi4
 .text          0x08000504        0x4 D:/Program Files/STMicroelectronics/STM32CubeCLT_1.16.0/GNU-tools-for-STM32/bin/../lib/gcc/arm-none-eabi/12.3.1/thumb/v7e-m+fp/hard\libgcc.a(_dvmd_tls.o)
                0x08000504                __aeabi_idiv0
                0x08000504                __aeabi_ldiv0
 *(.text*)
 .text.MX_ADC1_Init
                0x08000508      0x110 CMakeFiles/UF4DigitalPower.elf.dir/Core/Src/adc.c.obj
                0x08000508                MX_ADC1_Init
 .text.MX_ADC2_Init
                0x08000618       0x98 CMakeFiles/UF4DigitalPower.elf.dir/Core/Src/adc.c.obj
                0x08000618                MX_ADC2_Init
 .text.MX_ADC5_Init
                0x080006b0       0x98 CMakeFiles/UF4DigitalPower.elf.dir/Core/Src/adc.c.obj
                0x080006b0                MX_ADC5_Init
 .text.HAL_ADC_MspInit
                0x08000748      0x188 CMakeFiles/UF4DigitalPower.elf.dir/Core/Src/adc.c.obj
                0x08000748                HAL_ADC_MspInit
 .text.MX_DMA_Init
                0x080008d0       0x64 CMakeFiles/UF4DigitalPower.elf.dir/Core/Src/dma.c.obj
                0x080008d0                MX_DMA_Init
 .text.MX_GPIO_Init
                0x08000934       0xe0 CMakeFiles/UF4DigitalPower.elf.dir/Core/Src/gpio.c.obj
                0x08000934                MX_GPIO_Init
 .text.HAL_HRTIM_MspInit
                0x08000a14       0x50 CMakeFiles/UF4DigitalPower.elf.dir/Core/Src/hrtim.c.obj
                0x08000a14                HAL_HRTIM_MspInit
 .text.HAL_HRTIM_MspPostInit
                0x08000a64       0x84 CMakeFiles/UF4DigitalPower.elf.dir/Core/Src/hrtim.c.obj
                0x08000a64                HAL_HRTIM_MspPostInit
 .text.MX_HRTIM1_Init
                0x08000ae8      0x320 CMakeFiles/UF4DigitalPower.elf.dir/Core/Src/hrtim.c.obj
                0x08000ae8                MX_HRTIM1_Init
 .text.MX_IWDG_Init
                0x08000e08       0x2c CMakeFiles/UF4DigitalPower.elf.dir/Core/Src/iwdg.c.obj
                0x08000e08                MX_IWDG_Init
 .text.HAL_HRTIM_RepetitionEventCallback
                0x08000e34       0x18 CMakeFiles/UF4DigitalPower.elf.dir/Core/Src/main.c.obj
                0x08000e34                HAL_HRTIM_RepetitionEventCallback
 .text.HAL_TIM_PeriodElapsedCallback
                0x08000e4c       0x4c CMakeFiles/UF4DigitalPower.elf.dir/Core/Src/main.c.obj
                0x08000e4c                HAL_TIM_PeriodElapsedCallback
 .text.Error_Handler
                0x08000e98        0x4 CMakeFiles/UF4DigitalPower.elf.dir/Core/Src/main.c.obj
                0x08000e98                Error_Handler
 .text.SystemClock_Config
                0x08000e9c       0x78 CMakeFiles/UF4DigitalPower.elf.dir/Core/Src/main.c.obj
                0x08000e9c                SystemClock_Config
 .text.main     0x08000f14       0xcc CMakeFiles/UF4DigitalPower.elf.dir/Core/Src/main.c.obj
                0x08000f14                main
 .text.MX_SPI3_Init
                0x08000fe0       0x4c CMakeFiles/UF4DigitalPower.elf.dir/Core/Src/spi.c.obj
                0x08000fe0                MX_SPI3_Init
 .text.HAL_SPI_MspInit
                0x0800102c       0xd8 CMakeFiles/UF4DigitalPower.elf.dir/Core/Src/spi.c.obj
                0x0800102c                HAL_SPI_MspInit
 .text.HAL_MspInit
                0x08001104       0x38 CMakeFiles/UF4DigitalPower.elf.dir/Core/Src/stm32g4xx_hal_msp.c.obj
                0x08001104                HAL_MspInit
 .text.NMI_Handler
                0x0800113c        0x2 CMakeFiles/UF4DigitalPower.elf.dir/Core/Src/stm32g4xx_it.c.obj
                0x0800113c                NMI_Handler
 .text.HardFault_Handler
                0x0800113e        0x2 CMakeFiles/UF4DigitalPower.elf.dir/Core/Src/stm32g4xx_it.c.obj
                0x0800113e                HardFault_Handler
 .text.MemManage_Handler
                0x08001140        0x2 CMakeFiles/UF4DigitalPower.elf.dir/Core/Src/stm32g4xx_it.c.obj
                0x08001140                MemManage_Handler
 .text.BusFault_Handler
                0x08001142        0x2 CMakeFiles/UF4DigitalPower.elf.dir/Core/Src/stm32g4xx_it.c.obj
                0x08001142                BusFault_Handler
 .text.UsageFault_Handler
                0x08001144        0x2 CMakeFiles/UF4DigitalPower.elf.dir/Core/Src/stm32g4xx_it.c.obj
                0x08001144                UsageFault_Handler
 .text.SVC_Handler
                0x08001146        0x2 CMakeFiles/UF4DigitalPower.elf.dir/Core/Src/stm32g4xx_it.c.obj
                0x08001146                SVC_Handler
 .text.DebugMon_Handler
                0x08001148        0x2 CMakeFiles/UF4DigitalPower.elf.dir/Core/Src/stm32g4xx_it.c.obj
                0x08001148                DebugMon_Handler
 .text.PendSV_Handler
                0x0800114a        0x2 CMakeFiles/UF4DigitalPower.elf.dir/Core/Src/stm32g4xx_it.c.obj
                0x0800114a                PendSV_Handler
 .text.SysTick_Handler
                0x0800114c        0x8 CMakeFiles/UF4DigitalPower.elf.dir/Core/Src/stm32g4xx_it.c.obj
                0x0800114c                SysTick_Handler
 .text.DMA1_Channel1_IRQHandler
                0x08001154       0x10 CMakeFiles/UF4DigitalPower.elf.dir/Core/Src/stm32g4xx_it.c.obj
                0x08001154                DMA1_Channel1_IRQHandler
 .text.DMA1_Channel2_IRQHandler
                0x08001164       0x10 CMakeFiles/UF4DigitalPower.elf.dir/Core/Src/stm32g4xx_it.c.obj
                0x08001164                DMA1_Channel2_IRQHandler
 .text.DMA1_Channel3_IRQHandler
                0x08001174       0x10 CMakeFiles/UF4DigitalPower.elf.dir/Core/Src/stm32g4xx_it.c.obj
                0x08001174                DMA1_Channel3_IRQHandler
 .text.USB_LP_IRQHandler
                0x08001184       0x10 CMakeFiles/UF4DigitalPower.elf.dir/Core/Src/stm32g4xx_it.c.obj
                0x08001184                USB_LP_IRQHandler
 .text.TIM2_IRQHandler
                0x08001194       0x10 CMakeFiles/UF4DigitalPower.elf.dir/Core/Src/stm32g4xx_it.c.obj
                0x08001194                TIM2_IRQHandler
 .text.TIM3_IRQHandler
                0x080011a4       0x10 CMakeFiles/UF4DigitalPower.elf.dir/Core/Src/stm32g4xx_it.c.obj
                0x080011a4                TIM3_IRQHandler
 .text.TIM4_IRQHandler
                0x080011b4       0x10 CMakeFiles/UF4DigitalPower.elf.dir/Core/Src/stm32g4xx_it.c.obj
                0x080011b4                TIM4_IRQHandler
 .text.HRTIM1_TIMA_IRQHandler
                0x080011c4       0x10 CMakeFiles/UF4DigitalPower.elf.dir/Core/Src/stm32g4xx_it.c.obj
                0x080011c4                HRTIM1_TIMA_IRQHandler
 .text.HRTIM1_FLT_IRQHandler
                0x080011d4       0x10 CMakeFiles/UF4DigitalPower.elf.dir/Core/Src/stm32g4xx_it.c.obj
                0x080011d4                HRTIM1_FLT_IRQHandler
 .text.SystemInit
                0x080011e4       0x14 CMakeFiles/UF4DigitalPower.elf.dir/Core/Src/system_stm32g4xx.c.obj
                0x080011e4                SystemInit
 .text.MX_TIM2_Init
                0x080011f8       0x70 CMakeFiles/UF4DigitalPower.elf.dir/Core/Src/tim.c.obj
                0x080011f8                MX_TIM2_Init
 .text.MX_TIM3_Init
                0x08001268       0x74 CMakeFiles/UF4DigitalPower.elf.dir/Core/Src/tim.c.obj
                0x08001268                MX_TIM3_Init
 .text.MX_TIM4_Init
                0x080012dc       0x74 CMakeFiles/UF4DigitalPower.elf.dir/Core/Src/tim.c.obj
                0x080012dc                MX_TIM4_Init
 .text.HAL_TIM_Base_MspInit
                0x08001350       0xc0 CMakeFiles/UF4DigitalPower.elf.dir/Core/Src/tim.c.obj
                0x08001350                HAL_TIM_Base_MspInit
 .text.HAL_TIM_MspPostInit
                0x08001410       0x54 CMakeFiles/UF4DigitalPower.elf.dir/Core/Src/tim.c.obj
                0x08001410                HAL_TIM_MspPostInit
 .text.MX_TIM8_Init
                0x08001464      0x104 CMakeFiles/UF4DigitalPower.elf.dir/Core/Src/tim.c.obj
                0x08001464                MX_TIM8_Init
 .text.MX_USART1_UART_Init
                0x08001568       0x68 CMakeFiles/UF4DigitalPower.elf.dir/Core/Src/usart.c.obj
                0x08001568                MX_USART1_UART_Init
 .text.MX_USART3_UART_Init
                0x080015d0       0x68 CMakeFiles/UF4DigitalPower.elf.dir/Core/Src/usart.c.obj
                0x080015d0                MX_USART3_UART_Init
 .text.HAL_UART_MspInit
                0x08001638       0xec CMakeFiles/UF4DigitalPower.elf.dir/Core/Src/usart.c.obj
                0x08001638                HAL_UART_MspInit
 .text.Reset_Handler
                0x08001724       0x50 CMakeFiles/UF4DigitalPower.elf.dir/Core/Startup/startup_stm32g474rbtx.s.obj
                0x08001724                Reset_Handler
 .text.Default_Handler
                0x08001774        0x2 CMakeFiles/UF4DigitalPower.elf.dir/Core/Startup/startup_stm32g474rbtx.s.obj
                0x08001774                RTC_Alarm_IRQHandler
                0x08001774                EXTI2_IRQHandler
                0x08001774                TIM8_TRG_COM_IRQHandler
                0x08001774                TIM8_CC_IRQHandler
                0x08001774                HRTIM1_Master_IRQHandler
                0x08001774                SPI4_IRQHandler
                0x08001774                FDCAN3_IT0_IRQHandler
                0x08001774                TIM1_CC_IRQHandler
                0x08001774                HRTIM1_TIMF_IRQHandler
                0x08001774                USB_HP_IRQHandler
                0x08001774                CORDIC_IRQHandler
                0x08001774                HRTIM1_TIMD_IRQHandler
                0x08001774                DMA2_Channel8_IRQHandler
                0x08001774                EXTI3_IRQHandler
                0x08001774                I2C3_ER_IRQHandler
                0x08001774                EXTI0_IRQHandler
                0x08001774                I2C2_EV_IRQHandler
                0x08001774                FPU_IRQHandler
                0x08001774                FDCAN1_IT1_IRQHandler
                0x08001774                TIM1_UP_TIM16_IRQHandler
                0x08001774                ADC1_2_IRQHandler
                0x08001774                HRTIM1_TIME_IRQHandler
                0x08001774                SPI1_IRQHandler
                0x08001774                TIM6_DAC_IRQHandler
                0x08001774                HRTIM1_TIMC_IRQHandler
                0x08001774                TIM8_UP_IRQHandler
                0x08001774                DMA2_Channel2_IRQHandler
                0x08001774                DMA1_Channel4_IRQHandler
                0x08001774                TIM20_TRG_COM_IRQHandler
                0x08001774                USART3_IRQHandler
                0x08001774                DMA1_Channel7_IRQHandler
                0x08001774                UART5_IRQHandler
                0x08001774                ADC3_IRQHandler
                0x08001774                DMA2_Channel1_IRQHandler
                0x08001774                QUADSPI_IRQHandler
                0x08001774                I2C1_EV_IRQHandler
                0x08001774                DMA1_Channel6_IRQHandler
                0x08001774                UART4_IRQHandler
                0x08001774                DMA2_Channel4_IRQHandler
                0x08001774                RCC_IRQHandler
                0x08001774                TIM20_UP_IRQHandler
                0x08001774                Default_Handler
                0x08001774                DMA2_Channel7_IRQHandler
                0x08001774                RTC_TAMP_LSECSS_IRQHandler
                0x08001774                FMAC_IRQHandler
                0x08001774                EXTI15_10_IRQHandler
                0x08001774                DMA1_Channel8_IRQHandler
                0x08001774                TIM7_DAC_IRQHandler
                0x08001774                FDCAN3_IT1_IRQHandler
                0x08001774                TIM5_IRQHandler
                0x08001774                UCPD1_IRQHandler
                0x08001774                I2C3_EV_IRQHandler
                0x08001774                EXTI9_5_IRQHandler
                0x08001774                RTC_WKUP_IRQHandler
                0x08001774                PVD_PVM_IRQHandler
                0x08001774                SPI2_IRQHandler
                0x08001774                ADC5_IRQHandler
                0x08001774                DMA2_Channel5_IRQHandler
                0x08001774                CRS_IRQHandler
                0x08001774                DMA1_Channel5_IRQHandler
                0x08001774                EXTI4_IRQHandler
                0x08001774                RNG_IRQHandler
                0x08001774                HRTIM1_TIMB_IRQHandler
                0x08001774                TIM1_TRG_COM_TIM17_IRQHandler
                0x08001774                FDCAN2_IT1_IRQHandler
                0x08001774                ADC4_IRQHandler
                0x08001774                WWDG_IRQHandler
                0x08001774                I2C4_EV_IRQHandler
                0x08001774                FDCAN2_IT0_IRQHandler
                0x08001774                LPUART1_IRQHandler
                0x08001774                DMA2_Channel6_IRQHandler
                0x08001774                FDCAN1_IT0_IRQHandler
                0x08001774                COMP7_IRQHandler
                0x08001774                COMP1_2_3_IRQHandler
                0x08001774                EXTI1_IRQHandler
                0x08001774                USART2_IRQHandler
                0x08001774                COMP4_5_6_IRQHandler
                0x08001774                TIM20_BRK_IRQHandler
                0x08001774                I2C2_ER_IRQHandler
                0x08001774                TIM8_BRK_IRQHandler
                0x08001774                FLASH_IRQHandler
                0x08001774                TIM20_CC_IRQHandler
                0x08001774                USART1_IRQHandler
                0x08001774                SPI3_IRQHandler
                0x08001774                I2C1_ER_IRQHandler
                0x08001774                FMC_IRQHandler
                0x08001774                LPTIM1_IRQHandler
                0x08001774                DMAMUX_OVR_IRQHandler
                0x08001774                I2C4_ER_IRQHandler
                0x08001774                USBWakeUp_IRQHandler
                0x08001774                SAI1_IRQHandler
                0x08001774                DMA2_Channel3_IRQHandler
                0x08001774                TIM1_BRK_TIM15_IRQHandler
 *fill*         0x08001776        0x2 
 .text.HAL_InitTick
                0x08001778       0x50 CMakeFiles/UF4DigitalPower.elf.dir/Drivers/STM32G4xx_HAL_Driver/Src/stm32g4xx_hal.c.obj
                0x08001778                HAL_InitTick
 .text.HAL_Init
                0x080017c8       0x1e CMakeFiles/UF4DigitalPower.elf.dir/Drivers/STM32G4xx_HAL_Driver/Src/stm32g4xx_hal.c.obj
                0x080017c8                HAL_Init
 *fill*         0x080017e6        0x2 
 .text.HAL_IncTick
                0x080017e8       0x18 CMakeFiles/UF4DigitalPower.elf.dir/Drivers/STM32G4xx_HAL_Driver/Src/stm32g4xx_hal.c.obj
                0x080017e8                HAL_IncTick
 .text.HAL_GetTick
                0x08001800        0xc CMakeFiles/UF4DigitalPower.elf.dir/Drivers/STM32G4xx_HAL_Driver/Src/stm32g4xx_hal.c.obj
                0x08001800                HAL_GetTick
 .text.HAL_Delay
                0x0800180c       0x28 CMakeFiles/UF4DigitalPower.elf.dir/Drivers/STM32G4xx_HAL_Driver/Src/stm32g4xx_hal.c.obj
                0x0800180c                HAL_Delay
 .text.LL_ADC_REG_SetSequencerRanks
                0x08001834       0x30 CMakeFiles/UF4DigitalPower.elf.dir/Drivers/STM32G4xx_HAL_Driver/Src/stm32g4xx_hal_adc.c.obj
 .text.LL_ADC_SetChannelSamplingTime
                0x08001864       0x2c CMakeFiles/UF4DigitalPower.elf.dir/Drivers/STM32G4xx_HAL_Driver/Src/stm32g4xx_hal_adc.c.obj
 .text.HAL_ADC_Init
                0x08001890      0x29c CMakeFiles/UF4DigitalPower.elf.dir/Drivers/STM32G4xx_HAL_Driver/Src/stm32g4xx_hal_adc.c.obj
                0x08001890                HAL_ADC_Init
 .text.HAL_ADC_GetValue
                0x08001b2c        0x6 CMakeFiles/UF4DigitalPower.elf.dir/Drivers/STM32G4xx_HAL_Driver/Src/stm32g4xx_hal_adc.c.obj
                0x08001b2c                HAL_ADC_GetValue
 .text.HAL_ADC_ConvCpltCallback
                0x08001b32        0x2 CMakeFiles/UF4DigitalPower.elf.dir/Drivers/STM32G4xx_HAL_Driver/Src/stm32g4xx_hal_adc.c.obj
                0x08001b32                HAL_ADC_ConvCpltCallback
 .text.HAL_ADC_ConvHalfCpltCallback
                0x08001b34        0x2 CMakeFiles/UF4DigitalPower.elf.dir/Drivers/STM32G4xx_HAL_Driver/Src/stm32g4xx_hal_adc.c.obj
                0x08001b34                HAL_ADC_ConvHalfCpltCallback
 .text.ADC_DMAHalfConvCplt
                0x08001b36        0xa CMakeFiles/UF4DigitalPower.elf.dir/Drivers/STM32G4xx_HAL_Driver/Src/stm32g4xx_hal_adc.c.obj
                0x08001b36                ADC_DMAHalfConvCplt
 .text.HAL_ADC_ErrorCallback
                0x08001b40        0x2 CMakeFiles/UF4DigitalPower.elf.dir/Drivers/STM32G4xx_HAL_Driver/Src/stm32g4xx_hal_adc.c.obj
                0x08001b40                HAL_ADC_ErrorCallback
 .text.ADC_DMAConvCplt
                0x08001b42       0x88 CMakeFiles/UF4DigitalPower.elf.dir/Drivers/STM32G4xx_HAL_Driver/Src/stm32g4xx_hal_adc.c.obj
                0x08001b42                ADC_DMAConvCplt
 .text.ADC_DMAError
                0x08001bca       0x1a CMakeFiles/UF4DigitalPower.elf.dir/Drivers/STM32G4xx_HAL_Driver/Src/stm32g4xx_hal_adc.c.obj
                0x08001bca                ADC_DMAError
 .text.HAL_ADC_ConfigChannel
                0x08001be4      0x4b4 CMakeFiles/UF4DigitalPower.elf.dir/Drivers/STM32G4xx_HAL_Driver/Src/stm32g4xx_hal_adc.c.obj
                0x08001be4                HAL_ADC_ConfigChannel
 .text.ADC_Enable
                0x08002098       0xf8 CMakeFiles/UF4DigitalPower.elf.dir/Drivers/STM32G4xx_HAL_Driver/Src/stm32g4xx_hal_adc.c.obj
                0x08002098                ADC_Enable
 .text.HAL_ADC_Start
                0x08002190      0x134 CMakeFiles/UF4DigitalPower.elf.dir/Drivers/STM32G4xx_HAL_Driver/Src/stm32g4xx_hal_adc.c.obj
                0x08002190                HAL_ADC_Start
 .text.HAL_ADC_Start_DMA
                0x080022c4      0x140 CMakeFiles/UF4DigitalPower.elf.dir/Drivers/STM32G4xx_HAL_Driver/Src/stm32g4xx_hal_adc.c.obj
                0x080022c4                HAL_ADC_Start_DMA
 .text.ADC_Disable
                0x08002404       0x94 CMakeFiles/UF4DigitalPower.elf.dir/Drivers/STM32G4xx_HAL_Driver/Src/stm32g4xx_hal_adc.c.obj
                0x08002404                ADC_Disable
 .text.HAL_ADCEx_Calibration_Start
                0x08002498       0x9c CMakeFiles/UF4DigitalPower.elf.dir/Drivers/STM32G4xx_HAL_Driver/Src/stm32g4xx_hal_adc_ex.c.obj
                0x08002498                HAL_ADCEx_Calibration_Start
 .text.HAL_ADCEx_MultiModeConfigChannel
                0x08002534      0x1d4 CMakeFiles/UF4DigitalPower.elf.dir/Drivers/STM32G4xx_HAL_Driver/Src/stm32g4xx_hal_adc_ex.c.obj
                0x08002534                HAL_ADCEx_MultiModeConfigChannel
 .text.__NVIC_EnableIRQ
                0x08002708       0x1c CMakeFiles/UF4DigitalPower.elf.dir/Drivers/STM32G4xx_HAL_Driver/Src/stm32g4xx_hal_cortex.c.obj
 .text.__NVIC_SetPriority
                0x08002724       0x28 CMakeFiles/UF4DigitalPower.elf.dir/Drivers/STM32G4xx_HAL_Driver/Src/stm32g4xx_hal_cortex.c.obj
 .text.NVIC_EncodePriority
                0x0800274c       0x3e CMakeFiles/UF4DigitalPower.elf.dir/Drivers/STM32G4xx_HAL_Driver/Src/stm32g4xx_hal_cortex.c.obj
 *fill*         0x0800278a        0x2 
 .text.HAL_NVIC_SetPriorityGrouping
                0x0800278c       0x24 CMakeFiles/UF4DigitalPower.elf.dir/Drivers/STM32G4xx_HAL_Driver/Src/stm32g4xx_hal_cortex.c.obj
                0x0800278c                HAL_NVIC_SetPriorityGrouping
 .text.HAL_NVIC_SetPriority
                0x080027b0       0x20 CMakeFiles/UF4DigitalPower.elf.dir/Drivers/STM32G4xx_HAL_Driver/Src/stm32g4xx_hal_cortex.c.obj
                0x080027b0                HAL_NVIC_SetPriority
 .text.HAL_NVIC_EnableIRQ
                0x080027d0        0x8 CMakeFiles/UF4DigitalPower.elf.dir/Drivers/STM32G4xx_HAL_Driver/Src/stm32g4xx_hal_cortex.c.obj
                0x080027d0                HAL_NVIC_EnableIRQ
 .text.HAL_SYSTICK_Config
                0x080027d8       0x28 CMakeFiles/UF4DigitalPower.elf.dir/Drivers/STM32G4xx_HAL_Driver/Src/stm32g4xx_hal_cortex.c.obj
                0x080027d8                HAL_SYSTICK_Config
 .text.DMA_SetConfig
                0x08002800       0x42 CMakeFiles/UF4DigitalPower.elf.dir/Drivers/STM32G4xx_HAL_Driver/Src/stm32g4xx_hal_dma.c.obj
 *fill*         0x08002842        0x2 
 .text.DMA_CalcDMAMUXChannelBaseAndMask
                0x08002844       0x48 CMakeFiles/UF4DigitalPower.elf.dir/Drivers/STM32G4xx_HAL_Driver/Src/stm32g4xx_hal_dma.c.obj
 .text.DMA_CalcDMAMUXRequestGenBaseAndMask
                0x0800288c       0x28 CMakeFiles/UF4DigitalPower.elf.dir/Drivers/STM32G4xx_HAL_Driver/Src/stm32g4xx_hal_dma.c.obj
 .text.HAL_DMA_Init
                0x080028b4       0xd8 CMakeFiles/UF4DigitalPower.elf.dir/Drivers/STM32G4xx_HAL_Driver/Src/stm32g4xx_hal_dma.c.obj
                0x080028b4                HAL_DMA_Init
 .text.HAL_DMA_Start_IT
                0x0800298c       0x94 CMakeFiles/UF4DigitalPower.elf.dir/Drivers/STM32G4xx_HAL_Driver/Src/stm32g4xx_hal_dma.c.obj
                0x0800298c                HAL_DMA_Start_IT
 .text.HAL_DMA_IRQHandler
                0x08002a20       0xc4 CMakeFiles/UF4DigitalPower.elf.dir/Drivers/STM32G4xx_HAL_Driver/Src/stm32g4xx_hal_dma.c.obj
                0x08002a20                HAL_DMA_IRQHandler
 .text.HAL_GPIO_Init
                0x08002ae4      0x1d4 CMakeFiles/UF4DigitalPower.elf.dir/Drivers/STM32G4xx_HAL_Driver/Src/stm32g4xx_hal_gpio.c.obj
                0x08002ae4                HAL_GPIO_Init
 .text.HAL_GPIO_WritePin
                0x08002cb8        0xa CMakeFiles/UF4DigitalPower.elf.dir/Drivers/STM32G4xx_HAL_Driver/Src/stm32g4xx_hal_gpio.c.obj
                0x08002cb8                HAL_GPIO_WritePin
 .text.HAL_GPIO_TogglePin
                0x08002cc2       0x12 CMakeFiles/UF4DigitalPower.elf.dir/Drivers/STM32G4xx_HAL_Driver/Src/stm32g4xx_hal_gpio.c.obj
                0x08002cc2                HAL_GPIO_TogglePin
 .text.HRTIM_MasterBase_Config
                0x08002cd4       0x2a CMakeFiles/UF4DigitalPower.elf.dir/Drivers/STM32G4xx_HAL_Driver/Src/stm32g4xx_hal_hrtim.c.obj
 .text.HRTIM_TimingUnitBase_Config
                0x08002cfe       0x40 CMakeFiles/UF4DigitalPower.elf.dir/Drivers/STM32G4xx_HAL_Driver/Src/stm32g4xx_hal_hrtim.c.obj
 .text.HRTIM_MasterWaveform_Config
                0x08002d3e       0x84 CMakeFiles/UF4DigitalPower.elf.dir/Drivers/STM32G4xx_HAL_Driver/Src/stm32g4xx_hal_hrtim.c.obj
 .text.HRTIM_TimingUnitWaveform_Config
                0x08002dc2      0x196 CMakeFiles/UF4DigitalPower.elf.dir/Drivers/STM32G4xx_HAL_Driver/Src/stm32g4xx_hal_hrtim.c.obj
 .text.HRTIM_TimingUnitWaveform_Control
                0x08002f58       0x62 CMakeFiles/UF4DigitalPower.elf.dir/Drivers/STM32G4xx_HAL_Driver/Src/stm32g4xx_hal_hrtim.c.obj
 *fill*         0x08002fba        0x2 
 .text.HRTIM_OutputConfig
                0x08002fbc       0xfc CMakeFiles/UF4DigitalPower.elf.dir/Drivers/STM32G4xx_HAL_Driver/Src/stm32g4xx_hal_hrtim.c.obj
 .text.HRTIM_ForceRegistersUpdate
                0x080030b8       0x80 CMakeFiles/UF4DigitalPower.elf.dir/Drivers/STM32G4xx_HAL_Driver/Src/stm32g4xx_hal_hrtim.c.obj
 .text.HAL_HRTIM_Init
                0x08003138       0xd8 CMakeFiles/UF4DigitalPower.elf.dir/Drivers/STM32G4xx_HAL_Driver/Src/stm32g4xx_hal_hrtim.c.obj
                0x08003138                HAL_HRTIM_Init
 .text.HAL_HRTIM_DLLCalibrationStart
                0x08003210       0x72 CMakeFiles/UF4DigitalPower.elf.dir/Drivers/STM32G4xx_HAL_Driver/Src/stm32g4xx_hal_hrtim.c.obj
                0x08003210                HAL_HRTIM_DLLCalibrationStart
 .text.HAL_HRTIM_PollForDLLCalibration
                0x08003282       0x44 CMakeFiles/UF4DigitalPower.elf.dir/Drivers/STM32G4xx_HAL_Driver/Src/stm32g4xx_hal_hrtim.c.obj
                0x08003282                HAL_HRTIM_PollForDLLCalibration
 .text.HAL_HRTIM_TimeBaseConfig
                0x080032c6       0x32 CMakeFiles/UF4DigitalPower.elf.dir/Drivers/STM32G4xx_HAL_Driver/Src/stm32g4xx_hal_hrtim.c.obj
                0x080032c6                HAL_HRTIM_TimeBaseConfig
 .text.HAL_HRTIM_ADCTriggerConfig
                0x080032f8      0x272 CMakeFiles/UF4DigitalPower.elf.dir/Drivers/STM32G4xx_HAL_Driver/Src/stm32g4xx_hal_hrtim.c.obj
                0x080032f8                HAL_HRTIM_ADCTriggerConfig
 .text.HAL_HRTIM_ADCPostScalerConfig
                0x0800356a      0x18a CMakeFiles/UF4DigitalPower.elf.dir/Drivers/STM32G4xx_HAL_Driver/Src/stm32g4xx_hal_hrtim.c.obj
                0x0800356a                HAL_HRTIM_ADCPostScalerConfig
 .text.HAL_HRTIM_WaveformTimerConfig
                0x080036f4       0x8c CMakeFiles/UF4DigitalPower.elf.dir/Drivers/STM32G4xx_HAL_Driver/Src/stm32g4xx_hal_hrtim.c.obj
                0x080036f4                HAL_HRTIM_WaveformTimerConfig
 .text.HAL_HRTIM_WaveformTimerControl
                0x08003780       0x42 CMakeFiles/UF4DigitalPower.elf.dir/Drivers/STM32G4xx_HAL_Driver/Src/stm32g4xx_hal_hrtim.c.obj
                0x08003780                HAL_HRTIM_WaveformTimerControl
 *fill*         0x080037c2        0x2 
 .text.HAL_HRTIM_DeadTimeConfig
                0x080037c4       0xa4 CMakeFiles/UF4DigitalPower.elf.dir/Drivers/STM32G4xx_HAL_Driver/Src/stm32g4xx_hal_hrtim.c.obj
                0x080037c4                HAL_HRTIM_DeadTimeConfig
 .text.HAL_HRTIM_WaveformCompareConfig
                0x08003868      0x1c2 CMakeFiles/UF4DigitalPower.elf.dir/Drivers/STM32G4xx_HAL_Driver/Src/stm32g4xx_hal_hrtim.c.obj
                0x08003868                HAL_HRTIM_WaveformCompareConfig
 .text.HAL_HRTIM_WaveformOutputConfig
                0x08003a2a       0x38 CMakeFiles/UF4DigitalPower.elf.dir/Drivers/STM32G4xx_HAL_Driver/Src/stm32g4xx_hal_hrtim.c.obj
                0x08003a2a                HAL_HRTIM_WaveformOutputConfig
 .text.HAL_HRTIM_WaveformOutputStart
                0x08003a62       0x38 CMakeFiles/UF4DigitalPower.elf.dir/Drivers/STM32G4xx_HAL_Driver/Src/stm32g4xx_hal_hrtim.c.obj
                0x08003a62                HAL_HRTIM_WaveformOutputStart
 .text.HAL_HRTIM_WaveformOutputStop
                0x08003a9a       0x38 CMakeFiles/UF4DigitalPower.elf.dir/Drivers/STM32G4xx_HAL_Driver/Src/stm32g4xx_hal_hrtim.c.obj
                0x08003a9a                HAL_HRTIM_WaveformOutputStop
 .text.HAL_HRTIM_WaveformCountStart
                0x08003ad2       0x34 CMakeFiles/UF4DigitalPower.elf.dir/Drivers/STM32G4xx_HAL_Driver/Src/stm32g4xx_hal_hrtim.c.obj
                0x08003ad2                HAL_HRTIM_WaveformCountStart
 *fill*         0x08003b06        0x2 
 .text.HAL_HRTIM_WaveformCountStart_IT
                0x08003b08       0x8c CMakeFiles/UF4DigitalPower.elf.dir/Drivers/STM32G4xx_HAL_Driver/Src/stm32g4xx_hal_hrtim.c.obj
                0x08003b08                HAL_HRTIM_WaveformCountStart_IT
 .text.HAL_HRTIM_Fault1Callback
                0x08003b94        0x2 CMakeFiles/UF4DigitalPower.elf.dir/Drivers/STM32G4xx_HAL_Driver/Src/stm32g4xx_hal_hrtim.c.obj
                0x08003b94                HAL_HRTIM_Fault1Callback
 .text.HAL_HRTIM_Fault2Callback
                0x08003b96        0x2 CMakeFiles/UF4DigitalPower.elf.dir/Drivers/STM32G4xx_HAL_Driver/Src/stm32g4xx_hal_hrtim.c.obj
                0x08003b96                HAL_HRTIM_Fault2Callback
 .text.HAL_HRTIM_Fault3Callback
                0x08003b98        0x2 CMakeFiles/UF4DigitalPower.elf.dir/Drivers/STM32G4xx_HAL_Driver/Src/stm32g4xx_hal_hrtim.c.obj
                0x08003b98                HAL_HRTIM_Fault3Callback
 .text.HAL_HRTIM_Fault4Callback
                0x08003b9a        0x2 CMakeFiles/UF4DigitalPower.elf.dir/Drivers/STM32G4xx_HAL_Driver/Src/stm32g4xx_hal_hrtim.c.obj
                0x08003b9a                HAL_HRTIM_Fault4Callback
 .text.HAL_HRTIM_Fault5Callback
                0x08003b9c        0x2 CMakeFiles/UF4DigitalPower.elf.dir/Drivers/STM32G4xx_HAL_Driver/Src/stm32g4xx_hal_hrtim.c.obj
                0x08003b9c                HAL_HRTIM_Fault5Callback
 .text.HAL_HRTIM_Fault6Callback
                0x08003b9e        0x2 CMakeFiles/UF4DigitalPower.elf.dir/Drivers/STM32G4xx_HAL_Driver/Src/stm32g4xx_hal_hrtim.c.obj
                0x08003b9e                HAL_HRTIM_Fault6Callback
 .text.HAL_HRTIM_SystemFaultCallback
                0x08003ba0        0x2 CMakeFiles/UF4DigitalPower.elf.dir/Drivers/STM32G4xx_HAL_Driver/Src/stm32g4xx_hal_hrtim.c.obj
                0x08003ba0                HAL_HRTIM_SystemFaultCallback
 .text.HRTIM_HRTIM_ISR
                0x08003ba2       0xd0 CMakeFiles/UF4DigitalPower.elf.dir/Drivers/STM32G4xx_HAL_Driver/Src/stm32g4xx_hal_hrtim.c.obj
 .text.HAL_HRTIM_DLLCalibrationReadyCallback
                0x08003c72        0x2 CMakeFiles/UF4DigitalPower.elf.dir/Drivers/STM32G4xx_HAL_Driver/Src/stm32g4xx_hal_hrtim.c.obj
                0x08003c72                HAL_HRTIM_DLLCalibrationReadyCallback
 .text.HAL_HRTIM_BurstModePeriodCallback
                0x08003c74        0x2 CMakeFiles/UF4DigitalPower.elf.dir/Drivers/STM32G4xx_HAL_Driver/Src/stm32g4xx_hal_hrtim.c.obj
                0x08003c74                HAL_HRTIM_BurstModePeriodCallback
 .text.HAL_HRTIM_SynchronizationEventCallback
                0x08003c76        0x2 CMakeFiles/UF4DigitalPower.elf.dir/Drivers/STM32G4xx_HAL_Driver/Src/stm32g4xx_hal_hrtim.c.obj
                0x08003c76                HAL_HRTIM_SynchronizationEventCallback
 .text.HAL_HRTIM_RegistersUpdateCallback
                0x08003c78        0x2 CMakeFiles/UF4DigitalPower.elf.dir/Drivers/STM32G4xx_HAL_Driver/Src/stm32g4xx_hal_hrtim.c.obj
                0x08003c78                HAL_HRTIM_RegistersUpdateCallback
 .text.HAL_HRTIM_Compare1EventCallback
                0x08003c7a        0x2 CMakeFiles/UF4DigitalPower.elf.dir/Drivers/STM32G4xx_HAL_Driver/Src/stm32g4xx_hal_hrtim.c.obj
                0x08003c7a                HAL_HRTIM_Compare1EventCallback
 .text.HAL_HRTIM_Compare2EventCallback
                0x08003c7c        0x2 CMakeFiles/UF4DigitalPower.elf.dir/Drivers/STM32G4xx_HAL_Driver/Src/stm32g4xx_hal_hrtim.c.obj
                0x08003c7c                HAL_HRTIM_Compare2EventCallback
 .text.HAL_HRTIM_Compare3EventCallback
                0x08003c7e        0x2 CMakeFiles/UF4DigitalPower.elf.dir/Drivers/STM32G4xx_HAL_Driver/Src/stm32g4xx_hal_hrtim.c.obj
                0x08003c7e                HAL_HRTIM_Compare3EventCallback
 .text.HAL_HRTIM_Compare4EventCallback
                0x08003c80        0x2 CMakeFiles/UF4DigitalPower.elf.dir/Drivers/STM32G4xx_HAL_Driver/Src/stm32g4xx_hal_hrtim.c.obj
                0x08003c80                HAL_HRTIM_Compare4EventCallback
 .text.HRTIM_Master_ISR
                0x08003c82      0x11e CMakeFiles/UF4DigitalPower.elf.dir/Drivers/STM32G4xx_HAL_Driver/Src/stm32g4xx_hal_hrtim.c.obj
 .text.HAL_HRTIM_Capture1EventCallback
                0x08003da0        0x2 CMakeFiles/UF4DigitalPower.elf.dir/Drivers/STM32G4xx_HAL_Driver/Src/stm32g4xx_hal_hrtim.c.obj
                0x08003da0                HAL_HRTIM_Capture1EventCallback
 .text.HAL_HRTIM_Capture2EventCallback
                0x08003da2        0x2 CMakeFiles/UF4DigitalPower.elf.dir/Drivers/STM32G4xx_HAL_Driver/Src/stm32g4xx_hal_hrtim.c.obj
                0x08003da2                HAL_HRTIM_Capture2EventCallback
 .text.HAL_HRTIM_DelayedProtectionCallback
                0x08003da4        0x2 CMakeFiles/UF4DigitalPower.elf.dir/Drivers/STM32G4xx_HAL_Driver/Src/stm32g4xx_hal_hrtim.c.obj
                0x08003da4                HAL_HRTIM_DelayedProtectionCallback
 .text.HAL_HRTIM_CounterResetCallback
                0x08003da6        0x2 CMakeFiles/UF4DigitalPower.elf.dir/Drivers/STM32G4xx_HAL_Driver/Src/stm32g4xx_hal_hrtim.c.obj
                0x08003da6                HAL_HRTIM_CounterResetCallback
 .text.HAL_HRTIM_Output1SetCallback
                0x08003da8        0x2 CMakeFiles/UF4DigitalPower.elf.dir/Drivers/STM32G4xx_HAL_Driver/Src/stm32g4xx_hal_hrtim.c.obj
                0x08003da8                HAL_HRTIM_Output1SetCallback
 .text.HAL_HRTIM_Output1ResetCallback
                0x08003daa        0x2 CMakeFiles/UF4DigitalPower.elf.dir/Drivers/STM32G4xx_HAL_Driver/Src/stm32g4xx_hal_hrtim.c.obj
                0x08003daa                HAL_HRTIM_Output1ResetCallback
 .text.HAL_HRTIM_Output2SetCallback
                0x08003dac        0x2 CMakeFiles/UF4DigitalPower.elf.dir/Drivers/STM32G4xx_HAL_Driver/Src/stm32g4xx_hal_hrtim.c.obj
                0x08003dac                HAL_HRTIM_Output2SetCallback
 .text.HAL_HRTIM_Output2ResetCallback
                0x08003dae        0x2 CMakeFiles/UF4DigitalPower.elf.dir/Drivers/STM32G4xx_HAL_Driver/Src/stm32g4xx_hal_hrtim.c.obj
                0x08003dae                HAL_HRTIM_Output2ResetCallback
 .text.HRTIM_Timer_ISR
                0x08003db0      0x204 CMakeFiles/UF4DigitalPower.elf.dir/Drivers/STM32G4xx_HAL_Driver/Src/stm32g4xx_hal_hrtim.c.obj
 .text.HAL_HRTIM_IRQHandler
                0x08003fb4       0x1c CMakeFiles/UF4DigitalPower.elf.dir/Drivers/STM32G4xx_HAL_Driver/Src/stm32g4xx_hal_hrtim.c.obj
                0x08003fb4                HAL_HRTIM_IRQHandler
 .text.HAL_IWDG_Init
                0x08003fd0       0x68 CMakeFiles/UF4DigitalPower.elf.dir/Drivers/STM32G4xx_HAL_Driver/Src/stm32g4xx_hal_iwdg.c.obj
                0x08003fd0                HAL_IWDG_Init
 .text.HAL_IWDG_Refresh
                0x08004038        0xc CMakeFiles/UF4DigitalPower.elf.dir/Drivers/STM32G4xx_HAL_Driver/Src/stm32g4xx_hal_iwdg.c.obj
                0x08004038                HAL_IWDG_Refresh
 .text.HAL_PCD_EP_DB_Receive
                0x08004044      0x118 CMakeFiles/UF4DigitalPower.elf.dir/Drivers/STM32G4xx_HAL_Driver/Src/stm32g4xx_hal_pcd.c.obj
 .text.HAL_PCD_Init
                0x0800415c       0xb6 CMakeFiles/UF4DigitalPower.elf.dir/Drivers/STM32G4xx_HAL_Driver/Src/stm32g4xx_hal_pcd.c.obj
                0x0800415c                HAL_PCD_Init
 .text.HAL_PCD_Start
                0x08004212       0x2a CMakeFiles/UF4DigitalPower.elf.dir/Drivers/STM32G4xx_HAL_Driver/Src/stm32g4xx_hal_pcd.c.obj
                0x08004212                HAL_PCD_Start
 .text.HAL_PCD_EP_DB_Transmit
                0x0800423c      0x472 CMakeFiles/UF4DigitalPower.elf.dir/Drivers/STM32G4xx_HAL_Driver/Src/stm32g4xx_hal_pcd.c.obj
 .text.PCD_EP_ISR_Handler
                0x080046ae      0x4c4 CMakeFiles/UF4DigitalPower.elf.dir/Drivers/STM32G4xx_HAL_Driver/Src/stm32g4xx_hal_pcd.c.obj
 .text.HAL_PCD_SetAddress
                0x08004b72       0x26 CMakeFiles/UF4DigitalPower.elf.dir/Drivers/STM32G4xx_HAL_Driver/Src/stm32g4xx_hal_pcd.c.obj
                0x08004b72                HAL_PCD_SetAddress
 .text.HAL_PCD_IRQHandler
                0x08004b98      0x1b2 CMakeFiles/UF4DigitalPower.elf.dir/Drivers/STM32G4xx_HAL_Driver/Src/stm32g4xx_hal_pcd.c.obj
                0x08004b98                HAL_PCD_IRQHandler
 .text.HAL_PCD_EP_Open
                0x08004d4a       0x86 CMakeFiles/UF4DigitalPower.elf.dir/Drivers/STM32G4xx_HAL_Driver/Src/stm32g4xx_hal_pcd.c.obj
                0x08004d4a                HAL_PCD_EP_Open
 .text.HAL_PCD_EP_Close
                0x08004dd0       0x6c CMakeFiles/UF4DigitalPower.elf.dir/Drivers/STM32G4xx_HAL_Driver/Src/stm32g4xx_hal_pcd.c.obj
                0x08004dd0                HAL_PCD_EP_Close
 .text.HAL_PCD_EP_Receive
                0x08004e3c       0x3a CMakeFiles/UF4DigitalPower.elf.dir/Drivers/STM32G4xx_HAL_Driver/Src/stm32g4xx_hal_pcd.c.obj
                0x08004e3c                HAL_PCD_EP_Receive
 .text.HAL_PCD_EP_GetRxCount
                0x08004e76       0x12 CMakeFiles/UF4DigitalPower.elf.dir/Drivers/STM32G4xx_HAL_Driver/Src/stm32g4xx_hal_pcd.c.obj
                0x08004e76                HAL_PCD_EP_GetRxCount
 .text.HAL_PCD_EP_Transmit
                0x08004e88       0x4c CMakeFiles/UF4DigitalPower.elf.dir/Drivers/STM32G4xx_HAL_Driver/Src/stm32g4xx_hal_pcd.c.obj
                0x08004e88                HAL_PCD_EP_Transmit
 .text.HAL_PCD_EP_SetStall
                0x08004ed4       0x72 CMakeFiles/UF4DigitalPower.elf.dir/Drivers/STM32G4xx_HAL_Driver/Src/stm32g4xx_hal_pcd.c.obj
                0x08004ed4                HAL_PCD_EP_SetStall
 .text.HAL_PCD_EP_ClrStall
                0x08004f46       0x7e CMakeFiles/UF4DigitalPower.elf.dir/Drivers/STM32G4xx_HAL_Driver/Src/stm32g4xx_hal_pcd.c.obj
                0x08004f46                HAL_PCD_EP_ClrStall
 .text.HAL_PCDEx_PMAConfig
                0x08004fc4       0x38 CMakeFiles/UF4DigitalPower.elf.dir/Drivers/STM32G4xx_HAL_Driver/Src/stm32g4xx_hal_pcd_ex.c.obj
                0x08004fc4                HAL_PCDEx_PMAConfig
 .text.HAL_PCDEx_ActivateLPM
                0x08004ffc       0x2c CMakeFiles/UF4DigitalPower.elf.dir/Drivers/STM32G4xx_HAL_Driver/Src/stm32g4xx_hal_pcd_ex.c.obj
                0x08004ffc                HAL_PCDEx_ActivateLPM
 .text.HAL_PWREx_ControlVoltageScaling
                0x08005028      0x10c CMakeFiles/UF4DigitalPower.elf.dir/Drivers/STM32G4xx_HAL_Driver/Src/stm32g4xx_hal_pwr_ex.c.obj
                0x08005028                HAL_PWREx_ControlVoltageScaling
 .text.HAL_PWREx_DisableUCPDDeadBattery
                0x08005134       0x10 CMakeFiles/UF4DigitalPower.elf.dir/Drivers/STM32G4xx_HAL_Driver/Src/stm32g4xx_hal_pwr_ex.c.obj
                0x08005134                HAL_PWREx_DisableUCPDDeadBattery
 .text.RCC_GetSysClockFreqFromPLLSource
                0x08005144       0x58 CMakeFiles/UF4DigitalPower.elf.dir/Drivers/STM32G4xx_HAL_Driver/Src/stm32g4xx_hal_rcc.c.obj
 .text.HAL_RCC_OscConfig
                0x0800519c      0x4e4 CMakeFiles/UF4DigitalPower.elf.dir/Drivers/STM32G4xx_HAL_Driver/Src/stm32g4xx_hal_rcc.c.obj
                0x0800519c                HAL_RCC_OscConfig
 .text.HAL_RCC_GetSysClockFreq
                0x08005680       0x88 CMakeFiles/UF4DigitalPower.elf.dir/Drivers/STM32G4xx_HAL_Driver/Src/stm32g4xx_hal_rcc.c.obj
                0x08005680                HAL_RCC_GetSysClockFreq
 .text.HAL_RCC_ClockConfig
                0x08005708      0x1f8 CMakeFiles/UF4DigitalPower.elf.dir/Drivers/STM32G4xx_HAL_Driver/Src/stm32g4xx_hal_rcc.c.obj
                0x08005708                HAL_RCC_ClockConfig
 .text.HAL_RCC_GetHCLKFreq
                0x08005900        0xc CMakeFiles/UF4DigitalPower.elf.dir/Drivers/STM32G4xx_HAL_Driver/Src/stm32g4xx_hal_rcc.c.obj
                0x08005900                HAL_RCC_GetHCLKFreq
 .text.HAL_RCC_GetPCLK1Freq
                0x0800590c       0x24 CMakeFiles/UF4DigitalPower.elf.dir/Drivers/STM32G4xx_HAL_Driver/Src/stm32g4xx_hal_rcc.c.obj
                0x0800590c                HAL_RCC_GetPCLK1Freq
 .text.HAL_RCC_GetPCLK2Freq
                0x08005930       0x24 CMakeFiles/UF4DigitalPower.elf.dir/Drivers/STM32G4xx_HAL_Driver/Src/stm32g4xx_hal_rcc.c.obj
                0x08005930                HAL_RCC_GetPCLK2Freq
 .text.HAL_RCCEx_PeriphCLKConfig
                0x08005954      0x378 CMakeFiles/UF4DigitalPower.elf.dir/Drivers/STM32G4xx_HAL_Driver/Src/stm32g4xx_hal_rcc_ex.c.obj
                0x08005954                HAL_RCCEx_PeriphCLKConfig
 .text.SPI_WaitFlagStateUntilTimeout
                0x08005ccc       0xc8 CMakeFiles/UF4DigitalPower.elf.dir/Drivers/STM32G4xx_HAL_Driver/Src/stm32g4xx_hal_spi.c.obj
 .text.SPI_WaitFifoStateUntilTimeout
                0x08005d94       0xf0 CMakeFiles/UF4DigitalPower.elf.dir/Drivers/STM32G4xx_HAL_Driver/Src/stm32g4xx_hal_spi.c.obj
 .text.SPI_EndRxTxTransaction
                0x08005e84       0x62 CMakeFiles/UF4DigitalPower.elf.dir/Drivers/STM32G4xx_HAL_Driver/Src/stm32g4xx_hal_spi.c.obj
 .text.SPI_EndRxTransaction
                0x08005ee6       0x82 CMakeFiles/UF4DigitalPower.elf.dir/Drivers/STM32G4xx_HAL_Driver/Src/stm32g4xx_hal_spi.c.obj
 .text.HAL_SPI_Init
                0x08005f68       0xe8 CMakeFiles/UF4DigitalPower.elf.dir/Drivers/STM32G4xx_HAL_Driver/Src/stm32g4xx_hal_spi.c.obj
                0x08005f68                HAL_SPI_Init
 .text.HAL_SPI_Transmit
                0x08006050      0x20a CMakeFiles/UF4DigitalPower.elf.dir/Drivers/STM32G4xx_HAL_Driver/Src/stm32g4xx_hal_spi.c.obj
                0x08006050                HAL_SPI_Transmit
 .text.HAL_SPI_TransmitReceive
                0x0800625a      0x2fe CMakeFiles/UF4DigitalPower.elf.dir/Drivers/STM32G4xx_HAL_Driver/Src/stm32g4xx_hal_spi.c.obj
                0x0800625a                HAL_SPI_TransmitReceive
 .text.HAL_SPI_Receive
                0x08006558      0x1b0 CMakeFiles/UF4DigitalPower.elf.dir/Drivers/STM32G4xx_HAL_Driver/Src/stm32g4xx_hal_spi.c.obj
                0x08006558                HAL_SPI_Receive
 .text.TIM_OC1_SetConfig
                0x08006708       0xac CMakeFiles/UF4DigitalPower.elf.dir/Drivers/STM32G4xx_HAL_Driver/Src/stm32g4xx_hal_tim.c.obj
 .text.TIM_OC3_SetConfig
                0x080067b4       0x9c CMakeFiles/UF4DigitalPower.elf.dir/Drivers/STM32G4xx_HAL_Driver/Src/stm32g4xx_hal_tim.c.obj
 .text.TIM_OC4_SetConfig
                0x08006850       0x9c CMakeFiles/UF4DigitalPower.elf.dir/Drivers/STM32G4xx_HAL_Driver/Src/stm32g4xx_hal_tim.c.obj
 .text.TIM_OC5_SetConfig
                0x080068ec       0x70 CMakeFiles/UF4DigitalPower.elf.dir/Drivers/STM32G4xx_HAL_Driver/Src/stm32g4xx_hal_tim.c.obj
 .text.TIM_OC6_SetConfig
                0x0800695c       0x74 CMakeFiles/UF4DigitalPower.elf.dir/Drivers/STM32G4xx_HAL_Driver/Src/stm32g4xx_hal_tim.c.obj
 .text.TIM_TI1_ConfigInputStage
                0x080069d0       0x26 CMakeFiles/UF4DigitalPower.elf.dir/Drivers/STM32G4xx_HAL_Driver/Src/stm32g4xx_hal_tim.c.obj
 .text.TIM_TI2_ConfigInputStage
                0x080069f6       0x28 CMakeFiles/UF4DigitalPower.elf.dir/Drivers/STM32G4xx_HAL_Driver/Src/stm32g4xx_hal_tim.c.obj
 .text.TIM_ITRx_SetConfig
                0x08006a1e       0x14 CMakeFiles/UF4DigitalPower.elf.dir/Drivers/STM32G4xx_HAL_Driver/Src/stm32g4xx_hal_tim.c.obj
 *fill*         0x08006a32        0x2 
 .text.HAL_TIM_Base_Start_IT
                0x08006a34       0x94 CMakeFiles/UF4DigitalPower.elf.dir/Drivers/STM32G4xx_HAL_Driver/Src/stm32g4xx_hal_tim.c.obj
                0x08006a34                HAL_TIM_Base_Start_IT
 .text.HAL_TIM_PWM_MspInit
                0x08006ac8        0x2 CMakeFiles/UF4DigitalPower.elf.dir/Drivers/STM32G4xx_HAL_Driver/Src/stm32g4xx_hal_tim.c.obj
                0x08006ac8                HAL_TIM_PWM_MspInit
 .text.HAL_TIM_OC_DelayElapsedCallback
                0x08006aca        0x2 CMakeFiles/UF4DigitalPower.elf.dir/Drivers/STM32G4xx_HAL_Driver/Src/stm32g4xx_hal_tim.c.obj
                0x08006aca                HAL_TIM_OC_DelayElapsedCallback
 .text.HAL_TIM_IC_CaptureCallback
                0x08006acc        0x2 CMakeFiles/UF4DigitalPower.elf.dir/Drivers/STM32G4xx_HAL_Driver/Src/stm32g4xx_hal_tim.c.obj
                0x08006acc                HAL_TIM_IC_CaptureCallback
 .text.HAL_TIM_PWM_PulseFinishedCallback
                0x08006ace        0x2 CMakeFiles/UF4DigitalPower.elf.dir/Drivers/STM32G4xx_HAL_Driver/Src/stm32g4xx_hal_tim.c.obj
                0x08006ace                HAL_TIM_PWM_PulseFinishedCallback
 .text.HAL_TIM_TriggerCallback
                0x08006ad0        0x2 CMakeFiles/UF4DigitalPower.elf.dir/Drivers/STM32G4xx_HAL_Driver/Src/stm32g4xx_hal_tim.c.obj
                0x08006ad0                HAL_TIM_TriggerCallback
 .text.HAL_TIM_IRQHandler
                0x08006ad2      0x1ea CMakeFiles/UF4DigitalPower.elf.dir/Drivers/STM32G4xx_HAL_Driver/Src/stm32g4xx_hal_tim.c.obj
                0x08006ad2                HAL_TIM_IRQHandler
 .text.TIM_Base_SetConfig
                0x08006cbc       0xf0 CMakeFiles/UF4DigitalPower.elf.dir/Drivers/STM32G4xx_HAL_Driver/Src/stm32g4xx_hal_tim.c.obj
                0x08006cbc                TIM_Base_SetConfig
 .text.HAL_TIM_Base_Init
                0x08006dac       0x60 CMakeFiles/UF4DigitalPower.elf.dir/Drivers/STM32G4xx_HAL_Driver/Src/stm32g4xx_hal_tim.c.obj
                0x08006dac                HAL_TIM_Base_Init
 .text.HAL_TIM_PWM_Init
                0x08006e0c       0x60 CMakeFiles/UF4DigitalPower.elf.dir/Drivers/STM32G4xx_HAL_Driver/Src/stm32g4xx_hal_tim.c.obj
                0x08006e0c                HAL_TIM_PWM_Init
 .text.TIM_OC2_SetConfig
                0x08006e6c       0x9c CMakeFiles/UF4DigitalPower.elf.dir/Drivers/STM32G4xx_HAL_Driver/Src/stm32g4xx_hal_tim.c.obj
                0x08006e6c                TIM_OC2_SetConfig
 .text.HAL_TIM_PWM_ConfigChannel
                0x08006f08      0x13a CMakeFiles/UF4DigitalPower.elf.dir/Drivers/STM32G4xx_HAL_Driver/Src/stm32g4xx_hal_tim.c.obj
                0x08006f08                HAL_TIM_PWM_ConfigChannel
 .text.TIM_ETR_SetConfig
                0x08007042       0x1a CMakeFiles/UF4DigitalPower.elf.dir/Drivers/STM32G4xx_HAL_Driver/Src/stm32g4xx_hal_tim.c.obj
                0x08007042                TIM_ETR_SetConfig
 .text.HAL_TIM_ConfigClockSource
                0x0800705c      0x154 CMakeFiles/UF4DigitalPower.elf.dir/Drivers/STM32G4xx_HAL_Driver/Src/stm32g4xx_hal_tim.c.obj
                0x0800705c                HAL_TIM_ConfigClockSource
 .text.TIM_CCxChannelCmd
                0x080071b0       0x1e CMakeFiles/UF4DigitalPower.elf.dir/Drivers/STM32G4xx_HAL_Driver/Src/stm32g4xx_hal_tim.c.obj
                0x080071b0                TIM_CCxChannelCmd
 *fill*         0x080071ce        0x2 
 .text.HAL_TIM_PWM_Start
                0x080071d0      0x17c CMakeFiles/UF4DigitalPower.elf.dir/Drivers/STM32G4xx_HAL_Driver/Src/stm32g4xx_hal_tim.c.obj
                0x080071d0                HAL_TIM_PWM_Start
 .text.HAL_TIMEx_MasterConfigSynchronization
                0x0800734c       0xac CMakeFiles/UF4DigitalPower.elf.dir/Drivers/STM32G4xx_HAL_Driver/Src/stm32g4xx_hal_tim_ex.c.obj
                0x0800734c                HAL_TIMEx_MasterConfigSynchronization
 .text.HAL_TIMEx_ConfigBreakDeadTime
                0x080073f8       0xa8 CMakeFiles/UF4DigitalPower.elf.dir/Drivers/STM32G4xx_HAL_Driver/Src/stm32g4xx_hal_tim_ex.c.obj
                0x080073f8                HAL_TIMEx_ConfigBreakDeadTime
 .text.HAL_TIMEx_CommutCallback
                0x080074a0        0x2 CMakeFiles/UF4DigitalPower.elf.dir/Drivers/STM32G4xx_HAL_Driver/Src/stm32g4xx_hal_tim_ex.c.obj
                0x080074a0                HAL_TIMEx_CommutCallback
 .text.HAL_TIMEx_BreakCallback
                0x080074a2        0x2 CMakeFiles/UF4DigitalPower.elf.dir/Drivers/STM32G4xx_HAL_Driver/Src/stm32g4xx_hal_tim_ex.c.obj
                0x080074a2                HAL_TIMEx_BreakCallback
 .text.HAL_TIMEx_Break2Callback
                0x080074a4        0x2 CMakeFiles/UF4DigitalPower.elf.dir/Drivers/STM32G4xx_HAL_Driver/Src/stm32g4xx_hal_tim_ex.c.obj
                0x080074a4                HAL_TIMEx_Break2Callback
 .text.HAL_TIMEx_EncoderIndexCallback
                0x080074a6        0x2 CMakeFiles/UF4DigitalPower.elf.dir/Drivers/STM32G4xx_HAL_Driver/Src/stm32g4xx_hal_tim_ex.c.obj
                0x080074a6                HAL_TIMEx_EncoderIndexCallback
 .text.HAL_TIMEx_DirectionChangeCallback
                0x080074a8        0x2 CMakeFiles/UF4DigitalPower.elf.dir/Drivers/STM32G4xx_HAL_Driver/Src/stm32g4xx_hal_tim_ex.c.obj
                0x080074a8                HAL_TIMEx_DirectionChangeCallback
 .text.HAL_TIMEx_IndexErrorCallback
                0x080074aa        0x2 CMakeFiles/UF4DigitalPower.elf.dir/Drivers/STM32G4xx_HAL_Driver/Src/stm32g4xx_hal_tim_ex.c.obj
                0x080074aa                HAL_TIMEx_IndexErrorCallback
 .text.HAL_TIMEx_TransitionErrorCallback
                0x080074ac        0x2 CMakeFiles/UF4DigitalPower.elf.dir/Drivers/STM32G4xx_HAL_Driver/Src/stm32g4xx_hal_tim_ex.c.obj
                0x080074ac                HAL_TIMEx_TransitionErrorCallback
 .text.UART_EndRxTransfer
                0x080074ae       0x56 CMakeFiles/UF4DigitalPower.elf.dir/Drivers/STM32G4xx_HAL_Driver/Src/stm32g4xx_hal_uart.c.obj
 .text.UART_SetConfig
                0x08007504      0x388 CMakeFiles/UF4DigitalPower.elf.dir/Drivers/STM32G4xx_HAL_Driver/Src/stm32g4xx_hal_uart.c.obj
                0x08007504                UART_SetConfig
 .text.UART_AdvFeatureConfig
                0x0800788c       0xca CMakeFiles/UF4DigitalPower.elf.dir/Drivers/STM32G4xx_HAL_Driver/Src/stm32g4xx_hal_uart.c.obj
                0x0800788c                UART_AdvFeatureConfig
 .text.UART_WaitOnFlagUntilTimeout
                0x08007956       0x9e CMakeFiles/UF4DigitalPower.elf.dir/Drivers/STM32G4xx_HAL_Driver/Src/stm32g4xx_hal_uart.c.obj
                0x08007956                UART_WaitOnFlagUntilTimeout
 .text.UART_CheckIdleState
                0x080079f4       0xca CMakeFiles/UF4DigitalPower.elf.dir/Drivers/STM32G4xx_HAL_Driver/Src/stm32g4xx_hal_uart.c.obj
                0x080079f4                UART_CheckIdleState
 .text.HAL_UART_Init
                0x08007abe       0x66 CMakeFiles/UF4DigitalPower.elf.dir/Drivers/STM32G4xx_HAL_Driver/Src/stm32g4xx_hal_uart.c.obj
                0x08007abe                HAL_UART_Init
 .text.UARTEx_SetNbDataToProcess
                0x08007b24       0x4c CMakeFiles/UF4DigitalPower.elf.dir/Drivers/STM32G4xx_HAL_Driver/Src/stm32g4xx_hal_uart_ex.c.obj
 .text.HAL_UARTEx_DisableFifoMode
                0x08007b70       0x3e CMakeFiles/UF4DigitalPower.elf.dir/Drivers/STM32G4xx_HAL_Driver/Src/stm32g4xx_hal_uart_ex.c.obj
                0x08007b70                HAL_UARTEx_DisableFifoMode
 .text.HAL_UARTEx_SetTxFifoThreshold
                0x08007bae       0x4a CMakeFiles/UF4DigitalPower.elf.dir/Drivers/STM32G4xx_HAL_Driver/Src/stm32g4xx_hal_uart_ex.c.obj
                0x08007bae                HAL_UARTEx_SetTxFifoThreshold
 .text.HAL_UARTEx_SetRxFifoThreshold
                0x08007bf8       0x4a CMakeFiles/UF4DigitalPower.elf.dir/Drivers/STM32G4xx_HAL_Driver/Src/stm32g4xx_hal_uart_ex.c.obj
                0x08007bf8                HAL_UARTEx_SetRxFifoThreshold
 .text.USB_EnableGlobalInt
                0x08007c42       0x12 CMakeFiles/UF4DigitalPower.elf.dir/Drivers/STM32G4xx_HAL_Driver/Src/stm32g4xx_ll_usb.c.obj
                0x08007c42                USB_EnableGlobalInt
 .text.USB_DisableGlobalInt
                0x08007c54       0x14 CMakeFiles/UF4DigitalPower.elf.dir/Drivers/STM32G4xx_HAL_Driver/Src/stm32g4xx_ll_usb.c.obj
                0x08007c54                USB_DisableGlobalInt
 .text.USB_DevInit
                0x08007c68       0x22 CMakeFiles/UF4DigitalPower.elf.dir/Drivers/STM32G4xx_HAL_Driver/Src/stm32g4xx_ll_usb.c.obj
                0x08007c68                USB_DevInit
 .text.USB_ActivateEndpoint
                0x08007c8a      0x51a CMakeFiles/UF4DigitalPower.elf.dir/Drivers/STM32G4xx_HAL_Driver/Src/stm32g4xx_ll_usb.c.obj
                0x08007c8a                USB_ActivateEndpoint
 .text.USB_DeactivateEndpoint
                0x080081a4      0x1d6 CMakeFiles/UF4DigitalPower.elf.dir/Drivers/STM32G4xx_HAL_Driver/Src/stm32g4xx_ll_usb.c.obj
                0x080081a4                USB_DeactivateEndpoint
 .text.USB_EPSetStall
                0x0800837a       0x4a CMakeFiles/UF4DigitalPower.elf.dir/Drivers/STM32G4xx_HAL_Driver/Src/stm32g4xx_ll_usb.c.obj
                0x0800837a                USB_EPSetStall
 .text.USB_EPClearStall
                0x080083c4       0x9c CMakeFiles/UF4DigitalPower.elf.dir/Drivers/STM32G4xx_HAL_Driver/Src/stm32g4xx_ll_usb.c.obj
                0x080083c4                USB_EPClearStall
 .text.USB_SetDevAddress
                0x08008460        0xc CMakeFiles/UF4DigitalPower.elf.dir/Drivers/STM32G4xx_HAL_Driver/Src/stm32g4xx_ll_usb.c.obj
                0x08008460                USB_SetDevAddress
 .text.USB_DevConnect
                0x0800846c       0x16 CMakeFiles/UF4DigitalPower.elf.dir/Drivers/STM32G4xx_HAL_Driver/Src/stm32g4xx_ll_usb.c.obj
                0x0800846c                USB_DevConnect
 .text.USB_ReadInterrupts
                0x08008482        0x8 CMakeFiles/UF4DigitalPower.elf.dir/Drivers/STM32G4xx_HAL_Driver/Src/stm32g4xx_ll_usb.c.obj
                0x08008482                USB_ReadInterrupts
 .text.USB_WritePMA
                0x0800848a       0x24 CMakeFiles/UF4DigitalPower.elf.dir/Drivers/STM32G4xx_HAL_Driver/Src/stm32g4xx_ll_usb.c.obj
                0x0800848a                USB_WritePMA
 .text.USB_EPStartXfer
                0x080084ae      0x584 CMakeFiles/UF4DigitalPower.elf.dir/Drivers/STM32G4xx_HAL_Driver/Src/stm32g4xx_ll_usb.c.obj
                0x080084ae                USB_EPStartXfer
 .text.USB_ReadPMA
                0x08008a32       0x30 CMakeFiles/UF4DigitalPower.elf.dir/Drivers/STM32G4xx_HAL_Driver/Src/stm32g4xx_ll_usb.c.obj
                0x08008a32                USB_ReadPMA
 .text.USBD_CDC_EP0_RxReady
                0x08008a62       0x36 CMakeFiles/UF4DigitalPower.elf.dir/Middlewares/ST/STM32_USB_Device_Library/Class/CDC/Src/usbd_cdc.c.obj
 .text.USBD_CDC_GetFSCfgDesc
                0x08008a98        0xc CMakeFiles/UF4DigitalPower.elf.dir/Middlewares/ST/STM32_USB_Device_Library/Class/CDC/Src/usbd_cdc.c.obj
 .text.USBD_CDC_GetHSCfgDesc
                0x08008aa4        0xc CMakeFiles/UF4DigitalPower.elf.dir/Middlewares/ST/STM32_USB_Device_Library/Class/CDC/Src/usbd_cdc.c.obj
 .text.USBD_CDC_GetOtherSpeedCfgDesc
                0x08008ab0        0xc CMakeFiles/UF4DigitalPower.elf.dir/Middlewares/ST/STM32_USB_Device_Library/Class/CDC/Src/usbd_cdc.c.obj
 .text.USBD_CDC_GetDeviceQualifierDescriptor
                0x08008abc        0xc CMakeFiles/UF4DigitalPower.elf.dir/Middlewares/ST/STM32_USB_Device_Library/Class/CDC/Src/usbd_cdc.c.obj
                0x08008abc                USBD_CDC_GetDeviceQualifierDescriptor
 .text.USBD_CDC_DataOut
                0x08008ac8       0x2a CMakeFiles/UF4DigitalPower.elf.dir/Middlewares/ST/STM32_USB_Device_Library/Class/CDC/Src/usbd_cdc.c.obj
 .text.USBD_CDC_DataIn
                0x08008af2       0x6a CMakeFiles/UF4DigitalPower.elf.dir/Middlewares/ST/STM32_USB_Device_Library/Class/CDC/Src/usbd_cdc.c.obj
 .text.USBD_CDC_Setup
                0x08008b5c       0xf4 CMakeFiles/UF4DigitalPower.elf.dir/Middlewares/ST/STM32_USB_Device_Library/Class/CDC/Src/usbd_cdc.c.obj
 .text.USBD_CDC_DeInit
                0x08008c50       0x48 CMakeFiles/UF4DigitalPower.elf.dir/Middlewares/ST/STM32_USB_Device_Library/Class/CDC/Src/usbd_cdc.c.obj
 .text.USBD_CDC_Init
                0x08008c98       0xc2 CMakeFiles/UF4DigitalPower.elf.dir/Middlewares/ST/STM32_USB_Device_Library/Class/CDC/Src/usbd_cdc.c.obj
 .text.USBD_CDC_RegisterInterface
                0x08008d5a        0xe CMakeFiles/UF4DigitalPower.elf.dir/Middlewares/ST/STM32_USB_Device_Library/Class/CDC/Src/usbd_cdc.c.obj
                0x08008d5a                USBD_CDC_RegisterInterface
 .text.USBD_CDC_SetTxBuffer
                0x08008d68       0x16 CMakeFiles/UF4DigitalPower.elf.dir/Middlewares/ST/STM32_USB_Device_Library/Class/CDC/Src/usbd_cdc.c.obj
                0x08008d68                USBD_CDC_SetTxBuffer
 .text.USBD_CDC_SetRxBuffer
                0x08008d7e       0x12 CMakeFiles/UF4DigitalPower.elf.dir/Middlewares/ST/STM32_USB_Device_Library/Class/CDC/Src/usbd_cdc.c.obj
                0x08008d7e                USBD_CDC_SetRxBuffer
 .text.USBD_CDC_TransmitPacket
                0x08008d90       0x30 CMakeFiles/UF4DigitalPower.elf.dir/Middlewares/ST/STM32_USB_Device_Library/Class/CDC/Src/usbd_cdc.c.obj
                0x08008d90                USBD_CDC_TransmitPacket
 .text.USBD_CDC_ReceivePacket
                0x08008dc0       0x32 CMakeFiles/UF4DigitalPower.elf.dir/Middlewares/ST/STM32_USB_Device_Library/Class/CDC/Src/usbd_cdc.c.obj
                0x08008dc0                USBD_CDC_ReceivePacket
 .text.USBD_Init
                0x08008df2       0x2e CMakeFiles/UF4DigitalPower.elf.dir/Middlewares/ST/STM32_USB_Device_Library/Core/Src/usbd_core.c.obj
                0x08008df2                USBD_Init
 .text.USBD_RegisterClass
                0x08008e20       0x2e CMakeFiles/UF4DigitalPower.elf.dir/Middlewares/ST/STM32_USB_Device_Library/Core/Src/usbd_core.c.obj
                0x08008e20                USBD_RegisterClass
 .text.USBD_Start
                0x08008e4e        0x8 CMakeFiles/UF4DigitalPower.elf.dir/Middlewares/ST/STM32_USB_Device_Library/Core/Src/usbd_core.c.obj
                0x08008e4e                USBD_Start
 .text.USBD_SetClassConfig
                0x08008e56       0x12 CMakeFiles/UF4DigitalPower.elf.dir/Middlewares/ST/STM32_USB_Device_Library/Core/Src/usbd_core.c.obj
                0x08008e56                USBD_SetClassConfig
 .text.USBD_ClrClassConfig
                0x08008e68       0x10 CMakeFiles/UF4DigitalPower.elf.dir/Middlewares/ST/STM32_USB_Device_Library/Core/Src/usbd_core.c.obj
                0x08008e68                USBD_ClrClassConfig
 .text.USBD_LL_SetupStage
                0x08008e78       0x58 CMakeFiles/UF4DigitalPower.elf.dir/Middlewares/ST/STM32_USB_Device_Library/Core/Src/usbd_core.c.obj
                0x08008e78                USBD_LL_SetupStage
 .text.USBD_LL_DataOutStage
                0x08008ed0       0x78 CMakeFiles/UF4DigitalPower.elf.dir/Middlewares/ST/STM32_USB_Device_Library/Core/Src/usbd_core.c.obj
                0x08008ed0                USBD_LL_DataOutStage
 .text.USBD_LL_DataInStage
                0x08008f48       0xbe CMakeFiles/UF4DigitalPower.elf.dir/Middlewares/ST/STM32_USB_Device_Library/Core/Src/usbd_core.c.obj
                0x08008f48                USBD_LL_DataInStage
 .text.USBD_LL_Reset
                0x08009006       0x5a CMakeFiles/UF4DigitalPower.elf.dir/Middlewares/ST/STM32_USB_Device_Library/Core/Src/usbd_core.c.obj
                0x08009006                USBD_LL_Reset
 .text.USBD_LL_SetSpeed
                0x08009060        0x6 CMakeFiles/UF4DigitalPower.elf.dir/Middlewares/ST/STM32_USB_Device_Library/Core/Src/usbd_core.c.obj
                0x08009060                USBD_LL_SetSpeed
 .text.USBD_LL_Suspend
                0x08009066       0x14 CMakeFiles/UF4DigitalPower.elf.dir/Middlewares/ST/STM32_USB_Device_Library/Core/Src/usbd_core.c.obj
                0x08009066                USBD_LL_Suspend
 .text.USBD_LL_Resume
                0x0800907a       0x1a CMakeFiles/UF4DigitalPower.elf.dir/Middlewares/ST/STM32_USB_Device_Library/Core/Src/usbd_core.c.obj
                0x0800907a                USBD_LL_Resume
 .text.USBD_LL_SOF
                0x08009094       0x28 CMakeFiles/UF4DigitalPower.elf.dir/Middlewares/ST/STM32_USB_Device_Library/Core/Src/usbd_core.c.obj
                0x08009094                USBD_LL_SOF
 .text.USBD_GetLen
                0x080090bc       0x14 CMakeFiles/UF4DigitalPower.elf.dir/Middlewares/ST/STM32_USB_Device_Library/Core/Src/usbd_ctlreq.c.obj
 .text.USBD_SetFeature
                0x080090d0       0x14 CMakeFiles/UF4DigitalPower.elf.dir/Middlewares/ST/STM32_USB_Device_Library/Core/Src/usbd_ctlreq.c.obj
 .text.USBD_ParseSetupRequest
                0x080090e4       0x28 CMakeFiles/UF4DigitalPower.elf.dir/Middlewares/ST/STM32_USB_Device_Library/Core/Src/usbd_ctlreq.c.obj
                0x080090e4                USBD_ParseSetupRequest
 .text.USBD_CtlError
                0x0800910c       0x14 CMakeFiles/UF4DigitalPower.elf.dir/Middlewares/ST/STM32_USB_Device_Library/Core/Src/usbd_ctlreq.c.obj
                0x0800910c                USBD_CtlError
 .text.USBD_GetDescriptor
                0x08009120      0x1ac CMakeFiles/UF4DigitalPower.elf.dir/Middlewares/ST/STM32_USB_Device_Library/Core/Src/usbd_ctlreq.c.obj
 .text.USBD_SetAddress
                0x080092cc       0x50 CMakeFiles/UF4DigitalPower.elf.dir/Middlewares/ST/STM32_USB_Device_Library/Core/Src/usbd_ctlreq.c.obj
 .text.USBD_SetConfig
                0x0800931c       0xc8 CMakeFiles/UF4DigitalPower.elf.dir/Middlewares/ST/STM32_USB_Device_Library/Core/Src/usbd_ctlreq.c.obj
 .text.USBD_GetConfig
                0x080093e4       0x40 CMakeFiles/UF4DigitalPower.elf.dir/Middlewares/ST/STM32_USB_Device_Library/Core/Src/usbd_ctlreq.c.obj
 .text.USBD_GetStatus
                0x08009424       0x38 CMakeFiles/UF4DigitalPower.elf.dir/Middlewares/ST/STM32_USB_Device_Library/Core/Src/usbd_ctlreq.c.obj
 .text.USBD_ClrFeature
                0x0800945c       0x26 CMakeFiles/UF4DigitalPower.elf.dir/Middlewares/ST/STM32_USB_Device_Library/Core/Src/usbd_ctlreq.c.obj
 .text.USBD_StdDevReq
                0x08009482       0x70 CMakeFiles/UF4DigitalPower.elf.dir/Middlewares/ST/STM32_USB_Device_Library/Core/Src/usbd_ctlreq.c.obj
                0x08009482                USBD_StdDevReq
 .text.USBD_StdItfReq
                0x080094f2       0x68 CMakeFiles/UF4DigitalPower.elf.dir/Middlewares/ST/STM32_USB_Device_Library/Core/Src/usbd_ctlreq.c.obj
                0x080094f2                USBD_StdItfReq
 .text.USBD_StdEPReq
                0x0800955a      0x1ec CMakeFiles/UF4DigitalPower.elf.dir/Middlewares/ST/STM32_USB_Device_Library/Core/Src/usbd_ctlreq.c.obj
                0x0800955a                USBD_StdEPReq
 .text.USBD_GetString
                0x08009746       0x3a CMakeFiles/UF4DigitalPower.elf.dir/Middlewares/ST/STM32_USB_Device_Library/Core/Src/usbd_ctlreq.c.obj
                0x08009746                USBD_GetString
 .text.USBD_CtlSendData
                0x08009780       0x1a CMakeFiles/UF4DigitalPower.elf.dir/Middlewares/ST/STM32_USB_Device_Library/Core/Src/usbd_ioreq.c.obj
                0x08009780                USBD_CtlSendData
 .text.USBD_CtlContinueSendData
                0x0800979a       0x10 CMakeFiles/UF4DigitalPower.elf.dir/Middlewares/ST/STM32_USB_Device_Library/Core/Src/usbd_ioreq.c.obj
                0x0800979a                USBD_CtlContinueSendData
 .text.USBD_CtlPrepareRx
                0x080097aa       0x1e CMakeFiles/UF4DigitalPower.elf.dir/Middlewares/ST/STM32_USB_Device_Library/Core/Src/usbd_ioreq.c.obj
                0x080097aa                USBD_CtlPrepareRx
 .text.USBD_CtlContinueRx
                0x080097c8       0x10 CMakeFiles/UF4DigitalPower.elf.dir/Middlewares/ST/STM32_USB_Device_Library/Core/Src/usbd_ioreq.c.obj
                0x080097c8                USBD_CtlContinueRx
 .text.USBD_CtlSendStatus
                0x080097d8       0x16 CMakeFiles/UF4DigitalPower.elf.dir/Middlewares/ST/STM32_USB_Device_Library/Core/Src/usbd_ioreq.c.obj
                0x080097d8                USBD_CtlSendStatus
 .text.USBD_CtlReceiveStatus
                0x080097ee       0x16 CMakeFiles/UF4DigitalPower.elf.dir/Middlewares/ST/STM32_USB_Device_Library/Core/Src/usbd_ioreq.c.obj
                0x080097ee                USBD_CtlReceiveStatus
 .text.MX_USB_Device_Init
                0x08009804       0x54 CMakeFiles/UF4DigitalPower.elf.dir/USB_Device/App/usb_device.c.obj
                0x08009804                MX_USB_Device_Init
 .text.CDC_DeInit_FS
                0x08009858        0x4 CMakeFiles/UF4DigitalPower.elf.dir/USB_Device/App/usbd_cdc_if.c.obj
 .text.CDC_Control_FS
                0x0800985c        0x4 CMakeFiles/UF4DigitalPower.elf.dir/USB_Device/App/usbd_cdc_if.c.obj
 .text.CDC_TransmitCplt_FS
                0x08009860        0x4 CMakeFiles/UF4DigitalPower.elf.dir/USB_Device/App/usbd_cdc_if.c.obj
 .text.CDC_Receive_FS
                0x08009864       0x24 CMakeFiles/UF4DigitalPower.elf.dir/USB_Device/App/usbd_cdc_if.c.obj
 .text.CDC_Init_FS
                0x08009888       0x28 CMakeFiles/UF4DigitalPower.elf.dir/USB_Device/App/usbd_cdc_if.c.obj
 .text.CDC_Transmit_FS
                0x080098b0       0x2c CMakeFiles/UF4DigitalPower.elf.dir/USB_Device/App/usbd_cdc_if.c.obj
                0x080098b0                CDC_Transmit_FS
 .text.USBD_CDC_DeviceDescriptor
                0x080098dc        0xc CMakeFiles/UF4DigitalPower.elf.dir/USB_Device/App/usbd_desc.c.obj
                0x080098dc                USBD_CDC_DeviceDescriptor
 .text.USBD_CDC_LangIDStrDescriptor
                0x080098e8        0xc CMakeFiles/UF4DigitalPower.elf.dir/USB_Device/App/usbd_desc.c.obj
                0x080098e8                USBD_CDC_LangIDStrDescriptor
 .text.IntToUnicode
                0x080098f4       0x46 CMakeFiles/UF4DigitalPower.elf.dir/USB_Device/App/usbd_desc.c.obj
 *fill*         0x0800993a        0x2 
 .text.Get_SerialNum
                0x0800993c       0x38 CMakeFiles/UF4DigitalPower.elf.dir/USB_Device/App/usbd_desc.c.obj
 .text.USBD_CDC_SerialStrDescriptor
                0x08009974       0x14 CMakeFiles/UF4DigitalPower.elf.dir/USB_Device/App/usbd_desc.c.obj
                0x08009974                USBD_CDC_SerialStrDescriptor
 .text.USBD_CDC_ProductStrDescriptor
                0x08009988       0x24 CMakeFiles/UF4DigitalPower.elf.dir/USB_Device/App/usbd_desc.c.obj
                0x08009988                USBD_CDC_ProductStrDescriptor
 .text.USBD_CDC_ManufacturerStrDescriptor
                0x080099ac       0x1c CMakeFiles/UF4DigitalPower.elf.dir/USB_Device/App/usbd_desc.c.obj
                0x080099ac                USBD_CDC_ManufacturerStrDescriptor
 .text.USBD_CDC_ConfigStrDescriptor
                0x080099c8       0x24 CMakeFiles/UF4DigitalPower.elf.dir/USB_Device/App/usbd_desc.c.obj
                0x080099c8                USBD_CDC_ConfigStrDescriptor
 .text.USBD_CDC_InterfaceStrDescriptor
                0x080099ec       0x24 CMakeFiles/UF4DigitalPower.elf.dir/USB_Device/App/usbd_desc.c.obj
                0x080099ec                USBD_CDC_InterfaceStrDescriptor
 .text.USBD_Get_USB_Status
                0x08009a10       0x14 CMakeFiles/UF4DigitalPower.elf.dir/USB_Device/Target/usbd_conf.c.obj
 .text.SystemClockConfig_Resume
                0x08009a24        0x8 CMakeFiles/UF4DigitalPower.elf.dir/USB_Device/Target/usbd_conf.c.obj
 .text.HAL_PCD_MspInit
                0x08009a2c       0x60 CMakeFiles/UF4DigitalPower.elf.dir/USB_Device/Target/usbd_conf.c.obj
                0x08009a2c                HAL_PCD_MspInit
 .text.HAL_PCD_SetupStageCallback
                0x08009a8c       0x10 CMakeFiles/UF4DigitalPower.elf.dir/USB_Device/Target/usbd_conf.c.obj
                0x08009a8c                HAL_PCD_SetupStageCallback
 .text.HAL_PCD_DataOutStageCallback
                0x08009a9c       0x18 CMakeFiles/UF4DigitalPower.elf.dir/USB_Device/Target/usbd_conf.c.obj
                0x08009a9c                HAL_PCD_DataOutStageCallback
 .text.HAL_PCD_DataInStageCallback
                0x08009ab4       0x16 CMakeFiles/UF4DigitalPower.elf.dir/USB_Device/Target/usbd_conf.c.obj
                0x08009ab4                HAL_PCD_DataInStageCallback
 .text.HAL_PCD_SOFCallback
                0x08009aca        0xc CMakeFiles/UF4DigitalPower.elf.dir/USB_Device/Target/usbd_conf.c.obj
                0x08009aca                HAL_PCD_SOFCallback
 .text.HAL_PCD_ResetCallback
                0x08009ad6       0x24 CMakeFiles/UF4DigitalPower.elf.dir/USB_Device/Target/usbd_conf.c.obj
                0x08009ad6                HAL_PCD_ResetCallback
 *fill*         0x08009afa        0x2 
 .text.HAL_PCD_SuspendCallback
                0x08009afc       0x20 CMakeFiles/UF4DigitalPower.elf.dir/USB_Device/Target/usbd_conf.c.obj
                0x08009afc                HAL_PCD_SuspendCallback
 .text.HAL_PCD_ResumeCallback
                0x08009b1c       0x28 CMakeFiles/UF4DigitalPower.elf.dir/USB_Device/Target/usbd_conf.c.obj
                0x08009b1c                HAL_PCD_ResumeCallback
 .text.USBD_LL_Init
                0x08009b44       0x88 CMakeFiles/UF4DigitalPower.elf.dir/USB_Device/Target/usbd_conf.c.obj
                0x08009b44                USBD_LL_Init
 .text.USBD_LL_Start
                0x08009bcc       0x10 CMakeFiles/UF4DigitalPower.elf.dir/USB_Device/Target/usbd_conf.c.obj
                0x08009bcc                USBD_LL_Start
 .text.USBD_LL_OpenEP
                0x08009bdc       0x16 CMakeFiles/UF4DigitalPower.elf.dir/USB_Device/Target/usbd_conf.c.obj
                0x08009bdc                USBD_LL_OpenEP
 .text.USBD_LL_CloseEP
                0x08009bf2       0x10 CMakeFiles/UF4DigitalPower.elf.dir/USB_Device/Target/usbd_conf.c.obj
                0x08009bf2                USBD_LL_CloseEP
 .text.USBD_LL_StallEP
                0x08009c02       0x10 CMakeFiles/UF4DigitalPower.elf.dir/USB_Device/Target/usbd_conf.c.obj
                0x08009c02                USBD_LL_StallEP
 .text.USBD_LL_ClearStallEP
                0x08009c12       0x10 CMakeFiles/UF4DigitalPower.elf.dir/USB_Device/Target/usbd_conf.c.obj
                0x08009c12                USBD_LL_ClearStallEP
 .text.USBD_LL_IsStallEP
                0x08009c22       0x2c CMakeFiles/UF4DigitalPower.elf.dir/USB_Device/Target/usbd_conf.c.obj
                0x08009c22                USBD_LL_IsStallEP
 .text.USBD_LL_SetUSBAddress
                0x08009c4e       0x10 CMakeFiles/UF4DigitalPower.elf.dir/USB_Device/Target/usbd_conf.c.obj
                0x08009c4e                USBD_LL_SetUSBAddress
 .text.USBD_LL_Transmit
                0x08009c5e       0x10 CMakeFiles/UF4DigitalPower.elf.dir/USB_Device/Target/usbd_conf.c.obj
                0x08009c5e                USBD_LL_Transmit
 .text.USBD_LL_PrepareReceive
                0x08009c6e       0x10 CMakeFiles/UF4DigitalPower.elf.dir/USB_Device/Target/usbd_conf.c.obj
                0x08009c6e                USBD_LL_PrepareReceive
 .text.USBD_LL_GetRxDataSize
                0x08009c7e        0xc CMakeFiles/UF4DigitalPower.elf.dir/USB_Device/Target/usbd_conf.c.obj
                0x08009c7e                USBD_LL_GetRxDataSize
 *fill*         0x08009c8a        0x2 
 .text.HAL_PCDEx_LPM_Callback
                0x08009c8c       0x48 CMakeFiles/UF4DigitalPower.elf.dir/USB_Device/Target/usbd_conf.c.obj
                0x08009c8c                HAL_PCDEx_LPM_Callback
 .text.USBD_static_malloc
                0x08009cd4        0x8 CMakeFiles/UF4DigitalPower.elf.dir/USB_Device/Target/usbd_conf.c.obj
                0x08009cd4                USBD_static_malloc
 .text.USBD_static_free
                0x08009cdc        0x2 CMakeFiles/UF4DigitalPower.elf.dir/USB_Device/Target/usbd_conf.c.obj
                0x08009cdc                USBD_static_free
 .text.user_pwr_pid_reset
                0x08009cde        0xa CMakeFiles/UF4DigitalPower.elf.dir/USER/Src/user_power.c.obj
 .text.user_pwr_control_reset
                0x08009ce8       0x5c CMakeFiles/UF4DigitalPower.elf.dir/USER/Src/user_power.c.obj
 .text.user_pwr_seed_voltage_ref
                0x08009d44       0x38 CMakeFiles/UF4DigitalPower.elf.dir/USER/Src/user_power.c.obj
 .text.user_pwr_slew_voltage_ref
                0x08009d7c       0x68 CMakeFiles/UF4DigitalPower.elf.dir/USER/Src/user_power.c.obj
 .text.user_pwr_voltage_ref_at_target
                0x08009de4       0x48 CMakeFiles/UF4DigitalPower.elf.dir/USER/Src/user_power.c.obj
 .text.user_pwr_input_ready
                0x08009e2c       0x68 CMakeFiles/UF4DigitalPower.elf.dir/USER/Src/user_power.c.obj
 .text.user_pwr_has_only_input_fault
                0x08009e94       0x18 CMakeFiles/UF4DigitalPower.elf.dir/USER/Src/user_power.c.obj
 .text.user_pwr_core_temp_from_adc
                0x08009eac       0x5c CMakeFiles/UF4DigitalPower.elf.dir/USER/Src/user_power.c.obj
 .text.user_pwr_adc2_oversampled_to_12bit
                0x08009f08       0x14 CMakeFiles/UF4DigitalPower.elf.dir/USER/Src/user_power.c.obj
 .text.user_pwr_adc5_oversampled_to_12bit
                0x08009f1c       0x14 CMakeFiles/UF4DigitalPower.elf.dir/USER/Src/user_power.c.obj
 .text.user_pwr_select_topology
                0x08009f30      0x150 CMakeFiles/UF4DigitalPower.elf.dir/USER/Src/user_power.c.obj
 .text.user_pwr_apply_current_limit_to_vref
                0x0800a080      0x294 CMakeFiles/UF4DigitalPower.elf.dir/USER/Src/user_power.c.obj
 .text.user_pwr_apply_fan_value
                0x0800a314       0x44 CMakeFiles/UF4DigitalPower.elf.dir/USER/Src/user_power.c.obj
 .text.user_pwr_set_defaults
                0x0800a358       0xac CMakeFiles/UF4DigitalPower.elf.dir/USER/Src/user_power.c.obj
 .text.user_pwr_measure_filters_init
                0x0800a404       0x5c CMakeFiles/UF4DigitalPower.elf.dir/USER/Src/user_power.c.obj
 .text.user_pwr_update_measurements
                0x0800a460      0x244 CMakeFiles/UF4DigitalPower.elf.dir/USER/Src/user_power.c.obj
 .text.user_pwr_set_fault
                0x0800a6a4       0x1c CMakeFiles/UF4DigitalPower.elf.dir/USER/Src/user_power.c.obj
 .text.user_pwr_protection_fast_check
                0x0800a6c0      0x11c CMakeFiles/UF4DigitalPower.elf.dir/USER/Src/user_power.c.obj
 .text.user_pwr_fast_control_loop
                0x0800a7dc      0x408 CMakeFiles/UF4DigitalPower.elf.dir/USER/Src/user_power.c.obj
 .text.user_pwr_board_temp_from_adc
                0x0800abe4       0x88 CMakeFiles/UF4DigitalPower.elf.dir/USER/Src/user_power.c.obj
 .text.user_pwr_adc_read_blocking
                0x0800ac6c       0x2a CMakeFiles/UF4DigitalPower.elf.dir/USER/Src/user_power.c.obj
 *fill*         0x0800ac96        0x2 
 .text.user_pwr_update_aux_measurements
                0x0800ac98      0x100 CMakeFiles/UF4DigitalPower.elf.dir/USER/Src/user_power.c.obj
 .text.UserPower_Init
                0x0800ad98      0x170 CMakeFiles/UF4DigitalPower.elf.dir/USER/Src/user_power.c.obj
                0x0800ad98                UserPower_Init
 .text.UserPower_5msTask
                0x0800af08      0x100 CMakeFiles/UF4DigitalPower.elf.dir/USER/Src/user_power.c.obj
                0x0800af08                UserPower_5msTask
 .text.UserPower_FastLoop
                0x0800b008       0x40 CMakeFiles/UF4DigitalPower.elf.dir/USER/Src/user_power.c.obj
                0x0800b008                UserPower_FastLoop
 .text.UserPower_CommTask
                0x0800b048        0x8 CMakeFiles/UF4DigitalPower.elf.dir/USER/Src/user_power.c.obj
                0x0800b048                UserPower_CommTask
 .text.UserPower_AuxTask
                0x0800b050        0x8 CMakeFiles/UF4DigitalPower.elf.dir/USER/Src/user_power.c.obj
                0x0800b050                UserPower_AuxTask
 .text.UserPower_SaveTask
                0x0800b058       0x20 CMakeFiles/UF4DigitalPower.elf.dir/USER/Src/user_power.c.obj
                0x0800b058                UserPower_SaveTask
 .text.UserPower_GetStatus
                0x0800b078       0x30 CMakeFiles/UF4DigitalPower.elf.dir/USER/Src/user_power.c.obj
                0x0800b078                UserPower_GetStatus
 .text.UserPower_GetConfig
                0x0800b0a8       0x14 CMakeFiles/UF4DigitalPower.elf.dir/USER/Src/user_power.c.obj
                0x0800b0a8                UserPower_GetConfig
 .text.UserPower_SetVoltageLimitMv
                0x0800b0bc       0x68 CMakeFiles/UF4DigitalPower.elf.dir/USER/Src/user_power.c.obj
                0x0800b0bc                UserPower_SetVoltageLimitMv
 .text.UserPower_SetCurrentLimitMa
                0x0800b124       0x48 CMakeFiles/UF4DigitalPower.elf.dir/USER/Src/user_power.c.obj
                0x0800b124                UserPower_SetCurrentLimitMa
 .text.UserPower_SetOvpMv
                0x0800b16c       0x4c CMakeFiles/UF4DigitalPower.elf.dir/USER/Src/user_power.c.obj
                0x0800b16c                UserPower_SetOvpMv
 .text.UserPower_SetOcpMa
                0x0800b1b8       0x4c CMakeFiles/UF4DigitalPower.elf.dir/USER/Src/user_power.c.obj
                0x0800b1b8                UserPower_SetOcpMa
 .text.UserPower_SetOtpMc
                0x0800b204       0x4c CMakeFiles/UF4DigitalPower.elf.dir/USER/Src/user_power.c.obj
                0x0800b204                UserPower_SetOtpMc
 .text.UserPower_SetFanValue
                0x0800b250        0x8 CMakeFiles/UF4DigitalPower.elf.dir/USER/Src/user_power.c.obj
                0x0800b250                UserPower_SetFanValue
 .text.UserPower_SetPowerState
                0x0800b258       0x6c CMakeFiles/UF4DigitalPower.elf.dir/USER/Src/user_power.c.obj
                0x0800b258                UserPower_SetPowerState
 .text.UserPower_RequestSave
                0x0800b2c4        0xc CMakeFiles/UF4DigitalPower.elf.dir/USER/Src/user_power.c.obj
                0x0800b2c4                UserPower_RequestSave
 .text.user_pwr_clamp
                0x0800b2d0       0x22 CMakeFiles/UF4DigitalPower.elf.dir/USER/Src/user_power_pwm.c.obj
 *fill*         0x0800b2f2        0x2 
 .text.UserPowerPwm_Start
                0x0800b2f4       0x3c CMakeFiles/UF4DigitalPower.elf.dir/USER/Src/user_power_pwm.c.obj
                0x0800b2f4                UserPowerPwm_Start
 .text.UserPowerPwm_Stop
                0x0800b330       0x40 CMakeFiles/UF4DigitalPower.elf.dir/USER/Src/user_power_pwm.c.obj
                0x0800b330                UserPowerPwm_Stop
 .text.UserPowerPwm_Init
                0x0800b370        0x8 CMakeFiles/UF4DigitalPower.elf.dir/USER/Src/user_power_pwm.c.obj
                0x0800b370                UserPowerPwm_Init
 .text.UserPowerPwm_ApplyDuty
                0x0800b378      0x108 CMakeFiles/UF4DigitalPower.elf.dir/USER/Src/user_power_pwm.c.obj
                0x0800b378                UserPowerPwm_ApplyDuty
 .text.user_power_crc16
                0x0800b480       0x34 CMakeFiles/UF4DigitalPower.elf.dir/USER/Src/user_power_store.c.obj
 .text.UserPowerStore_Init
                0x0800b4b4        0x8 CMakeFiles/UF4DigitalPower.elf.dir/USER/Src/user_power_store.c.obj
                0x0800b4b4                UserPowerStore_Init
 .text.UserPowerStore_Load
                0x0800b4bc       0x48 CMakeFiles/UF4DigitalPower.elf.dir/USER/Src/user_power_store.c.obj
                0x0800b4bc                UserPowerStore_Load
 .text.UserPowerStore_Save
                0x0800b504       0x5c CMakeFiles/UF4DigitalPower.elf.dir/USER/Src/user_power_store.c.obj
                0x0800b504                UserPowerStore_Save
 .text.user_tvlcom_descriptor
                0x0800b560       0x28 CMakeFiles/UF4DigitalPower.elf.dir/USER/Src/user_tvlcom.c.obj
 .text.user_tvlcom_state_bits
                0x0800b588       0x26 CMakeFiles/UF4DigitalPower.elf.dir/USER/Src/user_tvlcom.c.obj
 *fill*         0x0800b5ae        0x2 
 .text.user_tvlcom_float_to_mv
                0x0800b5b0       0x2c CMakeFiles/UF4DigitalPower.elf.dir/USER/Src/user_tvlcom.c.obj
 .text.user_tvlcom_float_to_ma
                0x0800b5dc       0x34 CMakeFiles/UF4DigitalPower.elf.dir/USER/Src/user_tvlcom.c.obj
 .text.user_tvlcom_float_to_mc
                0x0800b610       0x20 CMakeFiles/UF4DigitalPower.elf.dir/USER/Src/user_tvlcom.c.obj
 .text.user_tvlcom_append_type
                0x0800b630      0x35c CMakeFiles/UF4DigitalPower.elf.dir/USER/Src/user_tvlcom.c.obj
 .text.user_tvlcom_append_report_payload
                0x0800b98c       0x44 CMakeFiles/UF4DigitalPower.elf.dir/USER/Src/user_tvlcom.c.obj
 .text.user_tvlcom_send
                0x0800b9d0       0x54 CMakeFiles/UF4DigitalPower.elf.dir/USER/Src/user_tvlcom.c.obj
 .text.user_tvlcom_send_nack
                0x0800ba24       0x10 CMakeFiles/UF4DigitalPower.elf.dir/USER/Src/user_tvlcom.c.obj
 .text.user_tvlcom_handle_read
                0x0800ba34       0x76 CMakeFiles/UF4DigitalPower.elf.dir/USER/Src/user_tvlcom.c.obj
 .text.user_tvlcom_handle_write
                0x0800baaa      0x100 CMakeFiles/UF4DigitalPower.elf.dir/USER/Src/user_tvlcom.c.obj
 *fill*         0x0800bbaa        0x2 
 .text.UserTvlcom_Init
                0x0800bbac       0x40 CMakeFiles/UF4DigitalPower.elf.dir/USER/Src/user_tvlcom.c.obj
                0x0800bbac                UserTvlcom_Init
 .text.UserTvlcom_1msTask
                0x0800bbec        0x2 CMakeFiles/UF4DigitalPower.elf.dir/USER/Src/user_tvlcom.c.obj
                0x0800bbec                UserTvlcom_1msTask
 *fill*         0x0800bbee        0x2 
 .text.UserTvlcom_TxPump
                0x0800bbf0       0x30 CMakeFiles/UF4DigitalPower.elf.dir/USER/Src/user_tvlcom.c.obj
                0x0800bbf0                UserTvlcom_TxPump
 .text.user_tvlcom_queue_report
                0x0800bc20       0x60 CMakeFiles/UF4DigitalPower.elf.dir/USER/Src/user_tvlcom.c.obj
 .text.UserTvlcom_BackgroundTask
                0x0800bc80       0x20 CMakeFiles/UF4DigitalPower.elf.dir/USER/Src/user_tvlcom.c.obj
                0x0800bc80                UserTvlcom_BackgroundTask
 .text.UserTvlcom_OnBytes
                0x0800bca0       0xd0 CMakeFiles/UF4DigitalPower.elf.dir/USER/Src/user_tvlcom.c.obj
                0x0800bca0                UserTvlcom_OnBytes
 .text.user_w25qxx_deselect
                0x0800bd70       0x12 CMakeFiles/UF4DigitalPower.elf.dir/USER/Src/user_w25qxx.c.obj
 .text.user_w25qxx_select
                0x0800bd82       0x12 CMakeFiles/UF4DigitalPower.elf.dir/USER/Src/user_w25qxx.c.obj
 .text.user_w25qxx_transfer
                0x0800bd94       0x20 CMakeFiles/UF4DigitalPower.elf.dir/USER/Src/user_w25qxx.c.obj
 .text.user_w25qxx_wait_ready
                0x0800bdb4       0x50 CMakeFiles/UF4DigitalPower.elf.dir/USER/Src/user_w25qxx.c.obj
 .text.user_w25qxx_write_enable
                0x0800be04       0x34 CMakeFiles/UF4DigitalPower.elf.dir/USER/Src/user_w25qxx.c.obj
 .text.UserW25Qxx_Init
                0x0800be38       0x28 CMakeFiles/UF4DigitalPower.elf.dir/USER/Src/user_w25qxx.c.obj
                0x0800be38                UserW25Qxx_Init
 .text.UserW25Qxx_Read
                0x0800be60       0x70 CMakeFiles/UF4DigitalPower.elf.dir/USER/Src/user_w25qxx.c.obj
                0x0800be60                UserW25Qxx_Read
 .text.UserW25Qxx_EraseSector
                0x0800bed0       0x58 CMakeFiles/UF4DigitalPower.elf.dir/USER/Src/user_w25qxx.c.obj
                0x0800bed0                UserW25Qxx_EraseSector
 .text.UserW25Qxx_Write
                0x0800bf28       0xa4 CMakeFiles/UF4DigitalPower.elf.dir/USER/Src/user_w25qxx.c.obj
                0x0800bf28                UserW25Qxx_Write
 .text.arm_biquad_cascade_df2T_f32
                0x0800bfcc       0x7a CMakeFiles/UF4DigitalPower.elf.dir/DSP/Source/FilteringFunctions/arm_biquad_cascade_df2T_f32.c.obj
                0x0800bfcc                arm_biquad_cascade_df2T_f32
 .text.arm_biquad_cascade_df2T_init_f32
                0x0800c046       0x18 CMakeFiles/UF4DigitalPower.elf.dir/DSP/Source/FilteringFunctions/arm_biquad_cascade_df2T_init_f32.c.obj
                0x0800c046                arm_biquad_cascade_df2T_init_f32
 .text.tvlcom_read_le16
                0x0800c05e        0xa CMakeFiles/UF4DigitalPower.elf.dir/TVLCOM_V2_FULL/Src/tvlcom.c.obj
 .text.tvlcom_read_le32
                0x0800c068       0x16 CMakeFiles/UF4DigitalPower.elf.dir/TVLCOM_V2_FULL/Src/tvlcom.c.obj
 .text.tvlcom_write_le16
                0x0800c07e        0x8 CMakeFiles/UF4DigitalPower.elf.dir/TVLCOM_V2_FULL/Src/tvlcom.c.obj
 .text.tvlcom_write_le32
                0x0800c086       0x14 CMakeFiles/UF4DigitalPower.elf.dir/TVLCOM_V2_FULL/Src/tvlcom.c.obj
 .text.tvlcom_payload_find_last
                0x0800c09a       0x92 CMakeFiles/UF4DigitalPower.elf.dir/TVLCOM_V2_FULL/Src/tvlcom.c.obj
 .text.tvlcom_buffer_remove_prefix
                0x0800c12c       0x26 CMakeFiles/UF4DigitalPower.elf.dir/TVLCOM_V2_FULL/Src/tvlcom.c.obj
 .text.tvlcom_crc16
                0x0800c152       0x3a CMakeFiles/UF4DigitalPower.elf.dir/TVLCOM_V2_FULL/Src/tvlcom.c.obj
                0x0800c152                tvlcom_crc16
 .text.tvlcom_parser_init
                0x0800c18c       0x16 CMakeFiles/UF4DigitalPower.elf.dir/TVLCOM_V2_FULL/Src/tvlcom.c.obj
                0x0800c18c                tvlcom_parser_init
 .text.tvlcom_frame_build
                0x0800c1a2       0x98 CMakeFiles/UF4DigitalPower.elf.dir/TVLCOM_V2_FULL/Src/tvlcom.c.obj
                0x0800c1a2                tvlcom_frame_build
 .text.tvlcom_parser_input
                0x0800c23a      0x152 CMakeFiles/UF4DigitalPower.elf.dir/TVLCOM_V2_FULL/Src/tvlcom.c.obj
                0x0800c23a                tvlcom_parser_input
 .text.tvlcom_payload_append_raw
                0x0800c38c       0x64 CMakeFiles/UF4DigitalPower.elf.dir/TVLCOM_V2_FULL/Src/tvlcom.c.obj
                0x0800c38c                tvlcom_payload_append_raw
 .text.tvlcom_payload_add_u8
                0x0800c3f0       0x14 CMakeFiles/UF4DigitalPower.elf.dir/TVLCOM_V2_FULL/Src/tvlcom.c.obj
                0x0800c3f0                tvlcom_payload_add_u8
 .text.tvlcom_payload_add_u32
                0x0800c404       0x34 CMakeFiles/UF4DigitalPower.elf.dir/TVLCOM_V2_FULL/Src/tvlcom.c.obj
                0x0800c404                tvlcom_payload_add_u32
 .text.tvlcom_payload_next
                0x0800c438       0x6e CMakeFiles/UF4DigitalPower.elf.dir/TVLCOM_V2_FULL/Src/tvlcom.c.obj
                0x0800c438                tvlcom_payload_next
 .text.tvlcom_payload_get_u32
                0x0800c4a6       0x34 CMakeFiles/UF4DigitalPower.elf.dir/TVLCOM_V2_FULL/Src/tvlcom.c.obj
                0x0800c4a6                tvlcom_payload_get_u32
 *fill*         0x0800c4da        0x2 
 .text.logf     0x0800c4dc       0x5c D:/Program Files/STMicroelectronics/STM32CubeCLT_1.16.0/GNU-tools-for-STM32/bin/../lib/gcc/arm-none-eabi/12.3.1/../../../../arm-none-eabi/lib/thumb/v7e-m+fp/hard\libm.a(libm_a-wf_log.o)
                0x0800c4dc                logf
 .text.nanf     0x0800c538        0xc D:/Program Files/STMicroelectronics/STM32CubeCLT_1.16.0/GNU-tools-for-STM32/bin/../lib/gcc/arm-none-eabi/12.3.1/../../../../arm-none-eabi/lib/thumb/v7e-m+fp/hard\libm.a(libm_a-sf_nan.o)
                0x0800c538                nanf
 .text.__ieee754_logf
                0x0800c544      0x1e4 D:/Program Files/STMicroelectronics/STM32CubeCLT_1.16.0/GNU-tools-for-STM32/bin/../lib/gcc/arm-none-eabi/12.3.1/../../../../arm-none-eabi/lib/thumb/v7e-m+fp/hard\libm.a(libm_a-ef_log.o)
                0x0800c544                __ieee754_logf
 .text.memmove  0x0800c728       0x34 D:/Program Files/STMicroelectronics/STM32CubeCLT_1.16.0/GNU-tools-for-STM32/bin/../lib/gcc/arm-none-eabi/12.3.1/../../../../arm-none-eabi/lib/thumb/v7e-m+fp/hard\libg.a(libc_a-memmove.o)
                0x0800c728                memmove
 .text.memset   0x0800c75c       0x10 D:/Program Files/STMicroelectronics/STM32CubeCLT_1.16.0/GNU-tools-for-STM32/bin/../lib/gcc/arm-none-eabi/12.3.1/../../../../arm-none-eabi/lib/thumb/v7e-m+fp/hard\libg.a(libc_a-memset.o)
                0x0800c75c                memset
 .text.__errno  0x0800c76c        0xc D:/Program Files/STMicroelectronics/STM32CubeCLT_1.16.0/GNU-tools-for-STM32/bin/../lib/gcc/arm-none-eabi/12.3.1/../../../../arm-none-eabi/lib/thumb/v7e-m+fp/hard\libg.a(libc_a-errno.o)
                0x0800c76c                __errno
 .text.__libc_init_array