Archive member included to satisfy reference by file (symbol)

D:/Program Files/STMicroelectronics/STM32CubeCLT_1.16.0/GNU-tools-for-STM32/bin/../lib/gcc/arm-none-eabi/12.3.1/thumb/v7e-m+fp/hard\libgcc.a(_arm_addsubdf3.o)
                              CMakeFiles/UF4DigitalPower.elf.dir/APP/Src/uf4_power_main.c.obj (__aeabi_dsub)
D:/Program Files/STMicroelectronics/STM32CubeCLT_1.16.0/GNU-tools-for-STM32/bin/../lib/gcc/arm-none-eabi/12.3.1/thumb/v7e-m+fp/hard\libgcc.a(_arm_muldivdf3.o)
                              CMakeFiles/UF4DigitalPower.elf.dir/APP/Src/uf4_power_main.c.obj (__aeabi_ddiv)
D:/Program Files/STMicroelectronics/STM32CubeCLT_1.16.0/GNU-tools-for-STM32/bin/../lib/gcc/arm-none-eabi/12.3.1/thumb/v7e-m+fp/hard\libgcc.a(_arm_truncdfsf2.o)
                              CMakeFiles/UF4DigitalPower.elf.dir/APP/Src/uf4_power_main.c.obj (__aeabi_d2f)
D:/Program Files/STMicroelectronics/STM32CubeCLT_1.16.0/GNU-tools-for-STM32/bin/../lib/gcc/arm-none-eabi/12.3.1/thumb/v7e-m+fp/hard\libgcc.a(_aeabi_uldivmod.o)
                              CMakeFiles/UF4DigitalPower.elf.dir/Drivers/STM32G4xx_HAL_Driver/Src/stm32g4xx_hal_uart.c.obj (__aeabi_uldivmod)
D:/Program Files/STMicroelectronics/STM32CubeCLT_1.16.0/GNU-tools-for-STM32/bin/../lib/gcc/arm-none-eabi/12.3.1/thumb/v7e-m+fp/hard\libgcc.a(_udivmoddi4.o)
                              D:/Program Files/STMicroelectronics/STM32CubeCLT_1.16.0/GNU-tools-for-STM32/bin/../lib/gcc/arm-none-eabi/12.3.1/thumb/v7e-m+fp/hard\libgcc.a(_aeabi_uldivmod.o) (__udivmoddi4)
D:/Program Files/STMicroelectronics/STM32CubeCLT_1.16.0/GNU-tools-for-STM32/bin/../lib/gcc/arm-none-eabi/12.3.1/thumb/v7e-m+fp/hard\libgcc.a(_dvmd_tls.o)
                              D:/Program Files/STMicroelectronics/STM32CubeCLT_1.16.0/GNU-tools-for-STM32/bin/../lib/gcc/arm-none-eabi/12.3.1/thumb/v7e-m+fp/hard\libgcc.a(_aeabi_uldivmod.o) (__aeabi_ldiv0)
D:/Program Files/STMicroelectronics/STM32CubeCLT_1.16.0/GNU-tools-for-STM32/bin/../lib/gcc/arm-none-eabi/12.3.1/../../../../arm-none-eabi/lib/thumb/v7e-m+fp/hard\libg.a(libc_a-exit.o)
                              D:/Program Files/STMicroelectronics/STM32CubeCLT_1.16.0/GNU-tools-for-STM32/bin/../lib/gcc/arm-none-eabi/12.3.1/../../../../arm-none-eabi/lib/thumb/v7e-m+fp/hard/crt0.o (exit)
D:/Program Files/STMicroelectronics/STM32CubeCLT_1.16.0/GNU-tools-for-STM32/bin/../lib/gcc/arm-none-eabi/12.3.1/../../../../arm-none-eabi/lib/thumb/v7e-m+fp/hard\libg.a(libc_a-findfp.o)
                              D:/Program Files/STMicroelectronics/STM32CubeCLT_1.16.0/GNU-tools-for-STM32/bin/../lib/gcc/arm-none-eabi/12.3.1/../../../../arm-none-eabi/lib/thumb/v7e-m+fp/hard\libg.a(libc_a-exit.o) (__stdio_exit_handler)
D:/Program Files/STMicroelectronics/STM32CubeCLT_1.16.0/GNU-tools-for-STM32/bin/../lib/gcc/arm-none-eabi/12.3.1/../../../../arm-none-eabi/lib/thumb/v7e-m+fp/hard\libg.a(libc_a-fwalk.o)
                              D:/Program Files/STMicroelectronics/STM32CubeCLT_1.16.0/GNU-tools-for-STM32/bin/../lib/gcc/arm-none-eabi/12.3.1/../../../../arm-none-eabi/lib/thumb/v7e-m+fp/hard\libg.a(libc_a-findfp.o) (_fwalk_sglue)
D:/Program Files/STMicroelectronics/STM32CubeCLT_1.16.0/GNU-tools-for-STM32/bin/../lib/gcc/arm-none-eabi/12.3.1/../../../../arm-none-eabi/lib/thumb/v7e-m+fp/hard\libg.a(libc_a-stdio.o)
                              D:/Program Files/STMicroelectronics/STM32CubeCLT_1.16.0/GNU-tools-for-STM32/bin/../lib/gcc/arm-none-eabi/12.3.1/../../../../arm-none-eabi/lib/thumb/v7e-m+fp/hard\libg.a(libc_a-findfp.o) (__sread)
D:/Program Files/STMicroelectronics/STM32CubeCLT_1.16.0/GNU-tools-for-STM32/bin/../lib/gcc/arm-none-eabi/12.3.1/../../../../arm-none-eabi/lib/thumb/v7e-m+fp/hard\libg.a(libc_a-memmove.o)
                              CMakeFiles/UF4DigitalPower.elf.dir/Middlewares/TVLCOM_V2_FULL/Src/tvlcom.c.obj (memmove)
D:/Program Files/STMicroelectronics/STM32CubeCLT_1.16.0/GNU-tools-for-STM32/bin/../lib/gcc/arm-none-eabi/12.3.1/../../../../arm-none-eabi/lib/thumb/v7e-m+fp/hard\libg.a(libc_a-memset.o)
                              D:/Program Files/STMicroelectronics/STM32CubeCLT_1.16.0/GNU-tools-for-STM32/bin/../lib/gcc/arm-none-eabi/12.3.1/../../../../arm-none-eabi/lib/thumb/v7e-m+fp/hard/crt0.o (memset)
D:/Program Files/STMicroelectronics/STM32CubeCLT_1.16.0/GNU-tools-for-STM32/bin/../lib/gcc/arm-none-eabi/12.3.1/../../../../arm-none-eabi/lib/thumb/v7e-m+fp/hard\libg.a(libc_a-closer.o)
                              D:/Program Files/STMicroelectronics/STM32CubeCLT_1.16.0/GNU-tools-for-STM32/bin/../lib/gcc/arm-none-eabi/12.3.1/../../../../arm-none-eabi/lib/thumb/v7e-m+fp/hard\libg.a(libc_a-stdio.o) (_close_r)
D:/Program Files/STMicroelectronics/STM32CubeCLT_1.16.0/GNU-tools-for-STM32/bin/../lib/gcc/arm-none-eabi/12.3.1/../../../../arm-none-eabi/lib/thumb/v7e-m+fp/hard\libg.a(libc_a-reent.o)
[...]
Memory Configuration

Name             Origin             Length             Attributes
RAM              0x20000000         0x00020000         xrw
FLASH            0x08000000         0x00020000         xr
*default*        0x00000000         0xffffffff

Linker script and memory map

LOAD D:/Program Files/STMicroelectronics/STM32CubeCLT_1.16.0/GNU-tools-for-STM32/bin/../lib/gcc/arm-none-eabi/12.3.1/thumb/v7e-m+fp/hard/crti.o
LOAD D:/Program Files/STMicroelectronics/STM32CubeCLT_1.16.0/GNU-tools-for-STM32/bin/../lib/gcc/arm-none-eabi/12.3.1/thumb/v7e-m+fp/hard/crtbegin.o
LOAD D:/Program Files/STMicroelectronics/STM32CubeCLT_1.16.0/GNU-tools-for-STM32/bin/../lib/gcc/arm-none-eabi/12.3.1/../../../../arm-none-eabi/lib/thumb/v7e-m+fp/hard/crt0.o
LOAD CMakeFiles/UF4DigitalPower.elf.dir/APP/Src/uf4_power_main.c.obj
LOAD CMakeFiles/UF4DigitalPower.elf.dir/APP/Src/uf4_power_pid.c.obj
LOAD CMakeFiles/UF4DigitalPower.elf.dir/APP/Src/uf4_storage_w25q64.c.obj
LOAD CMakeFiles/UF4DigitalPower.elf.dir/APP/Src/uf4_tvlcom.c.obj
LOAD CMakeFiles/UF4DigitalPower.elf.dir/Core/Src/adc.c.obj
LOAD CMakeFiles/UF4DigitalPower.elf.dir/Core/Src/dma.c.obj
LOAD CMakeFiles/UF4DigitalPower.elf.dir/Core/Src/gpio.c.obj
LOAD CMakeFiles/UF4DigitalPower.elf.dir/Core/Src/hrtim.c.obj
LOAD CMakeFiles/UF4DigitalPower.elf.dir/Core/Src/iwdg.c.obj
LOAD CMakeFiles/UF4DigitalPower.elf.dir/Core/Src/main.c.obj
LOAD CMakeFiles/UF4DigitalPower.elf.dir/Core/Src/spi.c.obj
LOAD CMakeFiles/UF4DigitalPower.elf.dir/Core/Src/stm32g4xx_hal_msp.c.obj
LOAD CMakeFiles/UF4DigitalPower.elf.dir/Core/Src/stm32g4xx_it.c.obj
LOAD CMakeFiles/UF4DigitalPower.elf.dir/Core/Src/system_stm32g4xx.c.obj
LOAD CMakeFiles/UF4DigitalPower.elf.dir/Core/Src/tim.c.obj
LOAD CMakeFiles/UF4DigitalPower.elf.dir/Core/Src/usart.c.obj
LOAD CMakeFiles/UF4DigitalPower.elf.dir/Core/Startup/startup_stm32g474rbtx.s.obj
LOAD CMakeFiles/UF4DigitalPower.elf.dir/Drivers/STM32G4xx_HAL_Driver/Src/stm32g4xx_hal.c.obj
LOAD CMakeFiles/UF4DigitalPower.elf.dir/Drivers/STM32G4xx_HAL_Driver/Src/stm32g4xx_hal_adc.c.obj
LOAD CMakeFiles/UF4DigitalPower.elf.dir/Drivers/STM32G4xx_HAL_Driver/Src/stm32g4xx_hal_adc_ex.c.obj
LOAD CMakeFiles/UF4DigitalPower.elf.dir/Drivers/STM32G4xx_HAL_Driver/Src/stm32g4xx_hal_cortex.c.obj
LOAD CMakeFiles/UF4DigitalPower.elf.dir/Drivers/STM32G4xx_HAL_Driver/Src/stm32g4xx_hal_dma.c.obj
LOAD CMakeFiles/UF4DigitalPower.elf.dir/Drivers/STM32G4xx_HAL_Driver/Src/stm32g4xx_hal_dma_ex.c.obj
LOAD CMakeFiles/UF4DigitalPower.elf.dir/Drivers/STM32G4xx_HAL_Driver/Src/stm32g4xx_hal_exti.c.obj
LOAD CMakeFiles/UF4DigitalPower.elf.dir/Drivers/STM32G4xx_HAL_Driver/Src/stm32g4xx_hal_flash.c.obj
LOAD CMakeFiles/UF4DigitalPower.elf.dir/Drivers/STM32G4xx_HAL_Driver/Src/stm32g4xx_hal_flash_ex.c.obj
LOAD CMakeFiles/UF4DigitalPower.elf.dir/Drivers/STM32G4xx_HAL_Driver/Src/stm32g4xx_hal_flash_ramfunc.c.obj
LOAD CMakeFiles/UF4DigitalPower.elf.dir/Drivers/STM32G4xx_HAL_Driver/Src/stm32g4xx_hal_gpio.c.obj
LOAD CMakeFiles/UF4DigitalPower.elf.dir/Drivers/STM32G4xx_HAL_Driver/Src/stm32g4xx_hal_hrtim.c.obj
LOAD CMakeFiles/UF4DigitalPower.elf.dir/Drivers/STM32G4xx_HAL_Driver/Src/stm32g4xx_hal_iwdg.c.obj
LOAD CMakeFiles/UF4DigitalPower.elf.dir/Drivers/STM32G4xx_HAL_Driver/Src/stm32g4xx_hal_pcd.c.obj
LOAD CMakeFiles/UF4DigitalPower.elf.dir/Drivers/STM32G4xx_HAL_Driver/Src/stm32g4xx_hal_pcd_ex.c.obj
LOAD CMakeFiles/UF4DigitalPower.elf.dir/Drivers/STM32G4xx_HAL_Driver/Src/stm32g4xx_hal_pwr.c.obj
LOAD CMakeFiles/UF4DigitalPower.elf.dir/Drivers/STM32G4xx_HAL_Driver/Src/stm32g4xx_hal_pwr_ex.c.obj
LOAD CMakeFiles/UF4DigitalPower.elf.dir/Drivers/STM32G4xx_HAL_Driver/Src/stm32g4xx_hal_rcc.c.obj
LOAD CMakeFiles/UF4DigitalPower.elf.dir/Drivers/STM32G4xx_HAL_Driver/Src/stm32g4xx_hal_rcc_ex.c.obj
LOAD CMakeFiles/UF4DigitalPower.elf.dir/Drivers/STM32G4xx_HAL_Driver/Src/stm32g4xx_hal_spi.c.obj
LOAD CMakeFiles/UF4DigitalPower.elf.dir/Drivers/STM32G4xx_HAL_Driver/Src/stm32g4xx_hal_spi_ex.c.obj
LOAD CMakeFiles/UF4DigitalPower.elf.dir/Drivers/STM32G4xx_HAL_Driver/Src/stm32g4xx_hal_tim.c.obj
LOAD CMakeFiles/UF4DigitalPower.elf.dir/Drivers/STM32G4xx_HAL_Driver/Src/stm32g4xx_hal_tim_ex.c.obj
LOAD CMakeFiles/UF4DigitalPower.elf.dir/Drivers/STM32G4xx_HAL_Driver/Src/stm32g4xx_hal_uart.c.obj
LOAD CMakeFiles/UF4DigitalPower.elf.dir/Drivers/STM32G4xx_HAL_Driver/Src/stm32g4xx_hal_uart_ex.c.obj
LOAD CMakeFiles/UF4DigitalPower.elf.dir/Drivers/STM32G4xx_HAL_Driver/Src/stm32g4xx_ll_adc.c.obj
LOAD CMakeFiles/UF4DigitalPower.elf.dir/Drivers/STM32G4xx_HAL_Driver/Src/stm32g4xx_ll_usb.c.obj
LOAD CMakeFiles/UF4DigitalPower.elf.dir/Middlewares/ST/STM32_USB_Device_Library/Class/CDC/Src/usbd_cdc.c.obj
LOAD CMakeFiles/UF4DigitalPower.elf.dir/Middlewares/ST/STM32_USB_Device_Library/Core/Src/usbd_core.c.obj
LOAD CMakeFiles/UF4DigitalPower.elf.dir/Middlewares/ST/STM32_USB_Device_Library/Core/Src/usbd_ctlreq.c.obj
LOAD CMakeFiles/UF4DigitalPower.elf.dir/Middlewares/ST/STM32_USB_Device_Library/Core/Src/usbd_ioreq.c.obj
LOAD CMakeFiles/UF4DigitalPower.elf.dir/Middlewares/TVLCOM_V2_FULL/Src/tvlcom.c.obj
LOAD CMakeFiles/UF4DigitalPower.elf.dir/Middlewares/TVLCOM_V2_FULL/Src/tvlcom_stm32_hal_example.c.obj
LOAD CMakeFiles/UF4DigitalPower.elf.dir/USB_Device/App/usb_device.c.obj
LOAD CMakeFiles/UF4DigitalPower.elf.dir/USB_Device/App/usbd_cdc_if.c.obj
LOAD CMakeFiles/UF4DigitalPower.elf.dir/USB_Device/App/usbd_desc.c.obj
LOAD CMakeFiles/UF4DigitalPower.elf.dir/USB_Device/Target/usbd_conf.c.obj
START GROUP
LOAD D:/Program Files/STMicroelectronics/STM32CubeCLT_1.16.0/GNU-tools-for-STM32/bin/../lib/gcc/arm-none-eabi/12.3.1/thumb/v7e-m+fp/hard\libgcc.a
LOAD D:/Program Files/STMicroelectronics/STM32CubeCLT_1.16.0/GNU-tools-for-STM32/bin/../lib/gcc/arm-none-eabi/12.3.1/../../../../arm-none-eabi/lib/thumb/v7e-m+fp/hard\libg.a
LOAD D:/Program Files/STMicroelectronics/STM32CubeCLT_1.16.0/GNU-tools-for-STM32/bin/../lib/gcc/arm-none-eabi/12.3.1/../../../../arm-none-eabi/lib/thumb/v7e-m+fp/hard\libc.a
END GROUP
LOAD D:/Program Files/STMicroelectronics/STM32CubeCLT_1.16.0/GNU-tools-for-STM32/bin/../lib/gcc/arm-none-eabi/12.3.1/thumb/v7e-m+fp/hard/crtend.o
LOAD D:/Program Files/STMicroelectronics/STM32CubeCLT_1.16.0/GNU-tools-for-STM32/bin/../lib/gcc/arm-none-eabi/12.3.1/thumb/v7e-m+fp/hard/crtn.o
                0x20020000                        _estack = (ORIGIN (RAM) + LENGTH (RAM))
                0x00000200                        _Min_Heap_Size = 0x200
                0x00000400                        _Min_Stack_Size = 0x400

.isr_vector     0x08000000      0x1d8
                0x08000000                        . = ALIGN (0x4)
 *(.isr_vector)
 .isr_vector    0x08000000      0x1d8 CMakeFiles/UF4DigitalPower.elf.dir/Core/Startup/startup_stm32g474rbtx.s.obj
                0x08000000                g_pfnVectors
                0x080001d8                        . = ALIGN (0x4)

.text           0x080001d8     0xc21c
                0x080001d8                        . = ALIGN (0x4)
 *(.text)
 .text          0x080001d8       0x40 D:/Program Files/STMicroelectronics/STM32CubeCLT_1.16.0/GNU-tools-for-STM32/bin/../lib/gcc/arm-none-eabi/12.3.1/thumb/v7e-m+fp/hard/crtbegin.o
 .text          0x08000218      0x378 D:/Program Files/STMicroelectronics/STM32CubeCLT_1.16.0/GNU-tools-for-STM32/bin/../lib/gcc/arm-none-eabi/12.3.1/thumb/v7e-m+fp/hard\libgcc.a(_arm_addsubdf3.o)
                0x08000218                __aeabi_drsub
                0x08000220                __aeabi_dsub
                0x08000220                __subdf3
                0x08000224                __aeabi_dadd
                0x08000224                __adddf3
                0x0800049c                __floatunsidf
                0x0800049c                __aeabi_ui2d
                0x080004bc                __floatsidf
                0x080004bc                __aeabi_i2d
                0x080004e0                __aeabi_f2d
                0x080004e0                __extendsfdf2
                0x08000524                __floatundidf
                0x08000524                __aeabi_ul2d
                0x08000534                __floatdidf
                0x08000534                __aeabi_l2d
 .text          0x08000590      0x424 D:/Program Files/STMicroelectronics/STM32CubeCLT_1.16.0/GNU-tools-for-STM32/bin/../lib/gcc/arm-none-eabi/12.3.1/thumb/v7e-m+fp/hard\libgcc.a(_arm_muldivdf3.o)
                0x08000590                __aeabi_dmul
                0x08000590                __muldf3
                0x080007e4                __divdf3
                0x080007e4                __aeabi_ddiv
 .text          0x080009b4       0xa0 D:/Program Files/STMicroelectronics/STM32CubeCLT_1.16.0/GNU-tools-for-STM32/bin/../lib/gcc/arm-none-eabi/12.3.1/thumb/v7e-m+fp/hard\libgcc.a(_arm_truncdfsf2.o)
                0x080009b4                __truncdfsf2
                0x080009b4                __aeabi_d2f
 .text          0x08000a54       0x30 D:/Program Files/STMicroelectronics/STM32CubeCLT_1.16.0/GNU-tools-for-STM32/bin/../lib/gcc/arm-none-eabi/12.3.1/thumb/v7e-m+fp/hard\libgcc.a(_aeabi_uldivmod.o)
                0x08000a54                __aeabi_uldivmod
 .text          0x08000a84      0x2bc D:/Program Files/STMicroelectronics/STM32CubeCLT_1.16.0/GNU-tools-for-STM32/bin/../lib/gcc/arm-none-eabi/12.3.1/thumb/v7e-m+fp/hard\libgcc.a(_udivmoddi4.o)
                0x08000a84                __udivmoddi4
 .text          0x08000d40        0x4 D:/Program Files/STMicroelectronics/STM32CubeCLT_1.16.0/GNU-tools-for-STM32/bin/../lib/gcc/arm-none-eabi/12.3.1/thumb/v7e-m+fp/hard\libgcc.a(_dvmd_tls.o)
                0x08000d40                __aeabi_idiv0
                0x08000d40                __aeabi_ldiv0
 .text          0x08000d44      0x110 D:/Program Files/STMicroelectronics/STM32CubeCLT_1.16.0/GNU-tools-for-STM32/bin/../lib/gcc/arm-none-eabi/12.3.1/thumb/v7e-m+fp/hard\libgcc.a(_arm_cmpdf2.o)
                0x08000d44                __gtdf2
                0x08000d44                __gedf2
                0x08000d4c                __ltdf2
                0x08000d4c                __ledf2
                0x08000d54                __nedf2
                0x08000d54                __eqdf2
                0x08000d54                __cmpdf2
                0x08000dd0                __aeabi_cdrcmple
                0x08000de0                __aeabi_cdcmpeq
                0x08000de0                __aeabi_cdcmple
                0x08000df0                __aeabi_dcmpeq
                0x08000e04                __aeabi_dcmplt
                0x08000e18                __aeabi_dcmple
                0x08000e2c                __aeabi_dcmpge
                0x08000e40                __aeabi_dcmpgt
 .text          0x08000e54       0x2c D:/Program Files/STMicroelectronics/STM32CubeCLT_1.16.0/GNU-tools-for-STM32/bin/../lib/gcc/arm-none-eabi/12.3.1/thumb/v7e-m+fp/hard\libgcc.a(_arm_unorddf2.o)
                0x08000e54                __unorddf2
                0x08000e54                __aeabi_dcmpun
 *(.text*)
 .text.UF4_PowerStopPwm
                0x08000e80       0x4c CMakeFiles/UF4DigitalPower.elf.dir/APP/Src/uf4_power_main.c.obj
 .text.UF4_AdcToVoltage
                0x08000ecc       0x30 CMakeFiles/UF4DigitalPower.elf.dir/APP/Src/uf4_power_main.c.obj
                0x08000ecc                UF4_AdcToVoltage
 .text.UF4_InputReady
                0x08000efc       0x24 CMakeFiles/UF4DigitalPower.elf.dir/APP/Src/uf4_power_main.c.obj
 .text.UF4_AdcToCurrent
                0x08000f20       0x3c CMakeFiles/UF4DigitalPower.elf.dir/APP/Src/uf4_power_main.c.obj
                0x08000f20                UF4_AdcToCurrent
 .text.UF4_AdcToInputCurrent
                0x08000f5c       0x24 CMakeFiles/UF4DigitalPower.elf.dir/APP/Src/uf4_power_main.c.obj
                0x08000f5c                UF4_AdcToInputCurrent
 .text.UF4_AdcToOutputCurrent
                0x08000f80       0x24 CMakeFiles/UF4DigitalPower.elf.dir/APP/Src/uf4_power_main.c.obj
                0x08000f80                UF4_AdcToOutputCurrent
 .text.UF4_VoltageToAdc
                0x08000fa4       0x4c CMakeFiles/UF4DigitalPower.elf.dir/APP/Src/uf4_power_main.c.obj
                0x08000fa4                UF4_VoltageToAdc
 .text.UF4_CurrentToAdc
                0x08000ff0       0x60 CMakeFiles/UF4DigitalPower.elf.dir/APP/Src/uf4_power_main.c.obj
                0x08000ff0                UF4_CurrentToAdc
 .text.UF4_FloatToMilli
                0x08001050       0x30 CMakeFiles/UF4DigitalPower.elf.dir/APP/Src/uf4_power_main.c.obj
                0x08001050                UF4_FloatToMilli
 .text.UF4_PowerApplySetpoints
                0x08001080       0x88 CMakeFiles/UF4DigitalPower.elf.dir/APP/Src/uf4_power_main.c.obj
                0x08001080                UF4_PowerApplySetpoints
 .text.UF4_PowerRestartOutput
                0x08001108       0x54 CMakeFiles/UF4DigitalPower.elf.dir/APP/Src/uf4_power_main.c.obj
                0x08001108                UF4_PowerRestartOutput
 .text.UF4_PowerSetOutputEnabled
                0x0800115c       0x38 CMakeFiles/UF4DigitalPower.elf.dir/APP/Src/uf4_power_main.c.obj
                0x0800115c                UF4_PowerSetOutputEnabled
 .text.ValInit  0x08001194       0xa4 CMakeFiles/UF4DigitalPower.elf.dir/APP/Src/uf4_power_main.c.obj
                0x08001194                ValInit
 .text.StateMInit
                0x08001238       0x14 CMakeFiles/UF4DigitalPower.elf.dir/APP/Src/uf4_power_main.c.obj
                0x08001238                StateMInit
 .text.StateMRun
                0x0800124c       0x28 CMakeFiles/UF4DigitalPower.elf.dir/APP/Src/uf4_power_main.c.obj
                0x0800124c                StateMRun
 .text.StateMErr
                0x08001274       0x4c CMakeFiles/UF4DigitalPower.elf.dir/APP/Src/uf4_power_main.c.obj
                0x08001274                StateMErr
 .text.StateMWait
                0x080012c0       0x74 CMakeFiles/UF4DigitalPower.elf.dir/APP/Src/uf4_power_main.c.obj
                0x080012c0                StateMWait
 .text.StateMRise
                0x08001334      0x1c0 CMakeFiles/UF4DigitalPower.elf.dir/APP/Src/uf4_power_main.c.obj
                0x08001334                StateMRise
 .text.ShortOff
                0x080014f4       0xd4 CMakeFiles/UF4DigitalPower.elf.dir/APP/Src/uf4_power_main.c.obj
                0x080014f4                ShortOff
 .text.OVP      0x080015c8       0x70 CMakeFiles/UF4DigitalPower.elf.dir/APP/Src/uf4_power_main.c.obj
                0x080015c8                OVP
 .text.OCP      0x08001638       0xdc CMakeFiles/UF4DigitalPower.elf.dir/APP/Src/uf4_power_main.c.obj
                0x08001638                OCP
 .text.BUZZER_Short
                0x08001714       0x58 CMakeFiles/UF4DigitalPower.elf.dir/APP/Src/uf4_power_main.c.obj
                0x08001714                BUZZER_Short
 .text.BUZZER_Middle
                0x0800176c       0x4c CMakeFiles/UF4DigitalPower.elf.dir/APP/Src/uf4_power_main.c.obj
                0x0800176c                BUZZER_Middle
 .text.one_order_lowpass_filter
                0x080017b8       0x24 CMakeFiles/UF4DigitalPower.elf.dir/APP/Src/uf4_power_main.c.obj
                0x080017b8                one_order_lowpass_filter
 *fill*         0x080017dc        0x4 
 .text.calculateTemperature
                0x080017e0       0x8c CMakeFiles/UF4DigitalPower.elf.dir/APP/Src/uf4_power_main.c.obj
                0x080017e0                calculateTemperature
 .text.GET_NTC_Temperature
                0x0800186c       0x3c CMakeFiles/UF4DigitalPower.elf.dir/APP/Src/uf4_power_main.c.obj
                0x0800186c                GET_NTC_Temperature
 .text.OTP      0x080018a8       0x50 CMakeFiles/UF4DigitalPower.elf.dir/APP/Src/uf4_power_main.c.obj
                0x080018a8                OTP
 .text.GET_CPU_Temperature
                0x080018f8       0x8c CMakeFiles/UF4DigitalPower.elf.dir/APP/Src/uf4_power_main.c.obj
                0x080018f8                GET_CPU_Temperature
 .text.ADC_calculate
                0x08001984       0x68 CMakeFiles/UF4DigitalPower.elf.dir/APP/Src/uf4_power_main.c.obj
                0x08001984                ADC_calculate
 .text.FAN_PWM_set
                0x080019ec       0x18 CMakeFiles/UF4DigitalPower.elf.dir/APP/Src/uf4_power_main.c.obj
                0x080019ec                FAN_PWM_set
 .text.float_to_bytes
                0x08001a04        0x8 CMakeFiles/UF4DigitalPower.elf.dir/APP/Src/uf4_power_main.c.obj
                0x08001a04                float_to_bytes
 .text.Init_Flash
                0x08001a0c       0xd0 CMakeFiles/UF4DigitalPower.elf.dir/APP/Src/uf4_power_main.c.obj
                0x08001a0c                Init_Flash
 .text.Update_Flash
                0x08001adc       0xdc CMakeFiles/UF4DigitalPower.elf.dir/APP/Src/uf4_power_main.c.obj
                0x08001adc                Update_Flash
 .text.bytes_to_float
                0x08001bb8        0x8 CMakeFiles/UF4DigitalPower.elf.dir/APP/Src/uf4_power_main.c.obj
                0x08001bb8                bytes_to_float
 .text.Read_Flash
                0x08001bc0       0xb4 CMakeFiles/UF4DigitalPower.elf.dir/APP/Src/uf4_power_main.c.obj
                0x08001bc0                Read_Flash
 .text.Auto_FAN
                0x08001c74       0xd4 CMakeFiles/UF4DigitalPower.elf.dir/APP/Src/uf4_power_main.c.obj
                0x08001c74                Auto_FAN
 .text.uf4_clampf
                0x08001d48       0x22 CMakeFiles/UF4DigitalPower.elf.dir/APP/Src/uf4_power_pid.c.obj
 *fill*         0x08001d6a        0x2 
 .text.PID_Init
                0x08001d6c       0x3c CMakeFiles/UF4DigitalPower.elf.dir/APP/Src/uf4_power_pid.c.obj
                0x08001d6c                PID_Init
 .text.W25Q64_SPIStart
                0x08001da8       0x12 CMakeFiles/UF4DigitalPower.elf.dir/APP/Src/uf4_storage_w25q64.c.obj
                0x08001da8                W25Q64_SPIStart
 .text.W25Q64_SPIStop
                0x08001dba       0x12 CMakeFiles/UF4DigitalPower.elf.dir/APP/Src/uf4_storage_w25q64.c.obj
                0x08001dba                W25Q64_SPIStop
 .text.MySPI_SwapByte
                0x08001dcc       0x34 CMakeFiles/UF4DigitalPower.elf.dir/APP/Src/uf4_storage_w25q64.c.obj
                0x08001dcc                MySPI_SwapByte
 .text.W25Q64_WriteEnable
                0x08001e00       0x12 CMakeFiles/UF4DigitalPower.elf.dir/APP/Src/uf4_storage_w25q64.c.obj
                0x08001e00                W25Q64_WriteEnable
 *fill*         0x08001e12        0x2 
 .text.W25Q64_WaitBusy
                0x08001e14       0x28 CMakeFiles/UF4DigitalPower.elf.dir/APP/Src/uf4_storage_w25q64.c.obj
                0x08001e14                W25Q64_WaitBusy
 .text.W25Q64_PageProgram
                0x08001e3c       0x48 CMakeFiles/UF4DigitalPower.elf.dir/APP/Src/uf4_storage_w25q64.c.obj
                0x08001e3c                W25Q64_PageProgram
 .text.W25Q64_SectorErase
                0x08001e84       0x32 CMakeFiles/UF4DigitalPower.elf.dir/APP/Src/uf4_storage_w25q64.c.obj
                0x08001e84                W25Q64_SectorErase
 .text.W25Q64_ReadData
                0x08001eb6       0x44 CMakeFiles/UF4DigitalPower.elf.dir/APP/Src/uf4_storage_w25q64.c.obj
                0x08001eb6                W25Q64_ReadData
 .text.tvl_crc16
                0x08001efa       0x42 CMakeFiles/UF4DigitalPower.elf.dir/APP/Src/uf4_tvlcom.c.obj
 .text.put_u16  0x08001f3c        0x8 CMakeFiles/UF4DigitalPower.elf.dir/APP/Src/uf4_tvlcom.c.obj
 .text.put_u32  0x08001f44       0x14 CMakeFiles/UF4DigitalPower.elf.dir/APP/Src/uf4_tvlcom.c.obj
 .text.get_u16  0x08001f58        0xa CMakeFiles/UF4DigitalPower.elf.dir/APP/Src/uf4_tvlcom.c.obj
 .text.get_u32  0x08001f62       0x16 CMakeFiles/UF4DigitalPower.elf.dir/APP/Src/uf4_tvlcom.c.obj
 .text.state_bits
                0x08001f78       0x30 CMakeFiles/UF4DigitalPower.elf.dir/APP/Src/uf4_tvlcom.c.obj
 .text.fan_to_permille
                0x08001fa8       0x30 CMakeFiles/UF4DigitalPower.elf.dir/APP/Src/uf4_tvlcom.c.obj
 .text.milli_to_float
                0x08001fd8       0x18 CMakeFiles/UF4DigitalPower.elf.dir/APP/Src/uf4_tvlcom.c.obj
 .text.clamp_settings
                0x08001ff0       0x68 CMakeFiles/UF4DigitalPower.elf.dir/APP/Src/uf4_tvlcom.c.obj
 .text.non_negative_milli
                0x08002058       0x10 CMakeFiles/UF4DigitalPower.elf.dir/APP/Src/uf4_tvlcom.c.obj
 .text.append_tlv
                0x08002068       0x4c CMakeFiles/UF4DigitalPower.elf.dir/APP/Src/uf4_tvlcom.c.obj
 .text.append_u8
                0x080020b4       0x1a CMakeFiles/UF4DigitalPower.elf.dir/APP/Src/uf4_tvlcom.c.obj
 .text.append_u32
                0x080020ce       0x26 CMakeFiles/UF4DigitalPower.elf.dir/APP/Src/uf4_tvlcom.c.obj
 .text.read_data
                0x080020f4      0x2f0 CMakeFiles/UF4DigitalPower.elf.dir/APP/Src/uf4_tvlcom.c.obj
 .text.send_frame
                0x080023e4       0x6c CMakeFiles/UF4DigitalPower.elf.dir/APP/Src/uf4_tvlcom.c.obj
 .text.send_nack
                0x08002450       0x10 CMakeFiles/UF4DigitalPower.elf.dir/APP/Src/uf4_tvlcom.c.obj
 .text.handle_read
                0x08002460       0x64 CMakeFiles/UF4DigitalPower.elf.dir/APP/Src/uf4_tvlcom.c.obj
 .text.handle_report
                0x080024c4       0x44 CMakeFiles/UF4DigitalPower.elf.dir/APP/Src/uf4_tvlcom.c.obj
 .text.write_data
                0x08002508      0x218 CMakeFiles/UF4DigitalPower.elf.dir/APP/Src/uf4_tvlcom.c.obj
 .text.handle_write
                0x08002720       0x7a CMakeFiles/UF4DigitalPower.elf.dir/APP/Src/uf4_tvlcom.c.obj
 .text.handle_frame
                0x0800279a       0x98 CMakeFiles/UF4DigitalPower.elf.dir/APP/Src/uf4_tvlcom.c.obj
 *fill*         0x08002832        0x2 
 .text.UF4_TvlcomInit
                0x08002834       0x34 CMakeFiles/UF4DigitalPower.elf.dir/APP/Src/uf4_tvlcom.c.obj
                0x08002834                UF4_TvlcomInit
 .text.UF4_TvlcomFeed
                0x08002868       0x50 CMakeFiles/UF4DigitalPower.elf.dir/APP/Src/uf4_tvlcom.c.obj
                0x08002868                UF4_TvlcomFeed
 .text.UF4_TvlcomProcess
                0x080028b8       0xc0 CMakeFiles/UF4DigitalPower.elf.dir/APP/Src/uf4_tvlcom.c.obj
                0x080028b8                UF4_TvlcomProcess
 .text.MX_ADC1_Init
                0x08002978      0x110 CMakeFiles/UF4DigitalPower.elf.dir/Core/Src/adc.c.obj
                0x08002978                MX_ADC1_Init
 .text.MX_ADC2_Init
                0x08002a88       0x98 CMakeFiles/UF4DigitalPower.elf.dir/Core/Src/adc.c.obj
                0x08002a88                MX_ADC2_Init
 .text.MX_ADC5_Init
                0x08002b20       0x98 CMakeFiles/UF4DigitalPower.elf.dir/Core/Src/adc.c.obj
                0x08002b20                MX_ADC5_Init
 .text.HAL_ADC_MspInit
                0x08002bb8      0x188 CMakeFiles/UF4DigitalPower.elf.dir/Core/Src/adc.c.obj
                0x08002bb8                HAL_ADC_MspInit
 .text.MX_DMA_Init
                0x08002d40       0x64 CMakeFiles/UF4DigitalPower.elf.dir/Core/Src/dma.c.obj
                0x08002d40                MX_DMA_Init
 .text.MX_GPIO_Init
                0x08002da4       0xe0 CMakeFiles/UF4DigitalPower.elf.dir/Core/Src/gpio.c.obj
                0x08002da4                MX_GPIO_Init
 .text.HAL_HRTIM_MspInit
                0x08002e84       0x50 CMakeFiles/UF4DigitalPower.elf.dir/Core/Src/hrtim.c.obj
                0x08002e84                HAL_HRTIM_MspInit
 .text.HAL_HRTIM_MspPostInit
                0x08002ed4       0x84 CMakeFiles/UF4DigitalPower.elf.dir/Core/Src/hrtim.c.obj
                0x08002ed4                HAL_HRTIM_MspPostInit
 .text.MX_HRTIM1_Init
                0x08002f58      0x31c CMakeFiles/UF4DigitalPower.elf.dir/Core/Src/hrtim.c.obj
                0x08002f58                MX_HRTIM1_Init
 .text.MX_IWDG_Init
                0x08003274       0x2c CMakeFiles/UF4DigitalPower.elf.dir/Core/Src/iwdg.c.obj
                0x08003274                MX_IWDG_Init
 .text.HAL_TIM_PeriodElapsedCallback
                0x080032a0       0x78 CMakeFiles/UF4DigitalPower.elf.dir/Core/Src/main.c.obj
                0x080032a0                HAL_TIM_PeriodElapsedCallback
 .text.Error_Handler
                0x08003318        0x4 CMakeFiles/UF4DigitalPower.elf.dir/Core/Src/main.c.obj
                0x08003318                Error_Handler
 .text.SystemClock_Config
                0x0800331c       0x78 CMakeFiles/UF4DigitalPower.elf.dir/Core/Src/main.c.obj
                0x0800331c                SystemClock_Config
 .text.main     0x08003394      0x1dc CMakeFiles/UF4DigitalPower.elf.dir/Core/Src/main.c.obj
                0x08003394                main
 .text.MX_SPI3_Init
                0x08003570       0x4c CMakeFiles/UF4DigitalPower.elf.dir/Core/Src/spi.c.obj
                0x08003570                MX_SPI3_Init
 .text.HAL_SPI_MspInit
                0x080035bc       0xd8 CMakeFiles/UF4DigitalPower.elf.dir/Core/Src/spi.c.obj
                0x080035bc                HAL_SPI_MspInit
 .text.HAL_MspInit
                0x08003694       0x38 CMakeFiles/UF4DigitalPower.elf.dir/Core/Src/stm32g4xx_hal_msp.c.obj
                0x08003694                HAL_MspInit
 .text.NMI_Handler
                0x080036cc        0x2 CMakeFiles/UF4DigitalPower.elf.dir/Core/Src/stm32g4xx_it.c.obj
                0x080036cc                NMI_Handler
 .text.HardFault_Handler
                0x080036ce        0x2 CMakeFiles/UF4DigitalPower.elf.dir/Core/Src/stm32g4xx_it.c.obj
                0x080036ce                HardFault_Handler
 .text.MemManage_Handler
                0x080036d0        0x2 CMakeFiles/UF4DigitalPower.elf.dir/Core/Src/stm32g4xx_it.c.obj
                0x080036d0                MemManage_Handler
 .text.BusFault_Handler
                0x080036d2        0x2 CMakeFiles/UF4DigitalPower.elf.dir/Core/Src/stm32g4xx_it.c.obj
                0x080036d2                BusFault_Handler
 .text.UsageFault_Handler
                0x080036d4        0x2 CMakeFiles/UF4DigitalPower.elf.dir/Core/Src/stm32g4xx_it.c.obj
                0x080036d4                UsageFault_Handler
 .text.SVC_Handler
                0x080036d6        0x2 CMakeFiles/UF4DigitalPower.elf.dir/Core/Src/stm32g4xx_it.c.obj
                0x080036d6                SVC_Handler
 .text.DebugMon_Handler
                0x080036d8        0x2 CMakeFiles/UF4DigitalPower.elf.dir/Core/Src/stm32g4xx_it.c.obj
                0x080036d8                DebugMon_Handler
 .text.PendSV_Handler
                0x080036da        0x2 CMakeFiles/UF4DigitalPower.elf.dir/Core/Src/stm32g4xx_it.c.obj
                0x080036da                PendSV_Handler
 .text.SysTick_Handler
                0x080036dc        0x8 CMakeFiles/UF4DigitalPower.elf.dir/Core/Src/stm32g4xx_it.c.obj
                0x080036dc                SysTick_Handler
 .text.DMA1_Channel1_IRQHandler
                0x080036e4       0x10 CMakeFiles/UF4DigitalPower.elf.dir/Core/Src/stm32g4xx_it.c.obj
                0x080036e4                DMA1_Channel1_IRQHandler
 .text.DMA1_Channel2_IRQHandler
                0x080036f4       0x10 CMakeFiles/UF4DigitalPower.elf.dir/Core/Src/stm32g4xx_it.c.obj
                0x080036f4                DMA1_Channel2_IRQHandler
 .text.DMA1_Channel3_IRQHandler
                0x08003704       0x10 CMakeFiles/UF4DigitalPower.elf.dir/Core/Src/stm32g4xx_it.c.obj
                0x08003704                DMA1_Channel3_IRQHandler
 .text.USB_LP_IRQHandler
                0x08003714       0x10 CMakeFiles/UF4DigitalPower.elf.dir/Core/Src/stm32g4xx_it.c.obj
                0x08003714                USB_LP_IRQHandler
 .text.TIM1_UP_TIM16_IRQHandler
                0x08003724       0x10 CMakeFiles/UF4DigitalPower.elf.dir/Core/Src/stm32g4xx_it.c.obj
                0x08003724                TIM1_UP_TIM16_IRQHandler
 .text.TIM1_TRG_COM_TIM17_IRQHandler
                0x08003734       0x10 CMakeFiles/UF4DigitalPower.elf.dir/Core/Src/stm32g4xx_it.c.obj
                0x08003734                TIM1_TRG_COM_TIM17_IRQHandler
 .text.TIM2_IRQHandler
                0x08003744       0x10 CMakeFiles/UF4DigitalPower.elf.dir/Core/Src/stm32g4xx_it.c.obj
                0x08003744                TIM2_IRQHandler
 .text.TIM3_IRQHandler
                0x08003754       0x10 CMakeFiles/UF4DigitalPower.elf.dir/Core/Src/stm32g4xx_it.c.obj
                0x08003754                TIM3_IRQHandler
 .text.TIM4_IRQHandler
                0x08003764       0x10 CMakeFiles/UF4DigitalPower.elf.dir/Core/Src/stm32g4xx_it.c.obj
                0x08003764                TIM4_IRQHandler
 .text.HRTIM1_TIMA_IRQHandler
                0x08003774       0x14 CMakeFiles/UF4DigitalPower.elf.dir/Core/Src/stm32g4xx_it.c.obj
                0x08003774                HRTIM1_TIMA_IRQHandler
 .text.HRTIM1_FLT_IRQHandler
                0x08003788       0x10 CMakeFiles/UF4DigitalPower.elf.dir/Core/Src/stm32g4xx_it.c.obj
                0x08003788                HRTIM1_FLT_IRQHandler
 .text.SystemInit
                0x08003798       0x14 CMakeFiles/UF4DigitalPower.elf.dir/Core/Src/system_stm32g4xx.c.obj
                0x08003798                SystemInit
 .text.MX_TIM2_Init
                0x080037ac       0x70 CMakeFiles/UF4DigitalPower.elf.dir/Core/Src/tim.c.obj
                0x080037ac                MX_TIM2_Init
 .text.MX_TIM3_Init
                0x0800381c       0x74 CMakeFiles/UF4DigitalPower.elf.dir/Core/Src/tim.c.obj
                0x0800381c                MX_TIM3_Init
 .text.MX_TIM4_Init
                0x08003890       0x74 CMakeFiles/UF4DigitalPower.elf.dir/Core/Src/tim.c.obj
                0x08003890                MX_TIM4_Init
 .text.MX_TIM16_Init
                0x08003904       0x30 CMakeFiles/UF4DigitalPower.elf.dir/Core/Src/tim.c.obj
                0x08003904                MX_TIM16_Init
 .text.MX_TIM17_Init
                0x08003934       0x30 CMakeFiles/UF4DigitalPower.elf.dir/Core/Src/tim.c.obj
                0x08003934                MX_TIM17_Init
 .text.HAL_TIM_Base_MspInit
                0x08003964      0x120 CMakeFiles/UF4DigitalPower.elf.dir/Core/Src/tim.c.obj
                0x08003964                HAL_TIM_Base_MspInit
 .text.HAL_TIM_MspPostInit
                0x08003a84       0x58 CMakeFiles/UF4DigitalPower.elf.dir/Core/Src/tim.c.obj
                0x08003a84                HAL_TIM_MspPostInit
 .text.MX_TIM8_Init
                0x08003adc      0x104 CMakeFiles/UF4DigitalPower.elf.dir/Core/Src/tim.c.obj
                0x08003adc                MX_TIM8_Init
 .text.MX_USART1_UART_Init
                0x08003be0       0x68 CMakeFiles/UF4DigitalPower.elf.dir/Core/Src/usart.c.obj
                0x08003be0                MX_USART1_UART_Init
 .text.MX_USART3_UART_Init
                0x08003c48       0x68 CMakeFiles/UF4DigitalPower.elf.dir/Core/Src/usart.c.obj
                0x08003c48                MX_USART3_UART_Init
 .text.HAL_UART_MspInit
                0x08003cb0       0xf0 CMakeFiles/UF4DigitalPower.elf.dir/Core/Src/usart.c.obj
                0x08003cb0                HAL_UART_MspInit
 .text.Reset_Handler
                0x08003da0       0x50 CMakeFiles/UF4DigitalPower.elf.dir/Core/Startup/startup_stm32g474rbtx.s.obj
                0x08003da0                Reset_Handler
 .text.Default_Handler
                0x08003df0        0x2 CMakeFiles/UF4DigitalPower.elf.dir/Core/Startup/startup_stm32g474rbtx.s.obj
                0x08003df0                RTC_Alarm_IRQHandler
                0x08003df0                EXTI2_IRQHandler
                0x08003df0                TIM8_TRG_COM_IRQHandler
                0x08003df0                TIM8_CC_IRQHandler
                0x08003df0                HRTIM1_Master_IRQHandler
                0x08003df0                SPI4_IRQHandler
                0x08003df0                FDCAN3_IT0_IRQHandler
                0x08003df0                TIM1_CC_IRQHandler
                0x08003df0                HRTIM1_TIMF_IRQHandler
                0x08003df0                USB_HP_IRQHandler
                0x08003df0                CORDIC_IRQHandler
                0x08003df0                HRTIM1_TIMD_IRQHandler
                0x08003df0                DMA2_Channel8_IRQHandler
                0x08003df0                EXTI3_IRQHandler
                0x08003df0                I2C3_ER_IRQHandler
                0x08003df0                EXTI0_IRQHandler
                0x08003df0                I2C2_EV_IRQHandler
                0x08003df0                FPU_IRQHandler
                0x08003df0                FDCAN1_IT1_IRQHandler
                0x08003df0                ADC1_2_IRQHandler
                0x08003df0                HRTIM1_TIME_IRQHandler
                0x08003df0                SPI1_IRQHandler
                0x08003df0                TIM6_DAC_IRQHandler
                0x08003df0                HRTIM1_TIMC_IRQHandler
                0x08003df0                TIM8_UP_IRQHandler
                0x08003df0                DMA2_Channel2_IRQHandler
                0x08003df0                DMA1_Channel4_IRQHandler
                0x08003df0                TIM20_TRG_COM_IRQHandler
                0x08003df0                USART3_IRQHandler
                0x08003df0                DMA1_Channel7_IRQHandler
                0x08003df0                UART5_IRQHandler
                0x08003df0                ADC3_IRQHandler
                0x08003df0                DMA2_Channel1_IRQHandler
                0x08003df0                QUADSPI_IRQHandler
                0x08003df0                I2C1_EV_IRQHandler
                0x08003df0                DMA1_Channel6_IRQHandler
                0x08003df0                UART4_IRQHandler
                0x08003df0                DMA2_Channel4_IRQHandler
                0x08003df0                RCC_IRQHandler
                0x08003df0                TIM20_UP_IRQHandler
                0x08003df0                Default_Handler
                0x08003df0                DMA2_Channel7_IRQHandler
                0x08003df0                RTC_TAMP_LSECSS_IRQHandler
                0x08003df0                FMAC_IRQHandler
                0x08003df0                EXTI15_10_IRQHandler
                0x08003df0                DMA1_Channel8_IRQHandler
                0x08003df0                TIM7_DAC_IRQHandler
                0x08003df0                FDCAN3_IT1_IRQHandler
                0x08003df0                TIM5_IRQHandler
                0x08003df0                UCPD1_IRQHandler
                0x08003df0                I2C3_EV_IRQHandler
                0x08003df0                EXTI9_5_IRQHandler
                0x08003df0                RTC_WKUP_IRQHandler
                0x08003df0                PVD_PVM_IRQHandler
                0x08003df0                SPI2_IRQHandler
                0x08003df0                ADC5_IRQHandler
                0x08003df0                DMA2_Channel5_IRQHandler
                0x08003df0                CRS_IRQHandler
                0x08003df0                DMA1_Channel5_IRQHandler
                0x08003df0                EXTI4_IRQHandler
                0x08003df0                RNG_IRQHandler
                0x08003df0                HRTIM1_TIMB_IRQHandler
                0x08003df0                FDCAN2_IT1_IRQHandler
                0x08003df0                ADC4_IRQHandler
                0x08003df0                WWDG_IRQHandler
                0x08003df0                I2C4_EV_IRQHandler
                0x08003df0                FDCAN2_IT0_IRQHandler
                0x08003df0                LPUART1_IRQHandler
                0x08003df0                DMA2_Channel6_IRQHandler
                0x08003df0                FDCAN1_IT0_IRQHandler
                0x08003df0                COMP7_IRQHandler
                0x08003df0                COMP1_2_3_IRQHandler
                0x08003df0                EXTI1_IRQHandler
                0x08003df0                USART2_IRQHandler
                0x08003df0                COMP4_5_6_IRQHandler
                0x08003df0                TIM20_BRK_IRQHandler
                0x08003df0                I2C2_ER_IRQHandler
                0x08003df0                TIM8_BRK_IRQHandler
                0x08003df0                FLASH_IRQHandler
                0x08003df0                TIM20_CC_IRQHandler
                0x08003df0                USART1_IRQHandler
                0x08003df0                SPI3_IRQHandler
                0x08003df0                I2C1_ER_IRQHandler
                0x08003df0                FMC_IRQHandler
                0x08003df0                LPTIM1_IRQHandler
                0x08003df0                DMAMUX_OVR_IRQHandler
                0x08003df0                I2C4_ER_IRQHandler
                0x08003df0                USBWakeUp_IRQHandler
                0x08003df0                SAI1_IRQHandler
                0x08003df0                DMA2_Channel3_IRQHandler
                0x08003df0                TIM1_BRK_TIM15_IRQHandler
 *fill*         0x08003df2        0x2 
 .text.HAL_InitTick
                0x08003df4       0x50 CMakeFiles/UF4DigitalPower.elf.dir/Drivers/STM32G4xx_HAL_Driver/Src/stm32g4xx_hal.c.obj
                0x08003df4                HAL_InitTick
 .text.HAL_Init
                0x08003e44       0x1e CMakeFiles/UF4DigitalPower.elf.dir/Drivers/STM32G4xx_HAL_Driver/Src/stm32g4xx_hal.c.obj
                0x08003e44                HAL_Init
 *fill*         0x08003e62        0x2 
 .text.HAL_IncTick
                0x08003e64       0x18 CMakeFiles/UF4DigitalPower.elf.dir/Drivers/STM32G4xx_HAL_Driver/Src/stm32g4xx_hal.c.obj
                0x08003e64                HAL_IncTick
 .text.HAL_GetTick
                0x08003e7c        0xc CMakeFiles/UF4DigitalPower.elf.dir/Drivers/STM32G4xx_HAL_Driver/Src/stm32g4xx_hal.c.obj
                0x08003e7c                HAL_GetTick
 .text.HAL_Delay
                0x08003e88       0x28 CMakeFiles/UF4DigitalPower.elf.dir/Drivers/STM32G4xx_HAL_Driver/Src/stm32g4xx_hal.c.obj
                0x08003e88                HAL_Delay
 .text.LL_ADC_REG_SetSequencerRanks
                0x08003eb0       0x30 CMakeFiles/UF4DigitalPower.elf.dir/Drivers/STM32G4xx_HAL_Driver/Src/stm32g4xx_hal_adc.c.obj
 .text.LL_ADC_SetChannelSamplingTime
                0x08003ee0       0x2c CMakeFiles/UF4DigitalPower.elf.dir/Drivers/STM32G4xx_HAL_Driver/Src/stm32g4xx_hal_adc.c.obj
 .text.HAL_ADC_Init
                0x08003f0c      0x29c CMakeFiles/UF4DigitalPower.elf.dir/Drivers/STM32G4xx_HAL_Driver/Src/stm32g4xx_hal_adc.c.obj
                0x08003f0c                HAL_ADC_Init
 .text.HAL_ADC_GetValue
                0x080041a8        0x6 CMakeFiles/UF4DigitalPower.elf.dir/Drivers/STM32G4xx_HAL_Driver/Src/stm32g4xx_hal_adc.c.obj
                0x080041a8                HAL_ADC_GetValue
 .text.HAL_ADC_ConvCpltCallback
                0x080041ae        0x2 CMakeFiles/UF4DigitalPower.elf.dir/Drivers/STM32G4xx_HAL_Driver/Src/stm32g4xx_hal_adc.c.obj
                0x080041ae                HAL_ADC_ConvCpltCallback
 .text.HAL_ADC_ConvHalfCpltCallback
                0x080041b0        0x2 CMakeFiles/UF4DigitalPower.elf.dir/Drivers/STM32G4xx_HAL_Driver/Src/stm32g4xx_hal_adc.c.obj
                0x080041b0                HAL_ADC_ConvHalfCpltCallback
 .text.ADC_DMAHalfConvCplt
                0x080041b2        0xa CMakeFiles/UF4DigitalPower.elf.dir/Drivers/STM32G4xx_HAL_Driver/Src/stm32g4xx_hal_adc.c.obj
                0x080041b2                ADC_DMAHalfConvCplt
 .text.HAL_ADC_ErrorCallback
                0x080041bc        0x2 CMakeFiles/UF4DigitalPower.elf.dir/Drivers/STM32G4xx_HAL_Driver/Src/stm32g4xx_hal_adc.c.obj
                0x080041bc                HAL_ADC_ErrorCallback
 .text.ADC_DMAConvCplt
                0x080041be       0x88 CMakeFiles/UF4DigitalPower.elf.dir/Drivers/STM32G4xx_HAL_Driver/Src/stm32g4xx_hal_adc.c.obj
                0x080041be                ADC_DMAConvCplt
 .text.ADC_DMAError
                0x08004246       0x1a CMakeFiles/UF4DigitalPower.elf.dir/Drivers/STM32G4xx_HAL_Driver/Src/stm32g4xx_hal_adc.c.obj
                0x08004246                ADC_DMAError
 .text.HAL_ADC_ConfigChannel
                0x08004260      0x4b4 CMakeFiles/UF4DigitalPower.elf.dir/Drivers/STM32G4xx_HAL_Driver/Src/stm32g4xx_hal_adc.c.obj
                0x08004260                HAL_ADC_ConfigChannel
 .text.ADC_Enable
                0x08004714       0xf8 CMakeFiles/UF4DigitalPower.elf.dir/Drivers/STM32G4xx_HAL_Driver/Src/stm32g4xx_hal_adc.c.obj
                0x08004714                ADC_Enable
 .text.HAL_ADC_Start
                0x0800480c      0x134 CMakeFiles/UF4DigitalPower.elf.dir/Drivers/STM32G4xx_HAL_Driver/Src/stm32g4xx_hal_adc.c.obj
                0x0800480c                HAL_ADC_Start
 .text.HAL_ADC_Start_DMA
                0x08004940      0x140 CMakeFiles/UF4DigitalPower.elf.dir/Drivers/STM32G4xx_HAL_Driver/Src/stm32g4xx_hal_adc.c.obj
                0x08004940                HAL_ADC_Start_DMA
 .text.ADC_Disable
                0x08004a80       0x94 CMakeFiles/UF4DigitalPower.elf.dir/Drivers/STM32G4xx_HAL_Driver/Src/stm32g4xx_hal_adc.c.obj
                0x08004a80                ADC_Disable
 .text.HAL_ADCEx_Calibration_Start
                0x08004b14       0x9c CMakeFiles/UF4DigitalPower.elf.dir/Drivers/STM32G4xx_HAL_Driver/Src/stm32g4xx_hal_adc_ex.c.obj
                0x08004b14                HAL_ADCEx_Calibration_Start
 .text.HAL_ADCEx_MultiModeConfigChannel
                0x08004bb0      0x1d4 CMakeFiles/UF4DigitalPower.elf.dir/Drivers/STM32G4xx_HAL_Driver/Src/stm32g4xx_hal_adc_ex.c.obj
                0x08004bb0                HAL_ADCEx_MultiModeConfigChannel
 .text.__NVIC_EnableIRQ
                0x08004d84       0x1c CMakeFiles/UF4DigitalPower.elf.dir/Drivers/STM32G4xx_HAL_Driver/Src/stm32g4xx_hal_cortex.c.obj
 .text.__NVIC_SetPriority
                0x08004da0       0x28 CMakeFiles/UF4DigitalPower.elf.dir/Drivers/STM32G4xx_HAL_Driver/Src/stm32g4xx_hal_cortex.c.obj
 .text.NVIC_EncodePriority
                0x08004dc8       0x3e CMakeFiles/UF4DigitalPower.elf.dir/Drivers/STM32G4xx_HAL_Driver/Src/stm32g4xx_hal_cortex.c.obj
 *fill*         0x08004e06        0x2 
 .text.HAL_NVIC_SetPriorityGrouping
                0x08004e08       0x24 CMakeFiles/UF4DigitalPower.elf.dir/Drivers/STM32G4xx_HAL_Driver/Src/stm32g4xx_hal_cortex.c.obj
                0x08004e08                HAL_NVIC_SetPriorityGrouping
 .text.HAL_NVIC_SetPriority
                0x08004e2c       0x20 CMakeFiles/UF4DigitalPower.elf.dir/Drivers/STM32G4xx_HAL_Driver/Src/stm32g4xx_hal_cortex.c.obj
                0x08004e2c                HAL_NVIC_SetPriority
 .text.HAL_NVIC_EnableIRQ
                0x08004e4c        0x8 CMakeFiles/UF4DigitalPower.elf.dir/Drivers/STM32G4xx_HAL_Driver/Src/stm32g4xx_hal_cortex.c.obj
                0x08004e4c                HAL_NVIC_EnableIRQ
 .text.HAL_SYSTICK_Config
                0x08004e54       0x28 CMakeFiles/UF4DigitalPower.elf.dir/Drivers/STM32G4xx_HAL_Driver/Src/stm32g4xx_hal_cortex.c.obj
                0x08004e54                HAL_SYSTICK_Config
 .text.DMA_SetConfig
                0x08004e7c       0x42 CMakeFiles/UF4DigitalPower.elf.dir/Drivers/STM32G4xx_HAL_Driver/Src/stm32g4xx_hal_dma.c.obj
 *fill*         0x08004ebe        0x2 
 .text.DMA_CalcDMAMUXChannelBaseAndMask
                0x08004ec0       0x48 CMakeFiles/UF4DigitalPower.elf.dir/Drivers/STM32G4xx_HAL_Driver/Src/stm32g4xx_hal_dma.c.obj
 .text.DMA_CalcDMAMUXRequestGenBaseAndMask
                0x08004f08       0x28 CMakeFiles/UF4DigitalPower.elf.dir/Drivers/STM32G4xx_HAL_Driver/Src/stm32g4xx_hal_dma.c.obj
 .text.HAL_DMA_Init
                0x08004f30       0xd8 CMakeFiles/UF4DigitalPower.elf.dir/Drivers/STM32G4xx_HAL_Driver/Src/stm32g4xx_hal_dma.c.obj
                0x08004f30                HAL_DMA_Init
 .text.HAL_DMA_Start_IT
                0x08005008       0x94 CMakeFiles/UF4DigitalPower.elf.dir/Drivers/STM32G4xx_HAL_Driver/Src/stm32g4xx_hal_dma.c.obj
                0x08005008                HAL_DMA_Start_IT
 .text.HAL_DMA_IRQHandler
                0x0800509c       0xc4 CMakeFiles/UF4DigitalPower.elf.dir/Drivers/STM32G4xx_HAL_Driver/Src/stm32g4xx_hal_dma.c.obj
                0x0800509c                HAL_DMA_IRQHandler
 .text.HAL_GPIO_Init
                0x08005160      0x1d4 CMakeFiles/UF4DigitalPower.elf.dir/Drivers/STM32G4xx_HAL_Driver/Src/stm32g4xx_hal_gpio.c.obj
                0x08005160                HAL_GPIO_Init
 .text.HAL_GPIO_WritePin
                0x08005334        0xa CMakeFiles/UF4DigitalPower.elf.dir/Drivers/STM32G4xx_HAL_Driver/Src/stm32g4xx_hal_gpio.c.obj
                0x08005334                HAL_GPIO_WritePin
 .text.HAL_GPIO_TogglePin
                0x0800533e       0x12 CMakeFiles/UF4DigitalPower.elf.dir/Drivers/STM32G4xx_HAL_Driver/Src/stm32g4xx_hal_gpio.c.obj
                0x0800533e                HAL_GPIO_TogglePin
 .text.HRTIM_MasterBase_Config
                0x08005350       0x2a CMakeFiles/UF4DigitalPower.elf.dir/Drivers/STM32G4xx_HAL_Driver/Src/stm32g4xx_hal_hrtim.c.obj
 .text.HRTIM_TimingUnitBase_Config
                0x0800537a       0x40 CMakeFiles/UF4DigitalPower.elf.dir/Drivers/STM32G4xx_HAL_Driver/Src/stm32g4xx_hal_hrtim.c.obj
 .text.HRTIM_MasterWaveform_Config
                0x080053ba       0x84 CMakeFiles/UF4DigitalPower.elf.dir/Drivers/STM32G4xx_HAL_Driver/Src/stm32g4xx_hal_hrtim.c.obj
 .text.HRTIM_TimingUnitWaveform_Config
                0x0800543e      0x196 CMakeFiles/UF4DigitalPower.elf.dir/Drivers/STM32G4xx_HAL_Driver/Src/stm32g4xx_hal_hrtim.c.obj
 .text.HRTIM_TimingUnitWaveform_Control
                0x080055d4       0x62 CMakeFiles/UF4DigitalPower.elf.dir/Drivers/STM32G4xx_HAL_Driver/Src/stm32g4xx_hal_hrtim.c.obj
 *fill*         0x08005636        0x2 
 .text.HRTIM_OutputConfig
                0x08005638       0xfc CMakeFiles/UF4DigitalPower.elf.dir/Drivers/STM32G4xx_HAL_Driver/Src/stm32g4xx_hal_hrtim.c.obj
 .text.HRTIM_ForceRegistersUpdate
                0x08005734       0x80 CMakeFiles/UF4DigitalPower.elf.dir/Drivers/STM32G4xx_HAL_Driver/Src/stm32g4xx_hal_hrtim.c.obj
 .text.HAL_HRTIM_Init
                0x080057b4       0xd8 CMakeFiles/UF4DigitalPower.elf.dir/Drivers/STM32G4xx_HAL_Driver/Src/stm32g4xx_hal_hrtim.c.obj
                0x080057b4                HAL_HRTIM_Init
 .text.HAL_HRTIM_DLLCalibrationStart
                0x0800588c       0x72 CMakeFiles/UF4DigitalPower.elf.dir/Drivers/STM32G4xx_HAL_Driver/Src/stm32g4xx_hal_hrtim.c.obj
                0x0800588c                HAL_HRTIM_DLLCalibrationStart
 .text.HAL_HRTIM_PollForDLLCalibration
                0x080058fe       0x44 CMakeFiles/UF4DigitalPower.elf.dir/Drivers/STM32G4xx_HAL_Driver/Src/stm32g4xx_hal_hrtim.c.obj
                0x080058fe                HAL_HRTIM_PollForDLLCalibration
 .text.HAL_HRTIM_TimeBaseConfig
                0x08005942       0x32 CMakeFiles/UF4DigitalPower.elf.dir/Drivers/STM32G4xx_HAL_Driver/Src/stm32g4xx_hal_hrtim.c.obj
                0x08005942                HAL_HRTIM_TimeBaseConfig
 .text.HAL_HRTIM_ADCTriggerConfig
                0x08005974      0x272 CMakeFiles/UF4DigitalPower.elf.dir/Drivers/STM32G4xx_HAL_Driver/Src/stm32g4xx_hal_hrtim.c.obj
                0x08005974                HAL_HRTIM_ADCTriggerConfig
 .text.HAL_HRTIM_ADCPostScalerConfig
                0x08005be6      0x18a CMakeFiles/UF4DigitalPower.elf.dir/Drivers/STM32G4xx_HAL_Driver/Src/stm32g4xx_hal_hrtim.c.obj
                0x08005be6                HAL_HRTIM_ADCPostScalerConfig
 .text.HAL_HRTIM_WaveformTimerConfig
                0x08005d70       0x8c CMakeFiles/UF4DigitalPower.elf.dir/Drivers/STM32G4xx_HAL_Driver/Src/stm32g4xx_hal_hrtim.c.obj
                0x08005d70                HAL_HRTIM_WaveformTimerConfig
 .text.HAL_HRTIM_WaveformTimerControl
                0x08005dfc       0x42 CMakeFiles/UF4DigitalPower.elf.dir/Drivers/STM32G4xx_HAL_Driver/Src/stm32g4xx_hal_hrtim.c.obj
                0x08005dfc                HAL_HRTIM_WaveformTimerControl
 *fill*         0x08005e3e        0x2 
 .text.HAL_HRTIM_DeadTimeConfig
                0x08005e40       0xa4 CMakeFiles/UF4DigitalPower.elf.dir/Drivers/STM32G4xx_HAL_Driver/Src/stm32g4xx_hal_hrtim.c.obj
                0x08005e40                HAL_HRTIM_DeadTimeConfig
 .text.HAL_HRTIM_WaveformCompareConfig
                0x08005ee4      0x1c2 CMakeFiles/UF4DigitalPower.elf.dir/Drivers/STM32G4xx_HAL_Driver/Src/stm32g4xx_hal_hrtim.c.obj
                0x08005ee4                HAL_HRTIM_WaveformCompareConfig
 .text.HAL_HRTIM_WaveformOutputConfig
                0x080060a6       0x38 CMakeFiles/UF4DigitalPower.elf.dir/Drivers/STM32G4xx_HAL_Driver/Src/stm32g4xx_hal_hrtim.c.obj
                0x080060a6                HAL_HRTIM_WaveformOutputConfig
 .text.HAL_HRTIM_WaveformOutputStart
                0x080060de       0x38 CMakeFiles/UF4DigitalPower.elf.dir/Drivers/STM32G4xx_HAL_Driver/Src/stm32g4xx_hal_hrtim.c.obj
                0x080060de                HAL_HRTIM_WaveformOutputStart
 .text.HAL_HRTIM_WaveformOutputStop
                0x08006116       0x38 CMakeFiles/UF4DigitalPower.elf.dir/Drivers/STM32G4xx_HAL_Driver/Src/stm32g4xx_hal_hrtim.c.obj
                0x08006116                HAL_HRTIM_WaveformOutputStop
 .text.HAL_HRTIM_WaveformCountStart
                0x0800614e       0x34 CMakeFiles/UF4DigitalPower.elf.dir/Drivers/STM32G4xx_HAL_Driver/Src/stm32g4xx_hal_hrtim.c.obj
                0x0800614e                HAL_HRTIM_WaveformCountStart
 .text.HAL_HRTIM_Fault1Callback
                0x08006182        0x2 CMakeFiles/UF4DigitalPower.elf.dir/Drivers/STM32G4xx_HAL_Driver/Src/stm32g4xx_hal_hrtim.c.obj
                0x08006182                HAL_HRTIM_Fault1Callback
 .text.HAL_HRTIM_Fault2Callback
                0x08006184        0x2 CMakeFiles/UF4DigitalPower.elf.dir/Drivers/STM32G4xx_HAL_Driver/Src/stm32g4xx_hal_hrtim.c.obj
                0x08006184                HAL_HRTIM_Fault2Callback
 .text.HAL_HRTIM_Fault3Callback
                0x08006186        0x2 CMakeFiles/UF4DigitalPower.elf.dir/Drivers/STM32G4xx_HAL_Driver/Src/stm32g4xx_hal_hrtim.c.obj
                0x08006186                HAL_HRTIM_Fault3Callback
 .text.HAL_HRTIM_Fault4Callback
                0x08006188        0x2 CMakeFiles/UF4DigitalPower.elf.dir/Drivers/STM32G4xx_HAL_Driver/Src/stm32g4xx_hal_hrtim.c.obj
                0x08006188                HAL_HRTIM_Fault4Callback
 .text.HAL_HRTIM_Fault5Callback
                0x0800618a        0x2 CMakeFiles/UF4DigitalPower.elf.dir/Drivers/STM32G4xx_HAL_Driver/Src/stm32g4xx_hal_hrtim.c.obj
                0x0800618a                HAL_HRTIM_Fault5Callback
 .text.HAL_HRTIM_Fault6Callback
                0x0800618c        0x2 CMakeFiles/UF4DigitalPower.elf.dir/Drivers/STM32G4xx_HAL_Driver/Src/stm32g4xx_hal_hrtim.c.obj
                0x0800618c                HAL_HRTIM_Fault6Callback
 .text.HAL_HRTIM_SystemFaultCallback
                0x0800618e        0x2 CMakeFiles/UF4DigitalPower.elf.dir/Drivers/STM32G4xx_HAL_Driver/Src/stm32g4xx_hal_hrtim.c.obj
                0x0800618e                HAL_HRTIM_SystemFaultCallback
 .text.HRTIM_HRTIM_ISR
                0x08006190       0xd0 CMakeFiles/UF4DigitalPower.elf.dir/Drivers/STM32G4xx_HAL_Driver/Src/stm32g4xx_hal_hrtim.c.obj
 .text.HAL_HRTIM_DLLCalibrationReadyCallback
                0x08006260        0x2 CMakeFiles/UF4DigitalPower.elf.dir/Drivers/STM32G4xx_HAL_Driver/Src/stm32g4xx_hal_hrtim.c.obj
                0x08006260                HAL_HRTIM_DLLCalibrationReadyCallback
 .text.HAL_HRTIM_BurstModePeriodCallback
                0x08006262        0x2 CMakeFiles/UF4DigitalPower.elf.dir/Drivers/STM32G4xx_HAL_Driver/Src/stm32g4xx_hal_hrtim.c.obj
                0x08006262                HAL_HRTIM_BurstModePeriodCallback
 .text.HAL_HRTIM_SynchronizationEventCallback
                0x08006264        0x2 CMakeFiles/UF4DigitalPower.elf.dir/Drivers/STM32G4xx_HAL_Driver/Src/stm32g4xx_hal_hrtim.c.obj
                0x08006264                HAL_HRTIM_SynchronizationEventCallback
 .text.HAL_HRTIM_RegistersUpdateCallback
                0x08006266        0x2 CMakeFiles/UF4DigitalPower.elf.dir/Drivers/STM32G4xx_HAL_Driver/Src/stm32g4xx_hal_hrtim.c.obj
                0x08006266                HAL_HRTIM_RegistersUpdateCallback
 .text.HAL_HRTIM_RepetitionEventCallback
                0x08006268        0x2 CMakeFiles/UF4DigitalPower.elf.dir/Drivers/STM32G4xx_HAL_Driver/Src/stm32g4xx_hal_hrtim.c.obj
                0x08006268                HAL_HRTIM_RepetitionEventCallback
 .text.HAL_HRTIM_Compare1EventCallback
                0x0800626a        0x2 CMakeFiles/UF4DigitalPower.elf.dir/Drivers/STM32G4xx_HAL_Driver/Src/stm32g4xx_hal_hrtim.c.obj
                0x0800626a                HAL_HRTIM_Compare1EventCallback
 .text.HAL_HRTIM_Compare2EventCallback
                0x0800626c        0x2 CMakeFiles/UF4DigitalPower.elf.dir/Drivers/STM32G4xx_HAL_Driver/Src/stm32g4xx_hal_hrtim.c.obj
                0x0800626c                HAL_HRTIM_Compare2EventCallback
 .text.HAL_HRTIM_Compare3EventCallback
                0x0800626e        0x2 CMakeFiles/UF4DigitalPower.elf.dir/Drivers/STM32G4xx_HAL_Driver/Src/stm32g4xx_hal_hrtim.c.obj
                0x0800626e                HAL_HRTIM_Compare3EventCallback
 .text.HAL_HRTIM_Compare4EventCallback
                0x08006270        0x2 CMakeFiles/UF4DigitalPower.elf.dir/Drivers/STM32G4xx_HAL_Driver/Src/stm32g4xx_hal_hrtim.c.obj
                0x08006270                HAL_HRTIM_Compare4EventCallback
 .text.HRTIM_Master_ISR
                0x08006272      0x11e CMakeFiles/UF4DigitalPower.elf.dir/Drivers/STM32G4xx_HAL_Driver/Src/stm32g4xx_hal_hrtim.c.obj
 .text.HAL_HRTIM_Capture1EventCallback
                0x08006390        0x2 CMakeFiles/UF4DigitalPower.elf.dir/Drivers/STM32G4xx_HAL_Driver/Src/stm32g4xx_hal_hrtim.c.obj
                0x08006390                HAL_HRTIM_Capture1EventCallback
 .text.HAL_HRTIM_Capture2EventCallback
                0x08006392        0x2 CMakeFiles/UF4DigitalPower.elf.dir/Drivers/STM32G4xx_HAL_Driver/Src/stm32g4xx_hal_hrtim.c.obj
                0x08006392                HAL_HRTIM_Capture2EventCallback
 .text.HAL_HRTIM_DelayedProtectionCallback
                0x08006394        0x2 CMakeFiles/UF4DigitalPower.elf.dir/Drivers/STM32G4xx_HAL_Driver/Src/stm32g4xx_hal_hrtim.c.obj
                0x08006394                HAL_HRTIM_DelayedProtectionCallback
 .text.HAL_HRTIM_CounterResetCallback
                0x08006396        0x2 CMakeFiles/UF4DigitalPower.elf.dir/Drivers/STM32G4xx_HAL_Driver/Src/stm32g4xx_hal_hrtim.c.obj
                0x08006396                HAL_HRTIM_CounterResetCallback
 .text.HAL_HRTIM_Output1SetCallback
                0x08006398        0x2 CMakeFiles/UF4DigitalPower.elf.dir/Drivers/STM32G4xx_HAL_Driver/Src/stm32g4xx_hal_hrtim.c.obj
                0x08006398                HAL_HRTIM_Output1SetCallback
 .text.HAL_HRTIM_Output1ResetCallback
                0x0800639a        0x2 CMakeFiles/UF4DigitalPower.elf.dir/Drivers/STM32G4xx_HAL_Driver/Src/stm32g4xx_hal_hrtim.c.obj
                0x0800639a                HAL_HRTIM_Output1ResetCallback
 .text.HAL_HRTIM_Output2SetCallback
                0x0800639c        0x2 CMakeFiles/UF4DigitalPower.elf.dir/Drivers/STM32G4xx_HAL_Driver/Src/stm32g4xx_hal_hrtim.c.obj
                0x0800639c                HAL_HRTIM_Output2SetCallback
 .text.HAL_HRTIM_Output2ResetCallback
                0x0800639e        0x2 CMakeFiles/UF4DigitalPower.elf.dir/Drivers/STM32G4xx_HAL_Driver/Src/stm32g4xx_hal_hrtim.c.obj
                0x0800639e                HAL_HRTIM_Output2ResetCallback
 .text.HRTIM_Timer_ISR
                0x080063a0      0x204 CMakeFiles/UF4DigitalPower.elf.dir/Drivers/STM32G4xx_HAL_Driver/Src/stm32g4xx_hal_hrtim.c.obj
 .text.HAL_HRTIM_IRQHandler
                0x080065a4       0x1c CMakeFiles/UF4DigitalPower.elf.dir/Drivers/STM32G4xx_HAL_Driver/Src/stm32g4xx_hal_hrtim.c.obj
                0x080065a4                HAL_HRTIM_IRQHandler
 .text.HAL_IWDG_Init
                0x080065c0       0x68 CMakeFiles/UF4DigitalPower.elf.dir/Drivers/STM32G4xx_HAL_Driver/Src/stm32g4xx_hal_iwdg.c.obj
                0x080065c0                HAL_IWDG_Init
 .text.HAL_IWDG_Refresh
                0x08006628        0xc CMakeFiles/UF4DigitalPower.elf.dir/Drivers/STM32G4xx_HAL_Driver/Src/stm32g4xx_hal_iwdg.c.obj
                0x08006628                HAL_IWDG_Refresh
 .text.HAL_PCD_EP_DB_Receive
                0x08006634      0x118 CMakeFiles/UF4DigitalPower.elf.dir/Drivers/STM32G4xx_HAL_Driver/Src/stm32g4xx_hal_pcd.c.obj
 .text.HAL_PCD_Init
                0x0800674c       0xb6 CMakeFiles/UF4DigitalPower.elf.dir/Drivers/STM32G4xx_HAL_Driver/Src/stm32g4xx_hal_pcd.c.obj
                0x0800674c                HAL_PCD_Init
 .text.HAL_PCD_Start
                0x08006802       0x2a CMakeFiles/UF4DigitalPower.elf.dir/Drivers/STM32G4xx_HAL_Driver/Src/stm32g4xx_hal_pcd.c.obj
                0x08006802                HAL_PCD_Start
 .text.HAL_PCD_EP_DB_Transmit
                0x0800682c      0x472 CMakeFiles/UF4DigitalPower.elf.dir/Drivers/STM32G4xx_HAL_Driver/Src/stm32g4xx_hal_pcd.c.obj
 .text.PCD_EP_ISR_Handler
                0x08006c9e      0x4c4 CMakeFiles/UF4DigitalPower.elf.dir/Drivers/STM32G4xx_HAL_Driver/Src/stm32g4xx_hal_pcd.c.obj
 .text.HAL_PCD_SetAddress
                0x08007162       0x26 CMakeFiles/UF4DigitalPower.elf.dir/Drivers/STM32G4xx_HAL_Driver/Src/stm32g4xx_hal_pcd.c.obj
                0x08007162                HAL_PCD_SetAddress
 .text.HAL_PCD_IRQHandler
                0x08007188      0x1b2 CMakeFiles/UF4DigitalPower.elf.dir/Drivers/STM32G4xx_HAL_Driver/Src/stm32g4xx_hal_pcd.c.obj
                0x08007188                HAL_PCD_IRQHandler
 .text.HAL_PCD_EP_Open
                0x0800733a       0x86 CMakeFiles/UF4DigitalPower.elf.dir/Drivers/STM32G4xx_HAL_Driver/Src/stm32g4xx_hal_pcd.c.obj
                0x0800733a                HAL_PCD_EP_Open
 .text.HAL_PCD_EP_Close
                0x080073c0       0x6c CMakeFiles/UF4DigitalPower.elf.dir/Drivers/STM32G4xx_HAL_Driver/Src/stm32g4xx_hal_pcd.c.obj
                0x080073c0                HAL_PCD_EP_Close
 .text.HAL_PCD_EP_Receive
                0x0800742c       0x3a CMakeFiles/UF4DigitalPower.elf.dir/Drivers/STM32G4xx_HAL_Driver/Src/stm32g4xx_hal_pcd.c.obj
                0x0800742c                HAL_PCD_EP_Receive
 .text.HAL_PCD_EP_GetRxCount
                0x08007466       0x12 CMakeFiles/UF4DigitalPower.elf.dir/Drivers/STM32G4xx_HAL_Driver/Src/stm32g4xx_hal_pcd.c.obj
                0x08007466                HAL_PCD_EP_GetRxCount
 .text.HAL_PCD_EP_Transmit
                0x08007478       0x4c CMakeFiles/UF4DigitalPower.elf.dir/Drivers/STM32G4xx_HAL_Driver/Src/stm32g4xx_hal_pcd.c.obj
                0x08007478                HAL_PCD_EP_Transmit
 .text.HAL_PCD_EP_SetStall
                0x080074c4       0x72 CMakeFiles/UF4DigitalPower.elf.dir/Drivers/STM32G4xx_HAL_Driver/Src/stm32g4xx_hal_pcd.c.obj
                0x080074c4                HAL_PCD_EP_SetStall
 .text.HAL_PCD_EP_ClrStall
                0x08007536       0x7e CMakeFiles/UF4DigitalPower.elf.dir/Drivers/STM32G4xx_HAL_Driver/Src/stm32g4xx_hal_pcd.c.obj
                0x08007536                HAL_PCD_EP_ClrStall
 .text.HAL_PCDEx_PMAConfig
                0x080075b4       0x38 CMakeFiles/UF4DigitalPower.elf.dir/Drivers/STM32G4xx_HAL_Driver/Src/stm32g4xx_hal_pcd_ex.c.obj
                0x080075b4                HAL_PCDEx_PMAConfig
 .text.HAL_PCDEx_ActivateLPM
                0x080075ec       0x2c CMakeFiles/UF4DigitalPower.elf.dir/Drivers/STM32G4xx_HAL_Driver/Src/stm32g4xx_hal_pcd_ex.c.obj
                0x080075ec                HAL_PCDEx_ActivateLPM
 .text.HAL_PWREx_ControlVoltageScaling
                0x08007618      0x10c CMakeFiles/UF4DigitalPower.elf.dir/Drivers/STM32G4xx_HAL_Driver/Src/stm32g4xx_hal_pwr_ex.c.obj
                0x08007618                HAL_PWREx_ControlVoltageScaling
 .text.HAL_PWREx_DisableUCPDDeadBattery
                0x08007724       0x10 CMakeFiles/UF4DigitalPower.elf.dir/Drivers/STM32G4xx_HAL_Driver/Src/stm32g4xx_hal_pwr_ex.c.obj
                0x08007724                HAL_PWREx_DisableUCPDDeadBattery
 .text.RCC_GetSysClockFreqFromPLLSource
                0x08007734       0x58 CMakeFiles/UF4DigitalPower.elf.dir/Drivers/STM32G4xx_HAL_Driver/Src/stm32g4xx_hal_rcc.c.obj
 .text.HAL_RCC_OscConfig
                0x0800778c      0x4e4 CMakeFiles/UF4DigitalPower.elf.dir/Drivers/STM32G4xx_HAL_Driver/Src/stm32g4xx_hal_rcc.c.obj
                0x0800778c                HAL_RCC_OscConfig
 .text.HAL_RCC_GetSysClockFreq
                0x08007c70       0x88 CMakeFiles/UF4DigitalPower.elf.dir/Drivers/STM32G4xx_HAL_Driver/Src/stm32g4xx_hal_rcc.c.obj
                0x08007c70                HAL_RCC_GetSysClockFreq
 .text.HAL_RCC_ClockConfig
                0x08007cf8      0x1f8 CMakeFiles/UF4DigitalPower.elf.dir/Drivers/STM32G4xx_HAL_Driver/Src/stm32g4xx_hal_rcc.c.obj
                0x08007cf8                HAL_RCC_ClockConfig
 .text.HAL_RCC_GetHCLKFreq
                0x08007ef0        0xc CMakeFiles/UF4DigitalPower.elf.dir/Drivers/STM32G4xx_HAL_Driver/Src/stm32g4xx_hal_rcc.c.obj
                0x08007ef0                HAL_RCC_GetHCLKFreq
 .text.HAL_RCC_GetPCLK1Freq
                0x08007efc       0x24 CMakeFiles/UF4DigitalPower.elf.dir/Drivers/STM32G4xx_HAL_Driver/Src/stm32g4xx_hal_rcc.c.obj
                0x08007efc                HAL_RCC_GetPCLK1Freq
 .text.HAL_RCC_GetPCLK2Freq
                0x08007f20       0x24 CMakeFiles/UF4DigitalPower.elf.dir/Drivers/STM32G4xx_HAL_Driver/Src/stm32g4xx_hal_rcc.c.obj
                0x08007f20                HAL_RCC_GetPCLK2Freq
 .text.HAL_RCCEx_PeriphCLKConfig
                0x08007f44      0x378 CMakeFiles/UF4DigitalPower.elf.dir/Drivers/STM32G4xx_HAL_Driver/Src/stm32g4xx_hal_rcc_ex.c.obj
                0x08007f44                HAL_RCCEx_PeriphCLKConfig
 .text.SPI_WaitFlagStateUntilTimeout
                0x080082bc       0xc8 CMakeFiles/UF4DigitalPower.elf.dir/Drivers/STM32G4xx_HAL_Driver/Src/stm32g4xx_hal_spi.c.obj
 .text.SPI_WaitFifoStateUntilTimeout
                0x08008384       0xf0 CMakeFiles/UF4DigitalPower.elf.dir/Drivers/STM32G4xx_HAL_Driver/Src/stm32g4xx_hal_spi.c.obj
 .text.SPI_EndRxTxTransaction
                0x08008474       0x62 CMakeFiles/UF4DigitalPower.elf.dir/Drivers/STM32G4xx_HAL_Driver/Src/stm32g4xx_hal_spi.c.obj
 .text.HAL_SPI_Init
                0x080084d6       0xe8 CMakeFiles/UF4DigitalPower.elf.dir/Drivers/STM32G4xx_HAL_Driver/Src/stm32g4xx_hal_spi.c.obj
                0x080084d6                HAL_SPI_Init
 .text.HAL_SPI_TransmitReceive
                0x080085be      0x2fe CMakeFiles/UF4DigitalPower.elf.dir/Drivers/STM32G4xx_HAL_Driver/Src/stm32g4xx_hal_spi.c.obj
                0x080085be                HAL_SPI_TransmitReceive
 .text.TIM_OC1_SetConfig
                0x080088bc       0xac CMakeFiles/UF4DigitalPower.elf.dir/Drivers/STM32G4xx_HAL_Driver/Src/stm32g4xx_hal_tim.c.obj
 .text.TIM_OC3_SetConfig
                0x08008968       0x9c CMakeFiles/UF4DigitalPower.elf.dir/Drivers/STM32G4xx_HAL_Driver/Src/stm32g4xx_hal_tim.c.obj
 .text.TIM_OC4_SetConfig
                0x08008a04       0x9c CMakeFiles/UF4DigitalPower.elf.dir/Drivers/STM32G4xx_HAL_Driver/Src/stm32g4xx_hal_tim.c.obj
 .text.TIM_OC5_SetConfig
                0x08008aa0       0x70 CMakeFiles/UF4DigitalPower.elf.dir/Drivers/STM32G4xx_HAL_Driver/Src/stm32g4xx_hal_tim.c.obj
 .text.TIM_OC6_SetConfig
                0x08008b10       0x74 CMakeFiles/UF4DigitalPower.elf.dir/Drivers/STM32G4xx_HAL_Driver/Src/stm32g4xx_hal_tim.c.obj
 .text.TIM_TI1_ConfigInputStage
                0x08008b84       0x26 CMakeFiles/UF4DigitalPower.elf.dir/Drivers/STM32G4xx_HAL_Driver/Src/stm32g4xx_hal_tim.c.obj
 .text.TIM_TI2_ConfigInputStage
                0x08008baa       0x28 CMakeFiles/UF4DigitalPower.elf.dir/Drivers/STM32G4xx_HAL_Driver/Src/stm32g4xx_hal_tim.c.obj
 .text.TIM_ITRx_SetConfig
                0x08008bd2       0x14 CMakeFiles/UF4DigitalPower.elf.dir/Drivers/STM32G4xx_HAL_Driver/Src/stm32g4xx_hal_tim.c.obj
 *fill*         0x08008be6        0x2 
 .text.HAL_TIM_Base_Start_IT
                0x08008be8       0x94 CMakeFiles/UF4DigitalPower.elf.dir/Drivers/STM32G4xx_HAL_Driver/Src/stm32g4xx_hal_tim.c.obj
                0x08008be8                HAL_TIM_Base_Start_IT
 .text.HAL_TIM_PWM_MspInit
                0x08008c7c        0x2 CMakeFiles/UF4DigitalPower.elf.dir/Drivers/STM32G4xx_HAL_Driver/Src/stm32g4xx_hal_tim.c.obj
                0x08008c7c                HAL_TIM_PWM_MspInit
 .text.HAL_TIM_OC_DelayElapsedCallback
                0x08008c7e        0x2 CMakeFiles/UF4DigitalPower.elf.dir/Drivers/STM32G4xx_HAL_Driver/Src/stm32g4xx_hal_tim.c.obj
                0x08008c7e                HAL_TIM_OC_DelayElapsedCallback
 .text.HAL_TIM_IC_CaptureCallback
                0x08008c80        0x2 CMakeFiles/UF4DigitalPower.elf.dir/Drivers/STM32G4xx_HAL_Driver/Src/stm32g4xx_hal_tim.c.obj
                0x08008c80                HAL_TIM_IC_CaptureCallback
 .text.HAL_TIM_PWM_PulseFinishedCallback
                0x08008c82        0x2 CMakeFiles/UF4DigitalPower.elf.dir/Drivers/STM32G4xx_HAL_Driver/Src/stm32g4xx_hal_tim.c.obj
                0x08008c82                HAL_TIM_PWM_PulseFinishedCallback
 .text.HAL_TIM_TriggerCallback
                0x08008c84        0x2 CMakeFiles/UF4DigitalPower.elf.dir/Drivers/STM32G4xx_HAL_Driver/Src/stm32g4xx_hal_tim.c.obj
                0x08008c84                HAL_TIM_TriggerCallback
 .text.HAL_TIM_IRQHandler
                0x08008c86      0x1ea CMakeFiles/UF4DigitalPower.elf.dir/Drivers/STM32G4xx_HAL_Driver/Src/stm32g4xx_hal_tim.c.obj
                0x08008c86                HAL_TIM_IRQHandler
 .text.TIM_Base_SetConfig
                0x08008e70       0xf0 CMakeFiles/UF4DigitalPower.elf.dir/Drivers/STM32G4xx_HAL_Driver/Src/stm32g4xx_hal_tim.c.obj
                0x08008e70                TIM_Base_SetConfig
 .text.HAL_TIM_Base_Init
                0x08008f60       0x60 CMakeFiles/UF4DigitalPower.elf.dir/Drivers/STM32G4xx_HAL_Driver/Src/stm32g4xx_hal_tim.c.obj
                0x08008f60                HAL_TIM_Base_Init
 .text.HAL_TIM_PWM_Init
                0x08008fc0       0x60 CMakeFiles/UF4DigitalPower.elf.dir/Drivers/STM32G4xx_HAL_Driver/Src/stm32g4xx_hal_tim.c.obj
                0x08008fc0                HAL_TIM_PWM_Init
 .text.TIM_OC2_SetConfig
                0x08009020       0x9c CMakeFiles/UF4DigitalPower.elf.dir/Drivers/STM32G4xx_HAL_Driver/Src/stm32g4xx_hal_tim.c.obj
                0x08009020                TIM_OC2_SetConfig
 .text.HAL_TIM_PWM_ConfigChannel
                0x080090bc      0x13a CMakeFiles/UF4DigitalPower.elf.dir/Drivers/STM32G4xx_HAL_Driver/Src/stm32g4xx_hal_tim.c.obj
                0x080090bc                HAL_TIM_PWM_ConfigChannel
 .text.TIM_ETR_SetConfig
                0x080091f6       0x1a CMakeFiles/UF4DigitalPower.elf.dir/Drivers/STM32G4xx_HAL_Driver/Src/stm32g4xx_hal_tim.c.obj
                0x080091f6                TIM_ETR_SetConfig
 .text.HAL_TIM_ConfigClockSource
                0x08009210      0x154 CMakeFiles/UF4DigitalPower.elf.dir/Drivers/STM32G4xx_HAL_Driver/Src/stm32g4xx_hal_tim.c.obj
                0x08009210                HAL_TIM_ConfigClockSource
 .text.TIM_CCxChannelCmd
                0x08009364       0x1e CMakeFiles/UF4DigitalPower.elf.dir/Drivers/STM32G4xx_HAL_Driver/Src/stm32g4xx_hal_tim.c.obj
                0x08009364                TIM_CCxChannelCmd
 *fill*         0x08009382        0x2 
 .text.HAL_TIM_PWM_Start
                0x08009384      0x17c CMakeFiles/UF4DigitalPower.elf.dir/Drivers/STM32G4xx_HAL_Driver/Src/stm32g4xx_hal_tim.c.obj
                0x08009384                HAL_TIM_PWM_Start
 .text.HAL_TIMEx_MasterConfigSynchronization
                0x08009500       0xac CMakeFiles/UF4DigitalPower.elf.dir/Drivers/STM32G4xx_HAL_Driver/Src/stm32g4xx_hal_tim_ex.c.obj
                0x08009500                HAL_TIMEx_MasterConfigSynchronization
 .text.HAL_TIMEx_ConfigBreakDeadTime
                0x080095ac       0xa8 CMakeFiles/UF4DigitalPower.elf.dir/Drivers/STM32G4xx_HAL_Driver/Src/stm32g4xx_hal_tim_ex.c.obj
                0x080095ac                HAL_TIMEx_ConfigBreakDeadTime
 .text.HAL_TIMEx_CommutCallback
                0x08009654        0x2 CMakeFiles/UF4DigitalPower.elf.dir/Drivers/STM32G4xx_HAL_Driver/Src/stm32g4xx_hal_tim_ex.c.obj
                0x08009654                HAL_TIMEx_CommutCallback
 .text.HAL_TIMEx_BreakCallback
                0x08009656        0x2 CMakeFiles/UF4DigitalPower.elf.dir/Drivers/STM32G4xx_HAL_Driver/Src/stm32g4xx_hal_tim_ex.c.obj
                0x08009656                HAL_TIMEx_BreakCallback
 .text.HAL_TIMEx_Break2Callback
                0x08009658        0x2 CMakeFiles/UF4DigitalPower.elf.dir/Drivers/STM32G4xx_HAL_Driver/Src/stm32g4xx_hal_tim_ex.c.obj
                0x08009658                HAL_TIMEx_Break2Callback
 .text.HAL_TIMEx_EncoderIndexCallback
                0x0800965a        0x2 CMakeFiles/UF4DigitalPower.elf.dir/Drivers/STM32G4xx_HAL_Driver/Src/stm32g4xx_hal_tim_ex.c.obj
                0x0800965a                HAL_TIMEx_EncoderIndexCallback
 .text.HAL_TIMEx_DirectionChangeCallback
                0x0800965c        0x2 CMakeFiles/UF4DigitalPower.elf.dir/Drivers/STM32G4xx_HAL_Driver/Src/stm32g4xx_hal_tim_ex.c.obj
                0x0800965c                HAL_TIMEx_DirectionChangeCallback
 .text.HAL_TIMEx_IndexErrorCallback
                0x0800965e        0x2 CMakeFiles/UF4DigitalPower.elf.dir/Drivers/STM32G4xx_HAL_Driver/Src/stm32g4xx_hal_tim_ex.c.obj
                0x0800965e                HAL_TIMEx_IndexErrorCallback
 .text.HAL_TIMEx_TransitionErrorCallback
                0x08009660        0x2 CMakeFiles/UF4DigitalPower.elf.dir/Drivers/STM32G4xx_HAL_Driver/Src/stm32g4xx_hal_tim_ex.c.obj
                0x08009660                HAL_TIMEx_TransitionErrorCallback
 .text.UART_EndRxTransfer
                0x08009662       0x56 CMakeFiles/UF4DigitalPower.elf.dir/Drivers/STM32G4xx_HAL_Driver/Src/stm32g4xx_hal_uart.c.obj
 .text.UART_SetConfig
                0x080096b8      0x388 CMakeFiles/UF4DigitalPower.elf.dir/Drivers/STM32G4xx_HAL_Driver/Src/stm32g4xx_hal_uart.c.obj
                0x080096b8                UART_SetConfig
 .text.UART_AdvFeatureConfig
                0x08009a40       0xca CMakeFiles/UF4DigitalPower.elf.dir/Drivers/STM32G4xx_HAL_Driver/Src/stm32g4xx_hal_uart.c.obj
                0x08009a40                UART_AdvFeatureConfig
 .text.UART_WaitOnFlagUntilTimeout
                0x08009b0a       0x9e CMakeFiles/UF4DigitalPower.elf.dir/Drivers/STM32G4xx_HAL_Driver/Src/stm32g4xx_hal_uart.c.obj
                0x08009b0a                UART_WaitOnFlagUntilTimeout
 .text.UART_CheckIdleState
                0x08009ba8       0xca CMakeFiles/UF4DigitalPower.elf.dir/Drivers/STM32G4xx_HAL_Driver/Src/stm32g4xx_hal_uart.c.obj
                0x08009ba8                UART_CheckIdleState
 .text.HAL_UART_Init
                0x08009c72       0x66 CMakeFiles/UF4DigitalPower.elf.dir/Drivers/STM32G4xx_HAL_Driver/Src/stm32g4xx_hal_uart.c.obj
                0x08009c72                HAL_UART_Init
 .text.UARTEx_SetNbDataToProcess
                0x08009cd8       0x4c CMakeFiles/UF4DigitalPower.elf.dir/Drivers/STM32G4xx_HAL_Driver/Src/stm32g4xx_hal_uart_ex.c.obj
 .text.HAL_UARTEx_DisableFifoMode
                0x08009d24       0x3e CMakeFiles/UF4DigitalPower.elf.dir/Drivers/STM32G4xx_HAL_Driver/Src/stm32g4xx_hal_uart_ex.c.obj
                0x08009d24                HAL_UARTEx_DisableFifoMode
 .text.HAL_UARTEx_SetTxFifoThreshold
                0x08009d62       0x4a CMakeFiles/UF4DigitalPower.elf.dir/Drivers/STM32G4xx_HAL_Driver/Src/stm32g4xx_hal_uart_ex.c.obj
                0x08009d62                HAL_UARTEx_SetTxFifoThreshold
 .text.HAL_UARTEx_SetRxFifoThreshold
                0x08009dac       0x4a CMakeFiles/UF4DigitalPower.elf.dir/Drivers/STM32G4xx_HAL_Driver/Src/stm32g4xx_hal_uart_ex.c.obj
                0x08009dac                HAL_UARTEx_SetRxFifoThreshold
 .text.USB_EnableGlobalInt
                0x08009df6       0x12 CMakeFiles/UF4DigitalPower.elf.dir/Drivers/STM32G4xx_HAL_Driver/Src/stm32g4xx_ll_usb.c.obj
                0x08009df6                USB_EnableGlobalInt
 .text.USB_DisableGlobalInt
                0x08009e08       0x14 CMakeFiles/UF4DigitalPower.elf.dir/Drivers/STM32G4xx_HAL_Driver/Src/stm32g4xx_ll_usb.c.obj
                0x08009e08                USB_DisableGlobalInt
 .text.USB_DevInit
                0x08009e1c       0x22 CMakeFiles/UF4DigitalPower.elf.dir/Drivers/STM32G4xx_HAL_Driver/Src/stm32g4xx_ll_usb.c.obj
                0x08009e1c                USB_DevInit
 .text.USB_ActivateEndpoint
                0x08009e3e      0x51a CMakeFiles/UF4DigitalPower.elf.dir/Drivers/STM32G4xx_HAL_Driver/Src/stm32g4xx_ll_usb.c.obj
                0x08009e3e                USB_ActivateEndpoint
 .text.USB_DeactivateEndpoint
                0x0800a358      0x1d6 CMakeFiles/UF4DigitalPower.elf.dir/Drivers/STM32G4xx_HAL_Driver/Src/stm32g4xx_ll_usb.c.obj
                0x0800a358                USB_DeactivateEndpoint
 .text.USB_EPSetStall
                0x0800a52e       0x4a CMakeFiles/UF4DigitalPower.elf.dir/Drivers/STM32G4xx_HAL_Driver/Src/stm32g4xx_ll_usb.c.obj
                0x0800a52e                USB_EPSetStall
 .text.USB_EPClearStall
                0x0800a578       0x9c CMakeFiles/UF4DigitalPower.elf.dir/Drivers/STM32G4xx_HAL_Driver/Src/stm32g4xx_ll_usb.c.obj
                0x0800a578                USB_EPClearStall
 .text.USB_SetDevAddress
                0x0800a614        0xc CMakeFiles/UF4DigitalPower.elf.dir/Drivers/STM32G4xx_HAL_Driver/Src/stm32g4xx_ll_usb.c.obj
                0x0800a614                USB_SetDevAddress
 .text.USB_DevConnect
                0x0800a620       0x16 CMakeFiles/UF4DigitalPower.elf.dir/Drivers/STM32G4xx_HAL_Driver/Src/stm32g4xx_ll_usb.c.obj
                0x0800a620                USB_DevConnect
 .text.USB_ReadInterrupts
                0x0800a636        0x8 CMakeFiles/UF4DigitalPower.elf.dir/Drivers/STM32G4xx_HAL_Driver/Src/stm32g4xx_ll_usb.c.obj
                0x0800a636                USB_ReadInterrupts
 .text.USB_WritePMA
                0x0800a63e       0x24 CMakeFiles/UF4DigitalPower.elf.dir/Drivers/STM32G4xx_HAL_Driver/Src/stm32g4xx_ll_usb.c.obj
                0x0800a63e                USB_WritePMA
 .text.USB_EPStartXfer
                0x0800a662      0x584 CMakeFiles/UF4DigitalPower.elf.dir/Drivers/STM32G4xx_HAL_Driver/Src/stm32g4xx_ll_usb.c.obj
                0x0800a662                USB_EPStartXfer
 .text.USB_ReadPMA
                0x0800abe6       0x30 CMakeFiles/UF4DigitalPower.elf.dir/Drivers/STM32G4xx_HAL_Driver/Src/stm32g4xx_ll_usb.c.obj
                0x0800abe6                USB_ReadPMA
 .text.USBD_CDC_EP0_RxReady
                0x0800ac16       0x36 CMakeFiles/UF4DigitalPower.elf.dir/Middlewares/ST/STM32_USB_Device_Library/Class/CDC/Src/usbd_cdc.c.obj
 .text.USBD_CDC_GetFSCfgDesc
                0x0800ac4c        0xc CMakeFiles/UF4DigitalPower.elf.dir/Middlewares/ST/STM32_USB_Device_Library/Class/CDC/Src/usbd_cdc.c.obj
 .text.USBD_CDC_GetHSCfgDesc
                0x0800ac58        0xc CMakeFiles/UF4DigitalPower.elf.dir/Middlewares/ST/STM32_USB_Device_Library/Class/CDC/Src/usbd_cdc.c.obj
 .text.USBD_CDC_GetOtherSpeedCfgDesc
                0x0800ac64        0xc CMakeFiles/UF4DigitalPower.elf.dir/Middlewares/ST/STM32_USB_Device_Library/Class/CDC/Src/usbd_cdc.c.obj
 .text.USBD_CDC_GetDeviceQualifierDescriptor
                0x0800ac70        0xc CMakeFiles/UF4DigitalPower.elf.dir/Middlewares/ST/STM32_USB_Device_Library/Class/CDC/Src/usbd_cdc.c.obj
                0x0800ac70                USBD_CDC_GetDeviceQualifierDescriptor
 .text.USBD_CDC_DataOut
                0x0800ac7c       0x2a CMakeFiles/UF4DigitalPower.elf.dir/Middlewares/ST/STM32_USB_Device_Library/Class/CDC/Src/usbd_cdc.c.obj
 .text.USBD_CDC_DataIn
                0x0800aca6       0x6a CMakeFiles/UF4DigitalPower.elf.dir/Middlewares/ST/STM32_USB_Device_Library/Class/CDC/Src/usbd_cdc.c.obj
 .text.USBD_CDC_Setup
                0x0800ad10       0xf4 CMakeFiles/UF4DigitalPower.elf.dir/Middlewares/ST/STM32_USB_Device_Library/Class/CDC/Src/usbd_cdc.c.obj
 .text.USBD_CDC_DeInit
                0x0800ae04       0x48 CMakeFiles/UF4DigitalPower.elf.dir/Middlewares/ST/STM32_USB_Device_Library/Class/CDC/Src/usbd_cdc.c.obj
 .text.USBD_CDC_Init
                0x0800ae4c       0xc2 CMakeFiles/UF4DigitalPower.elf.dir/Middlewares/ST/STM32_USB_Device_Library/Class/CDC/Src/usbd_cdc.c.obj
 .text.USBD_CDC_RegisterInterface
                0x0800af0e        0xe CMakeFiles/UF4DigitalPower.elf.dir/Middlewares/ST/STM32_USB_Device_Library/Class/CDC/Src/usbd_cdc.c.obj
                0x0800af0e                USBD_CDC_RegisterInterface
 .text.USBD_CDC_SetTxBuffer
                0x0800af1c       0x16 CMakeFiles/UF4DigitalPower.elf.dir/Middlewares/ST/STM32_USB_Device_Library/Class/CDC/Src/usbd_cdc.c.obj
                0x0800af1c                USBD_CDC_SetTxBuffer
 .text.USBD_CDC_SetRxBuffer
                0x0800af32       0x12 CMakeFiles/UF4DigitalPower.elf.dir/Middlewares/ST/STM32_USB_Device_Library/Class/CDC/Src/usbd_cdc.c.obj
                0x0800af32                USBD_CDC_SetRxBuffer
 .text.USBD_CDC_TransmitPacket
                0x0800af44       0x30 CMakeFiles/UF4DigitalPower.elf.dir/Middlewares/ST/STM32_USB_Device_Library/Class/CDC/Src/usbd_cdc.c.obj
                0x0800af44                USBD_CDC_TransmitPacket
 .text.USBD_CDC_ReceivePacket
                0x0800af74       0x32 CMakeFiles/UF4DigitalPower.elf.dir/Middlewares/ST/STM32_USB_Device_Library/Class/CDC/Src/usbd_cdc.c.obj
                0x0800af74                USBD_CDC_ReceivePacket
 .text.USBD_Init
                0x0800afa6       0x2e CMakeFiles/UF4DigitalPower.elf.dir/Middlewares/ST/STM32_USB_Device_Library/Core/Src/usbd_core.c.obj
                0x0800afa6                USBD_Init
 .text.USBD_RegisterClass
                0x0800afd4       0x2e CMakeFiles/UF4DigitalPower.elf.dir/Middlewares/ST/STM32_USB_Device_Library/Core/Src/usbd_core.c.obj
                0x0800afd4                USBD_RegisterClass
 .text.USBD_Start
                0x0800b002        0x8 CMakeFiles/UF4DigitalPower.elf.dir/Middlewares/ST/STM32_USB_Device_Library/Core/Src/usbd_core.c.obj
                0x0800b002                USBD_Start
 .text.USBD_SetClassConfig
                0x0800b00a       0x12 CMakeFiles/UF4DigitalPower.elf.dir/Middlewares/ST/STM32_USB_Device_Library/Core/Src/usbd_core.c.obj
                0x0800b00a                USBD_SetClassConfig
 .text.USBD_ClrClassConfig
                0x0800b01c       0x10 CMakeFiles/UF4DigitalPower.elf.dir/Middlewares/ST/STM32_USB_Device_Library/Core/Src/usbd_core.c.obj
                0x0800b01c                USBD_ClrClassConfig
 .text.USBD_LL_SetupStage
                0x0800b02c       0x58 CMakeFiles/UF4DigitalPower.elf.dir/Middlewares/ST/STM32_USB_Device_Library/Core/Src/usbd_core.c.obj
                0x0800b02c                USBD_LL_SetupStage
 .text.USBD_LL_DataOutStage
                0x0800b084       0x78 CMakeFiles/UF4DigitalPower.elf.dir/Middlewares/ST/STM32_USB_Device_Library/Core/Src/usbd_core.c.obj
                0x0800b084                USBD_LL_DataOutStage
 .text.USBD_LL_DataInStage
                0x0800b0fc       0xbe CMakeFiles/UF4DigitalPower.elf.dir/Middlewares/ST/STM32_USB_Device_Library/Core/Src/usbd_core.c.obj
                0x0800b0fc                USBD_LL_DataInStage
 .text.USBD_LL_Reset
                0x0800b1ba       0x5a CMakeFiles/UF4DigitalPower.elf.dir/Middlewares/ST/STM32_USB_Device_Library/Core/Src/usbd_core.c.obj
                0x0800b1ba                USBD_LL_Reset
 .text.USBD_LL_SetSpeed
                0x0800b214        0x6 CMakeFiles/UF4DigitalPower.elf.dir/Middlewares/ST/STM32_USB_Device_Library/Core/Src/usbd_core.c.obj
                0x0800b214                USBD_LL_SetSpeed
 .text.USBD_LL_Suspend
                0x0800b21a       0x14 CMakeFiles/UF4DigitalPower.elf.dir/Middlewares/ST/STM32_USB_Device_Library/Core/Src/usbd_core.c.obj
                0x0800b21a                USBD_LL_Suspend
 .text.USBD_LL_Resume
                0x0800b22e       0x1a CMakeFiles/UF4DigitalPower.elf.dir/Middlewares/ST/STM32_USB_Device_Library/Core/Src/usbd_core.c.obj
                0x0800b22e                USBD_LL_Resume
 .text.USBD_LL_SOF
                0x0800b248       0x28 CMakeFiles/UF4DigitalPower.elf.dir/Middlewares/ST/STM32_USB_Device_Library/Core/Src/usbd_core.c.obj
                0x0800b248                USBD_LL_SOF
 .text.USBD_GetLen
                0x0800b270       0x14 CMakeFiles/UF4DigitalPower.elf.dir/Middlewares/ST/STM32_USB_Device_Library/Core/Src/usbd_ctlreq.c.obj
 .text.USBD_SetFeature
                0x0800b284       0x14 CMakeFiles/UF4DigitalPower.elf.dir/Middlewares/ST/STM32_USB_Device_Library/Core/Src/usbd_ctlreq.c.obj
 .text.USBD_ParseSetupRequest
                0x0800b298       0x28 CMakeFiles/UF4DigitalPower.elf.dir/Middlewares/ST/STM32_USB_Device_Library/Core/Src/usbd_ctlreq.c.obj
                0x0800b298                USBD_ParseSetupRequest
 .text.USBD_CtlError
                0x0800b2c0       0x14 CMakeFiles/UF4DigitalPower.elf.dir/Middlewares/ST/STM32_USB_Device_Library/Core/Src/usbd_ctlreq.c.obj
                0x0800b2c0                USBD_CtlError
 .text.USBD_GetDescriptor
                0x0800b2d4      0x1ac CMakeFiles/UF4DigitalPower.elf.dir/Middlewares/ST/STM32_USB_Device_Library/Core/Src/usbd_ctlreq.c.obj
 .text.USBD_SetAddress
                0x0800b480       0x50 CMakeFiles/UF4DigitalPower.elf.dir/Middlewares/ST/STM32_USB_Device_Library/Core/Src/usbd_ctlreq.c.obj
 .text.USBD_SetConfig
                0x0800b4d0       0xc8 CMakeFiles/UF4DigitalPower.elf.dir/Middlewares/ST/STM32_USB_Device_Library/Core/Src/usbd_ctlreq.c.obj
 .text.USBD_GetConfig
                0x0800b598       0x40 CMakeFiles/UF4DigitalPower.elf.dir/Middlewares/ST/STM32_USB_Device_Library/Core/Src/usbd_ctlreq.c.obj
 .text.USBD_GetStatus
                0x0800b5d8       0x38 CMakeFiles/UF4DigitalPower.elf.dir/Middlewares/ST/STM32_USB_Device_Library/Core/Src/usbd_ctlreq.c.obj
 .text.USBD_ClrFeature
                0x0800b610       0x26 CMakeFiles/UF4DigitalPower.elf.dir/Middlewares/ST/STM32_USB_Device_Library/Core/Src/usbd_ctlreq.c.obj
 .text.USBD_StdDevReq
                0x0800b636       0x70 CMakeFiles/UF4DigitalPower.elf.dir/Middlewares/ST/STM32_USB_Device_Library/Core/Src/usbd_ctlreq.c.obj
                0x0800b636                USBD_StdDevReq
 .text.USBD_StdItfReq
                0x0800b6a6       0x68 CMakeFiles/UF4DigitalPower.elf.dir/Middlewares/ST/STM32_USB_Device_Library/Core/Src/usbd_ctlreq.c.obj
                0x0800b6a6                USBD_StdItfReq
 .text.USBD_StdEPReq
                0x0800b70e      0x1ec CMakeFiles/UF4DigitalPower.elf.dir/Middlewares/ST/STM32_USB_Device_Library/Core/Src/usbd_ctlreq.c.obj
                0x0800b70e                USBD_StdEPReq
 .text.USBD_GetString
                0x0800b8fa       0x3a CMakeFiles/UF4DigitalPower.elf.dir/Middlewares/ST/STM32_USB_Device_Library/Core/Src/usbd_ctlreq.c.obj
                0x0800b8fa                USBD_GetString
 .text.USBD_CtlSendData
                0x0800b934       0x1a CMakeFiles/UF4DigitalPower.elf.dir/Middlewares/ST/STM32_USB_Device_Library/Core/Src/usbd_ioreq.c.obj
                0x0800b934                USBD_CtlSendData
 .text.USBD_CtlContinueSendData
                0x0800b94e       0x10 CMakeFiles/UF4DigitalPower.elf.dir/Middlewares/ST/STM32_USB_Device_Library/Core/Src/usbd_ioreq.c.obj
                0x0800b94e                USBD_CtlContinueSendData
 .text.USBD_CtlPrepareRx
                0x0800b95e       0x1e CMakeFiles/UF4DigitalPower.elf.dir/Middlewares/ST/STM32_USB_Device_Library/Core/Src/usbd_ioreq.c.obj
                0x0800b95e                USBD_CtlPrepareRx
 .text.USBD_CtlContinueRx
                0x0800b97c       0x10 CMakeFiles/UF4DigitalPower.elf.dir/Middlewares/ST/STM32_USB_Device_Library/Core/Src/usbd_ioreq.c.obj
                0x0800b97c                USBD_CtlContinueRx
 .text.USBD_CtlSendStatus
                0x0800b98c       0x16 CMakeFiles/UF4DigitalPower.elf.dir/Middlewares/ST/STM32_USB_Device_Library/Core/Src/usbd_ioreq.c.obj
                0x0800b98c                USBD_CtlSendStatus
 .text.USBD_CtlReceiveStatus
                0x0800b9a2       0x16 CMakeFiles/UF4DigitalPower.elf.dir/Middlewares/ST/STM32_USB_Device_Library/Core/Src/usbd_ioreq.c.obj
                0x0800b9a2                USBD_CtlReceiveStatus
 .text.MX_USB_Device_Init
                0x0800b9b8       0x54 CMakeFiles/UF4DigitalPower.elf.dir/USB_Device/App/usb_device.c.obj
                0x0800b9b8                MX_USB_Device_Init
 .text.CDC_DeInit_FS
                0x0800ba0c        0x4 CMakeFiles/UF4DigitalPower.elf.dir/USB_Device/App/usbd_cdc_if.c.obj
 .text.CDC_Control_FS
                0x0800ba10        0x4 CMakeFiles/UF4DigitalPower.elf.dir/USB_Device/App/usbd_cdc_if.c.obj
 .text.CDC_TransmitCplt_FS
                0x0800ba14        0x4 CMakeFiles/UF4DigitalPower.elf.dir/USB_Device/App/usbd_cdc_if.c.obj
 .text.CDC_Receive_FS
                0x0800ba18       0x24 CMakeFiles/UF4DigitalPower.elf.dir/USB_Device/App/usbd_cdc_if.c.obj
 .text.CDC_Init_FS
                0x0800ba3c       0x28 CMakeFiles/UF4DigitalPower.elf.dir/USB_Device/App/usbd_cdc_if.c.obj
 .text.CDC_Transmit_FS
                0x0800ba64       0x2c CMakeFiles/UF4DigitalPower.elf.dir/USB_Device/App/usbd_cdc_if.c.obj
                0x0800ba64                CDC_Transmit_FS
 .text.USBD_CDC_DeviceDescriptor
                0x0800ba90        0xc CMakeFiles/UF4DigitalPower.elf.dir/USB_Device/App/usbd_desc.c.obj
                0x0800ba90                USBD_CDC_DeviceDescriptor
 .text.USBD_CDC_LangIDStrDescriptor
                0x0800ba9c        0xc CMakeFiles/UF4DigitalPower.elf.dir/USB_Device/App/usbd_desc.c.obj
                0x0800ba9c                USBD_CDC_LangIDStrDescriptor
 .text.IntToUnicode
                0x0800baa8       0x46 CMakeFiles/UF4DigitalPower.elf.dir/USB_Device/App/usbd_desc.c.obj
 *fill*         0x0800baee        0x2 
 .text.Get_SerialNum
                0x0800baf0       0x38 CMakeFiles/UF4DigitalPower.elf.dir/USB_Device/App/usbd_desc.c.obj
 .text.USBD_CDC_SerialStrDescriptor
                0x0800bb28       0x14 CMakeFiles/UF4DigitalPower.elf.dir/USB_Device/App/usbd_desc.c.obj
                0x0800bb28                USBD_CDC_SerialStrDescriptor
 .text.USBD_CDC_ProductStrDescriptor
                0x0800bb3c       0x24 CMakeFiles/UF4DigitalPower.elf.dir/USB_Device/App/usbd_desc.c.obj
                0x0800bb3c                USBD_CDC_ProductStrDescriptor
 .text.USBD_CDC_ManufacturerStrDescriptor
                0x0800bb60       0x1c CMakeFiles/UF4DigitalPower.elf.dir/USB_Device/App/usbd_desc.c.obj
                0x0800bb60                USBD_CDC_ManufacturerStrDescriptor
 .text.USBD_CDC_ConfigStrDescriptor
                0x0800bb7c       0x24 CMakeFiles/UF4DigitalPower.elf.dir/USB_Device/App/usbd_desc.c.obj
                0x0800bb7c                USBD_CDC_ConfigStrDescriptor
 .text.USBD_CDC_InterfaceStrDescriptor
                0x0800bba0       0x24 CMakeFiles/UF4DigitalPower.elf.dir/USB_Device/App/usbd_desc.c.obj
                0x0800bba0                USBD_CDC_InterfaceStrDescriptor
 .text.USBD_Get_USB_Status
                0x0800bbc4       0x14 CMakeFiles/UF4DigitalPower.elf.dir/USB_Device/Target/usbd_conf.c.obj
 .text.SystemClockConfig_Resume
                0x0800bbd8        0x8 CMakeFiles/UF4DigitalPower.elf.dir/USB_Device/Target/usbd_conf.c.obj
 .text.HAL_PCD_MspInit
                0x0800bbe0       0x60 CMakeFiles/UF4DigitalPower.elf.dir/USB_Device/Target/usbd_conf.c.obj
                0x0800bbe0                HAL_PCD_MspInit
 .text.HAL_PCD_SetupStageCallback
                0x0800bc40       0x10 CMakeFiles/UF4DigitalPower.elf.dir/USB_Device/Target/usbd_conf.c.obj
                0x0800bc40                HAL_PCD_SetupStageCallback
 .text.HAL_PCD_DataOutStageCallback
                0x0800bc50       0x18 CMakeFiles/UF4DigitalPower.elf.dir/USB_Device/Target/usbd_conf.c.obj
                0x0800bc50                HAL_PCD_DataOutStageCallback
 .text.HAL_PCD_DataInStageCallback
                0x0800bc68       0x16 CMakeFiles/UF4DigitalPower.elf.dir/USB_Device/Target/usbd_conf.c.obj
                0x0800bc68                HAL_PCD_DataInStageCallback
 .text.HAL_PCD_SOFCallback
                0x0800bc7e        0xc CMakeFiles/UF4DigitalPower.elf.dir/USB_Device/Target/usbd_conf.c.obj
                0x0800bc7e                HAL_PCD_SOFCallback
 .text.HAL_PCD_ResetCallback
                0x0800bc8a       0x24 CMakeFiles/UF4DigitalPower.elf.dir/USB_Device/Target/usbd_conf.c.obj
                0x0800bc8a                HAL_PCD_ResetCallback
 *fill*         0x0800bcae        0x2 
 .text.HAL_PCD_SuspendCallback
                0x0800bcb0       0x20 CMakeFiles/UF4DigitalPower.elf.dir/USB_Device/Target/usbd_conf.c.obj
                0x0800bcb0                HAL_PCD_SuspendCallback
 .text.HAL_PCD_ResumeCallback
                0x0800bcd0       0x28 CMakeFiles/UF4DigitalPower.elf.dir/USB_Device/Target/usbd_conf.c.obj
                0x0800bcd0                HAL_PCD_ResumeCallback
 .text.USBD_LL_Init
                0x0800bcf8       0x88 CMakeFiles/UF4DigitalPower.elf.dir/USB_Device/Target/usbd_conf.c.obj
                0x0800bcf8                USBD_LL_Init
 .text.USBD_LL_Start
                0x0800bd80       0x10 CMakeFiles/UF4DigitalPower.elf.dir/USB_Device/Target/usbd_conf.c.obj
                0x0800bd80                USBD_LL_Start
 .text.USBD_LL_OpenEP
                0x0800bd90       0x16 CMakeFiles/UF4DigitalPower.elf.dir/USB_Device/Target/usbd_conf.c.obj
                0x0800bd90                USBD_LL_OpenEP
 .text.USBD_LL_CloseEP
                0x0800bda6       0x10 CMakeFiles/UF4DigitalPower.elf.dir/USB_Device/Target/usbd_conf.c.obj
                0x0800bda6                USBD_LL_CloseEP
 .text.USBD_LL_StallEP
                0x0800bdb6       0x10 CMakeFiles/UF4DigitalPower.elf.dir/USB_Device/Target/usbd_conf.c.obj
                0x0800bdb6                USBD_LL_StallEP
 .text.USBD_LL_ClearStallEP
                0x0800bdc6       0x10 CMakeFiles/UF4DigitalPower.elf.dir/USB_Device/Target/usbd_conf.c.obj
                0x0800bdc6                USBD_LL_ClearStallEP
 .text.USBD_LL_IsStallEP
                0x0800bdd6       0x2c CMakeFiles/UF4DigitalPower.elf.dir/USB_Device/Target/usbd_conf.c.obj
                0x0800bdd6                USBD_LL_IsStallEP
 .text.USBD_LL_SetUSBAddress
                0x0800be02       0x10 CMakeFiles/UF4DigitalPower.elf.dir/USB_Device/Target/usbd_conf.c.obj
                0x0800be02                USBD_LL_SetUSBAddress
 .text.USBD_LL_Transmit
                0x0800be12       0x10 CMakeFiles/UF4DigitalPower.elf.dir/USB_Device/Target/usbd_conf.c.obj
                0x0800be12                USBD_LL_Transmit
 .text.USBD_LL_PrepareReceive
                0x0800be22       0x10 CMakeFiles/UF4DigitalPower.elf.dir/USB_Device/Target/usbd_conf.c.obj
                0x0800be22                USBD_LL_PrepareReceive
 .text.USBD_LL_GetRxDataSize
                0x0800be32        0xc CMakeFiles/UF4DigitalPower.elf.dir/USB_Device/Target/usbd_conf.c.obj
                0x0800be32                USBD_LL_GetRxDataSize
 *fill*         0x0800be3e        0x2 
 .text.HAL_PCDEx_LPM_Callback
                0x0800be40       0x48 CMakeFiles/UF4DigitalPower.elf.dir/USB_Device/Target/usbd_conf.c.obj
                0x0800be40                HAL_PCDEx_LPM_Callback
 .text.USBD_static_malloc
                0x0800be88        0x8 CMakeFiles/UF4DigitalPower.elf.dir/USB_Device/Target/usbd_conf.c.obj
                0x0800be88                USBD_static_malloc
 .text.USBD_static_free
                0x0800be90        0x2 CMakeFiles/UF4DigitalPower.elf.dir/USB_Device/Target/usbd_conf.c.obj
                0x0800be90                USBD_static_free
 .text.memset   0x0800be92       0x10 D:/Program Files/STMicroelectronics/STM32CubeCLT_1.16.0/GNU-tools-for-STM32/bin/../lib/gcc/arm-none-eabi/12.3.1/../../../../arm-none-eabi/lib/thumb/v7e-m+fp/hard\libg.a(libc_a-memset.o)
                0x0800be92                memset
 *fill*         0x0800bea2        0x2 
 .text.__libc_init_array
                0x0800bea4       0x48 D:/Program Files/STMicroelectronics/STM32CubeCLT_1.16.0/GNU-tools-for-STM32/bin/../lib/gcc/arm-none-eabi/12.3.1/../../../../arm-none-eabi/lib/thumb/v7e-m+fp/hard\libg.a(libc_a-init.o)
                0x0800bea4                __libc_init_array
 .text.__retarget_lock_acquire_recursive
                0x0800beec        0x2 D:/Program Files/STMicroelectronics/STM32CubeCLT_1.16.0/GNU-tools-for-STM32/bin/../lib/gcc/arm-none-eabi/12.3.1/../../../../arm-none-eabi/lib/thumb/v7e-m+fp/hard\libg.a(libc_a-lock.o)
                0x0800beec                __retarget_lock_acquire_recursive
 .text.__retarget_lock_release_recursive
                0x0800beee        0x2 D:/Program Files/STMicroelectronics/STM32CubeCLT_1.16.0/GNU-tools-for-STM32/bin/../lib/gcc/arm-none-eabi/12.3.1/../../../../arm-none-eabi/lib/thumb/v7e-m+fp/hard\libg.a(libc_a-lock.o)
                0x0800beee                __retarget_lock_release_recursive
 .text.memcpy   0x0800bef0       0x1c D:/Program Files/STMicroelectronics/STM32CubeCLT_1.16.0/GNU-tools-for-STM32/bin/../lib/gcc/arm-none-eabi/12.3.1/../../../../arm-none-eabi/lib/thumb/v7e-m+fp/hard\libg.a(libc_a-memcpy-stub.o)
                0x0800bef0                memcpy
 .text.startup.register_fini
                0x0800bf0c       0x14 D:/Program Files/STMicroelectronics/STM32CubeCLT_1.16.0/GNU-tools-for-STM32/bin/../lib/gcc/arm-none-eabi/12.3.1/../../../../arm-none-eabi/lib/thumb/v7e-m+fp/hard\libg.a(libc_a-__call_atexit.o)
 .text.atexit   0x0800bf20        0xc D:/Program Files/STMicroelectronics/STM32CubeCLT_1.16.0/GNU-tools-for-STM32/bin/../lib/gcc/arm-none-eabi/12.3.1/../../../../arm-none-eabi/lib/thumb/v7e-m+fp/hard\libg.a(libc_a-atexit.o)
                0x0800bf20                atexit
 .text.__libc_fini_array
                0x0800bf2c       0x28 D:/Program Files/STMicroelectronics/STM32CubeCLT_1.16.0/GNU-tools-for-STM32/bin/../lib/gcc/arm-none-eabi/12.3.1/../../../../arm-none-eabi/lib/thumb/v7e-m+fp/hard\libg.a(libc_a-fini.o)
                0x0800bf2c                __libc_fini_array
 .text.__register_exitproc
                0x0800bf54       0x80 D:/Program Files/STMicroelectronics/STM32CubeCLT_1.16.0/GNU-tools-for-STM32/bin/../lib/gcc/arm-none-eabi/12.3.1/../../../../arm-none-eabi/lib/thumb/v7e-m+fp/hard\libg.a(libc_a-__atexit.o)
                0x0800bf54                __register_exitproc